bun.exe : $ bun run lint && bun run format:check && bun run typecheck && bun 
run build:all
At C:\Users\DELL\AppData\Roaming\npm\bun.ps1:14 char:3
+   & "$basedir/node_modules/bun/bin/bun.exe"   $args
+   ~~~~~~~~~~~~~~~~~~~~~~~~~~~~~~~~~~~~~~~~~~~~~~~~~
    + CategoryInfo          : NotSpecified: ($ bun run lint ...n run build:all 
   :String) [], RemoteException
    + FullyQualifiedErrorId : NativeCommandError
 
$ bun run lint:frontend && bun run lint:backend
$ eslint src

C:\Users\DELL\Downloads\thukiwin-main\Mate2.0-Thuki\src\App.tsx
   440:23  warning  Do not call the 'set' function 'setIsModelPickerOpen' of 'useState' synchronously in an effect. This can lead to unnecessary re-renders and performance issues                                                                                                    @eslint-react/set-state-in-effect
  1359:6   warning  React Hook useCallback has missing dependencies: 'agentMode', 'ask', 'injectMessages', and 'provider.mode'. Either include them or remove the dependency array                                                                                                    @eslint-react/exhaustive-deps
  1390:6   warning  React Hook useEffect has an unnecessary dependency: 'quote.maxContextLength'. Either exclude it or remove the dependency array. Outer scope values like 'quote.maxContextLength' aren't valid dependencies because mutating them doesn't re-render the component  @eslint-react/exhaustive-deps

C:\Users\DELL\Downloads\thukiwin-main\Mate2.0-Thuki\src\components\CapabilityMismatchStrip.tsx
  25:19  warning  Do not use item index in the array as its key  @eslint-react/no-array-index-key

C:\Users\DELL\Downloads\thukiwin-main\Mate2.0-Thuki\src\components\SettingsView.tsx
  128:5  warning  Do not call the 'set' function 'setAgentModel' of 'useState' synchronously in an effect. This can lead to unnecessary re-renders and performance issues    @eslint-react/set-state-in-effect
  129:5  warning  Do not call the 'set' function 'setAgentBaseUrl' of 'useState' synchronously in an effect. This can lead to unnecessary re-renders and performance issues  @eslint-react/set-state-in-effect

C:\Users\DELL\Downloads\thukiwin-main\Mate2.0-Thuki\src\components\ThinkingBlock.tsx
  40:16  warning  Do not use item index in the array as its key  @eslint-react/no-array-index-key

C:\Users\DELL\Downloads\thukiwin-main\Mate2.0-Thuki\src\config\commandArtifacts.ts
  66:159  error  Unexpected comma in middle of array  no-sparse-arrays

C:\Users\DELL\Downloads\thukiwin-main\Mate2.0-Thuki\src\hooks\useTts.ts
  64:25  warning  The setter should be named 'set' followed by the capitalized state variable name, e.g., 'setState' for 'state'  @eslint-react/use-state

C:\Users\DELL\Downloads\thukiwin-main\Mate2.0-Thuki\src\settings\SettingsWindow.tsx
  182:9  error  'handleHide' is assigned a value but never used  @typescript-eslint/no-unused-vars

C:\Users\DELL\Downloads\thukiwin-main\Mate2.0-Thuki\src\settings\components\index.tsx
  198:31  warning  Do not call the 'set' function 'setLocal' of 'useState' synchronously in an effect. This can lead to unnecessary re-renders and performance issues  @eslint-react/set-state-in-effect

C:\Users\DELL\Downloads\thukiwin-main\Mate2.0-Thuki\src\settings\hooks\useSettingsAutoResize.ts
  69:7  warning  Do not call the 'set' function 'setIsClamped' of 'useState' synchronously in an effect. This can lead to unnecessary re-renders and performance issues  @eslint-react/set-state-in-effect

Γ£û 12 problems (2 errors, 10 warnings)

error: script "lint:frontend" exited with code 1
error: script "lint" exited with code 1
error: script "validate-build" exited with code 1
