bun.exe : $ vitest run --coverage && cd src-tauri && cargo +nightly-2026-03-30 
llvm-cov --ignore-filename-regex "(lib|main)\.rs" --fail-under-lines 100
At C:\Users\DELL\AppData\Roaming\npm\bun.ps1:14 char:3
+   & "$basedir/node_modules/bun/bin/bun.exe"   $args
+   ~~~~~~~~~~~~~~~~~~~~~~~~~~~~~~~~~~~~~~~~~~~~~~~~~
    + CategoryInfo          : NotSpecified: ($ vitest run --...under-lines 100 
   :String) [], RemoteException
    + FullyQualifiedErrorId : NativeCommandError
 

[1m[46m RUN [49m[22m [36mv4.1.2 [39m[90mC:/Users/DELL/Downloads/thukiwin-main/Mate2.0-Thuki[39m
      [2mCoverage enabled with [22m[33mv8[39m

(node:16392) ExperimentalWarning: CommonJS module C:\Users\DELL\Downloads\thuki
win-main\Mate2.0-Thuki\node_modules\html-encoding-sniffer\lib\html-encoding-sni
ffer.js is loading ES Module C:\Users\DELL\Downloads\thukiwin-main\Mate2.0-Thuk
i\node_modules\@exodus\bytes\encoding-lite.js using require().
Support for loading ES Module in require() is an experimental feature and 
might change at any time
(Use `node --trace-warnings ...` to show where the warning was created)
(node:18592) ExperimentalWarning: CommonJS module C:\Users\DELL\Downloads\thuki
win-main\Mate2.0-Thuki\node_modules\html-encoding-sniffer\lib\html-encoding-sni
ffer.js is loading ES Module C:\Users\DELL\Downloads\thukiwin-main\Mate2.0-Thuk
i\node_modules\@exodus\bytes\encoding-lite.js using require().
Support for loading ES Module in require() is an experimental feature and 
might change at any time
(Use `node --trace-warnings ...` to show where the warning was created)
(node:27004) ExperimentalWarning: CommonJS module C:\Users\DELL\Downloads\thuki
win-main\Mate2.0-Thuki\node_modules\html-encoding-sniffer\lib\html-encoding-sni
ffer.js is loading ES Module C:\Users\DELL\Downloads\thukiwin-main\Mate2.0-Thuk
i\node_modules\@exodus\bytes\encoding-lite.js using require().
Support for loading ES Module in require() is an experimental feature and 
might change at any time
(Use `node --trace-warnings ...` to show where the warning was created)
(node:24820) ExperimentalWarning: CommonJS module C:\Users\DELL\Downloads\thuki
win-main\Mate2.0-Thuki\node_modules\html-encoding-sniffer\lib\html-encoding-sni
ffer.js is loading ES Module C:\Users\DELL\Downloads\thukiwin-main\Mate2.0-Thuk
i\node_modules\@exodus\bytes\encoding-lite.js using require().
Support for loading ES Module in require() is an experimental feature and 
might change at any time
(Use `node --trace-warnings ...` to show where the warning was created)
(node:12696) ExperimentalWarning: CommonJS module C:\Users\DELL\Downloads\thuki
win-main\Mate2.0-Thuki\node_modules\html-encoding-sniffer\lib\html-encoding-sni
ffer.js is loading ES Module C:\Users\DELL\Downloads\thukiwin-main\Mate2.0-Thuk
i\node_modules\@exodus\bytes\encoding-lite.js using require().
Support for loading ES Module in require() is an experimental feature and 
might change at any time
(Use `node --trace-warnings ...` to show where the warning was created)
(node:1268) ExperimentalWarning: CommonJS module C:\Users\DELL\Downloads\thukiw
in-main\Mate2.0-Thuki\node_modules\html-encoding-sniffer\lib\html-encoding-snif
fer.js is loading ES Module C:\Users\DELL\Downloads\thukiwin-main\Mate2.0-Thuki
\node_modules\@exodus\bytes\encoding-lite.js using require().
Support for loading ES Module in require() is an experimental feature and 
might change at any time
(Use `node --trace-warnings ...` to show where the warning was created)
(node:21996) ExperimentalWarning: CommonJS module C:\Users\DELL\Downloads\thuki
win-main\Mate2.0-Thuki\node_modules\html-encoding-sniffer\lib\html-encoding-sni
ffer.js is loading ES Module C:\Users\DELL\Downloads\thukiwin-main\Mate2.0-Thuk
i\node_modules\@exodus\bytes\encoding-lite.js using require().
Support for loading ES Module in require() is an experimental feature and 
might change at any time
(Use `node --trace-warnings ...` to show where the warning was created)
 [31mΓ¥»[39m src/components/__tests__/Tooltip.test.tsx [2m([22m[2m12 tests[22m[2m | [22m[31m3 failed[39m[2m)[22m[33m 1178[2mms[22m[39m
     [33m[2mΓ£ô[22m[39m renders children without showing tooltip initially [33m 600[2mms[22m[39m
     [32mΓ£ô[39m shows tooltip label on mouse enter[32m 106[2mms[22m[39m
     [32mΓ£ô[39m hides tooltip on mouse leave[32m 83[2mms[22m[39m
     [32mΓ£ô[39m does not mount portal content before first hover (lazy activation)[32m 18[2mms[22m[39m
     [32mΓ£ô[39m renders portal content inside document.body on hover[32m 50[2mms[22m[39m
     [32mΓ£ô[39m remains visible on subsequent hovers after initial activation[32m 64[2mms[22m[39m
     [32mΓ£ô[39m hides tooltip when window regains focus (e.g. after screenshot)[32m 42[2mms[22m[39m
     [32mΓ£ô[39m wraps children in an inline-flex div[32m 6[2mms[22m[39m
[31m     [31m├ù[31m hides on mouseDown so the tooltip does not overlap a popup the click opens[39m[32m 74[2mms[22m[39m
     [32mΓ£ô[39m renders the popup above the trigger when placement="top"[32m 56[2mms[22m[39m
[31m     [31m├ù[31m applies extra className to the wrapper div[39m[32m 17[2mms[22m[39m
[31m     [31m├ù[31m renders multiline tooltips at a fixed 225px width so the box stays directly below the trigger near edges[39m[32m 48[2mms[22m[39m
 [31mΓ¥»[39m src/components/__tests__/CommandSuggestion.test.tsx [2m([22m[2m14 tests[22m[2m | [22m[31m2 failed[39m[2m)[22m[33m 1179[2mms[22m[39m
     [32mΓ£ô[39m shows "No commands found" when commands list is empty[32m 105[2mms[22m[39m
     [32mΓ£ô[39m renders each command trigger and description[32m 100[2mms[22m[39m
     [32mΓ£ô[39m shows the COMMANDS header[32m 16[2mms[22m[39m
     [33m[2mΓ£ô[22m[39m marks the highlighted row as aria-selected [33m 542[2mms[22m[39m
     [32mΓ£ô[39m shows Tab badge only on highlighted row[32m 29[2mms[22m[39m
     [32mΓ£ô[39m shows no Tab badge when nothing is highlighted (index -1)[32m 10[2mms[22m[39m
     [32mΓ£ô[39m calls onSelect with the trigger when a row is clicked (mousedown)[32m 72[2mms[22m[39m
     [32mΓ£ô[39m calls onSelect with the correct trigger when second row is clicked[32m 83[2mms[22m[39m
     [32mΓ£ô[39m renders the listbox with accessible label[32m 41[2mms[22m[39m
     [32mΓ£ô[39m does not throw when highlightedIndex is out of range[32m 12[2mms[22m[39m
     [32mΓ£ô[39m renders an SVG icon for each command row[32m 30[2mms[22m[39m
[31m     [31m├ù[31m renders a distinct icon for /search (not the screen monitor icon)[39m[32m 23[2mms[22m[39m
     [32mΓ£ô[39m renders utility command labels and descriptions[32m 59[2mms[22m[39m
[31m     [31m├ù[31m scrolls the highlighted row into view when keyboard selection changes[39m[32m 41[2mms[22m[39m
 [31mΓ¥»[39m src/hooks/__tests__/useUpdater.test.tsx [2m([22m[2m12 tests[22m[2m | [22m[31m3 failed[39m[2m)[22m[33m 2452[2mms[22m[39m
     [32mΓ£ô[39m loads initial state from get_updater_state[32m 114[2mms[22m[39m
     [32mΓ£ô[39m starts with EMPTY state before first invoke resolves[32m 6[2mms[22m[39m
     [32mΓ£ô[39m checkNow invokes check_for_update and refreshes state[32m 10[2mms[22m[39m
     [32mΓ£ô[39m snoozeChat invokes snooze_update_chat with hours and refreshes[32m 31[2mms[22m[39m
     [32mΓ£ô[39m snoozeSettings invokes snooze_update_settings with hours and refreshes[32m 9[2mms[22m[39m
     [32mΓ£ô[39m install invokes install_update[32m 9[2mms[22m[39m
     [32mΓ£ô[39m updates state when update-available event fires[32m 8[2mms[22m[39m
     [32mΓ£ô[39m unlistens from update-available on unmount without throwing[32m 18[2mms[22m[39m
[31m     [31m├ù[31m fills notes_url fallback when server returns null[39m[33m 1089[2mms[22m[39m
     [32mΓ£ô[39m preserves notes_url when server already supplies it[32m 70[2mms[22m[39m
[31m     [31m├ù[31m fills notes_url fallback when update-available event has null notes_url[39m[33m 1050[2mms[22m[39m
[31m     [31m├ù[31m fills notes_url fallback when checkNow returns null notes_url[39m[32m 21[2mms[22m[39m
 [31mΓ¥»[39m src/components/__tests__/ThinkingBlock.test.tsx [2m([22m[2m17 tests[22m[2m | [22m[31m3 failed[39m[2m)[22m[33m 1850[2mms[22m[39m
     [32mΓ£ô[39m returns null when thinkingContent is empty and no pending state is set[32m 45[2mms[22m[39m
[31m     [31m├ù[31m shows the pending placeholder label before thinking tokens arrive[39m[32m 46[2mms[22m[39m
     [32mΓ£ô[39m does not render a toggle button while pending[32m 14[2mms[22m[39m
[31m     [31m├ù[31m shows a clickable "Thinking..." summary while isThinking[39m[32m 174[2mms[22m[39m
     [32mΓ£ô[39m is collapsed by default, even while thinking[32m 43[2mms[22m[39m
[31m     [31m├ù[31m shows "Thought process" in collapsed state when done[39m[32m 10[2mms[22m[39m
     [33m[2mΓ£ô[22m[39m expands on click to show thinking content [33m 527[2mms[22m[39m
     [32mΓ£ô[39m collapses on second click[32m 79[2mms[22m[39m
     [32mΓ£ô[39m strips "Thinking Process:" from displayed content[32m 80[2mms[22m[39m
     [32mΓ£ô[39m renders thinking content as markdown[32m 85[2mms[22m[39m
     [32mΓ£ô[39m shows Done label with checkmark when expanded after done[32m 68[2mms[22m[39m
     [32mΓ£ô[39m does not show checkmark or Done while thinking[32m 101[2mms[22m[39m
     [32mΓ£ô[39m spins clock icon while isThinking[32m 145[2mms[22m[39m
     [32mΓ£ô[39m does not spin clock icon when done[32m 70[2mms[22m[39m
     [32mΓ£ô[39m sets aria-expanded correctly on the toggle button[32m 57[2mms[22m[39m
     [32mΓ£ô[39m rotates chevron based on expanded state[32m 185[2mms[22m[39m
     [32mΓ£ô[39m renders thinking text in normal color (not grayed out)[32m 101[2mms[22m[39m
 [31mΓ¥»[39m src/view/__tests__/ConversationView.test.tsx [2m([22m[2m36 tests[22m[2m | [22m[31m13 failed[39m[2m)[22m[33m 3352[2mms[22m[39m
     [32mΓ£ô[39m renders ChatBubble for each message[32m 250[2mms[22m[39m
     [32mΓ£ô[39m renders streaming assistant message when isGenerating[32m 65[2mms[22m[39m
     [32mΓ£ô[39m shows TypingIndicator when isGenerating with empty assistant content[32m 56[2mms[22m[39m
     [32mΓ£ô[39m hides TypingIndicator when assistant content arrives[32m 30[2mms[22m[39m
     [33m[2mΓ£ô[22m[39m renders WindowControls with onClose [33m 588[2mms[22m[39m
     [32mΓ£ô[39m renders empty state with no messages (no .chat-bubble elements)[32m 17[2mms[22m[39m
     [32mΓ£ô[39m auto-scroll is skipped when user scrolls up via wheel[32m 46[2mms[22m[39m
     [32mΓ£ô[39m auto-scroll re-enables when a new user message is added[32m 61[2mms[22m[39m
     [32mΓ£ô[39m auto-scroll stays disabled when assistant message is finalized[32m 84[2mms[22m[39m
     [32mΓ£ô[39m auto-scroll re-enables when user scrolls back to bottom via wheel[32m 59[2mms[22m[39m
     [32mΓ£ô[39m auto-scroll stays disabled when user scrolls down but not near bottom[32m 75[2mms[22m[39m
     [32mΓ£ô[39m wheel with deltaY 0 does not change auto-scroll state[32m 49[2mms[22m[39m
       [32mΓ£ô[39m renders History button when onHistoryOpen is provided[32m 206[2mms[22m[39m
       [32mΓ£ô[39m does not render History button when onHistoryOpen is not provided[32m 70[2mms[22m[39m
       [32mΓ£ô[39m calls onHistoryOpen when History button is clicked[32m 127[2mms[22m[39m
       [32mΓ£ô[39m renders Save button when onSave is provided[32m 140[2mms[22m[39m
       [32mΓ£ô[39m calls onSave when Save button is clicked[32m 88[2mms[22m[39m
       [32mΓ£ô[39m Save button is disabled when canSave is false[32m 140[2mms[22m[39m
       [32mΓ£ô[39m Save button is enabled (for unsave) when isSaved is true[32m 87[2mms[22m[39m
[31m       [31m├ù[31m renders the /think pending placeholder before thinking tokens arrive[39m[32m 99[2mms[22m[39m
       [32mΓ£ô[39m renders ThinkingBlock when assistant message has thinkingContent[32m 49[2mms[22m[39m
[31m       [31m├ù[31m renders ChatBubble (not null) when thinking but no content yet during generation[39m[32m 53[2mms[22m[39m
       [32mΓ£ô[39m does not show TypingIndicator when assistant has thinkingContent but no content[32m 26[2mms[22m[39m
     [32mΓ£ô[39m renders multiple messages correctly (10 messages)[32m 287[2mms[22m[39m
[31m       [31m├ù[31m renders the loading label next to the dots while analyzing query[39m[32m 46[2mms[22m[39m
[31m       [31m├ù[31m renders the loading label as "Searching the web" when searching[39m[32m 68[2mms[22m[39m
[31m       [31m├ù[31m renders refining_search with attempt counter[39m[32m 36[2mms[22m[39m
       [32mΓ£ô[39m shows dots only (no label) when searchStage is null[32m 126[2mms[22m[39m
[31m       [31m├ù[31m renders reading_sources with gap label in gap round[39m[32m 43[2mms[22m[39m
[31m       [31m├ù[31m renders composing with gap label in gap round[39m[32m 63[2mms[22m[39m
[31m       [31m├ù[31m renders the loading label as "Searching more angles" when searching with gap[39m[32m 37[2mms[22m[39m
[31m       [31m├ù[31m renders reading_sources without gap label in initial round[39m[32m 50[2mms[22m[39m
[31m       [31m├ù[31m renders composing without gap label in initial round[39m[32m 45[2mms[22m[39m
[31m       [31m├ù[31m renders SearchTraceBlock immediately when fromSearch=true during generation (no traces yet)[39m[32m 25[2mms[22m[39m
[31m       [31m├ù[31m threads searchTraces from message to SearchTraceBlock[39m[32m 25[2mms[22m[39m
[31m       [31m├ù[31m hides external LoadingStage for search turns (SearchTraceBlock takes over)[39m[32m 23[2mms[22m[39m
 [31mΓ¥»[39m src/components/__tests__/ChatBubble.test.tsx [2m([22m[2m87 tests[22m[2m | [22m[31m35 failed[39m[2m)[22m[33m 3967[2mms[22m[39m
       [32mΓ£ô[39m renders user message content as plain text[32m 106[2mms[22m[39m
       [32mΓ£ô[39m applies user styling (chat-bubble-user class)[32m 17[2mms[22m[39m
       [32mΓ£ô[39m does not render markdown for user messages (** shows as text, no <strong>)[32m 19[2mms[22m[39m
       [33m[2mΓ£ô[22m[39m shows copy button for user messages [33m 428[2mms[22m[39m
       [32mΓ£ô[39m right-aligns user messages (justify-end class)[32m 27[2mms[22m[39m
       [32mΓ£ô[39m renders assistant content via MarkdownRenderer (** becomes bold)[32m 94[2mms[22m[39m
       [32mΓ£ô[39m renders as plain text without a bubble wrapper (no chat-bubble-ai class)[32m 24[2mms[22m[39m
       [32mΓ£ô[39m is not width-constrained (no max-w-[80%] on wrapper)[32m 18[2mms[22m[39m
       [32mΓ£ô[39m shows copy button for assistant messages[32m 86[2mms[22m[39m
       [32mΓ£ô[39m left-aligns assistant messages (justify-start class)[32m 30[2mms[22m[39m
       [32mΓ£ô[39m renders quote block when quotedText is provided for user messages[32m 21[2mms[22m[39m
       [32mΓ£ô[39m does not render quote block when quotedText is not provided[32m 9[2mms[22m[39m
       [32mΓ£ô[39m does not render quote block for assistant messages even if quotedText is passed[32m 14[2mms[22m[39m
       [32mΓ£ô[39m preserves line breaks in quoted text via whitespace-pre-wrap[32m 10[2mms[22m[39m
       [32mΓ£ô[39m renders ImageThumbnails when imagePaths and onImagePreview are provided[32m 116[2mms[22m[39m
       [32mΓ£ô[39m does not render ImageThumbnails when imagePaths is not provided[32m 12[2mms[22m[39m
       [32mΓ£ô[39m does not render ImageThumbnails when imagePaths is empty[32m 27[2mms[22m[39m
       [32mΓ£ô[39m does not render ImageThumbnails when onImagePreview is not provided[32m 9[2mms[22m[39m
       [32mΓ£ô[39m renders images but no text span when content is empty[32m 117[2mms[22m[39m
       [32mΓ£ô[39m preserves newlines in user message content via whitespace-pre-wrap[32m 10[2mms[22m[39m
       [32mΓ£ô[39m preserves indentation in user message content via whitespace-pre-wrap[32m 11[2mms[22m[39m
       [32mΓ£ô[39m styles a leading /screen command[32m 15[2mms[22m[39m
       [32mΓ£ô[39m styles a leading /think command[32m 11[2mms[22m[39m
       [32mΓ£ô[39m styles multiple commands anywhere in the text[32m 57[2mms[22m[39m
       [32mΓ£ô[39m styles a command in the middle of text[32m 10[2mms[22m[39m
       [32mΓ£ô[39m does not style partial matches like /screensaver[32m 16[2mms[22m[39m
       [32mΓ£ô[39m renders plain text when no commands are present[32m 36[2mms[22m[39m
       [32mΓ£ô[39m handles a command at the end of text[32m 30[2mms[22m[39m
       [32mΓ£ô[39m has max-width constraint (max-w-[80%])[32m 34[2mms[22m[39m
       [32mΓ£ô[39m renders ThinkingBlock for AI message with thinkingContent[32m 30[2mms[22m[39m
       [32mΓ£ô[39m does not render ThinkingBlock for AI message without thinkingContent[32m 20[2mms[22m[39m
[31m       [31m├ù[31m renders the pending /think placeholder before thinking tokens arrive[39m[32m 76[2mms[22m[39m
       [32mΓ£ô[39m does not render ThinkingBlock for user message even with thinkingContent[32m 13[2mms[22m[39m
[31m       [31m├ù[31m shows "Thinking..." state when isThinking is true[39m[32m 60[2mms[22m[39m
       [32mΓ£ô[39m renders ErrorCard instead of MarkdownRenderer when errorKind is set[32m 25[2mms[22m[39m
       [32mΓ£ô[39m does not render MarkdownRenderer when errorKind is set[32m 16[2mms[22m[39m
       [32mΓ£ô[39m renders MarkdownRenderer when errorKind is absent[32m 16[2mms[22m[39m
[31m       [31m├ù[31m does not render the sources list by default; trigger button shows count[39m[33m 445[2mms[22m[39m
[31m       [31m├ù[31m toggling the trigger expands and collapses the sources list[39m[32m 249[2mms[22m[39m
[31m       [31m├ù[31m renders source rows with numbered position, title, domain, and title-only tooltip[39m[32m 31[2mms[22m[39m
[31m       [31m├ù[31m falls back to URL text when title is empty[39m[32m 15[2mms[22m[39m
[31m       [31m├ù[31m invokes open_url with the source URL when a row is clicked[39m[32m 10[2mms[22m[39m
       [32mΓ£ô[39m does not render sources section when searchSources is absent[32m 79[2mms[22m[39m
       [32mΓ£ô[39m does not render sources section when searchSources is empty[32m 60[2mms[22m[39m
[31m       [31m├ù[31m strips www. prefix from domain in row display[39m[32m 20[2mms[22m[39m
[31m       [31m├ù[31m falls back to raw URL for unparseable source URLs in row display[39m[32m 12[2mms[22m[39m
       [32mΓ£ô[39m does not render sources during streaming[32m 23[2mms[22m[39m
[31m       [31m├ù[31m renders up to three letter avatars in the trigger[39m[32m 32[2mms[22m[39m
[31m       [31m├ù[31m shows the correct singular/plural count in the trigger label[39m[32m 25[2mms[22m[39m
[31m       [31m├ù[31m generates a deterministic avatar color from the source domain[39m[32m 17[2mms[22m[39m
[31m       [31m├ù[31m renders first letter uppercased for each avatar[39m[32m 22[2mms[22m[39m
[31m       [31m├ù[31m verifies avatar letter uses either domain first char or fallback[39m[32m 12[2mms[22m[39m
[31m       [31m├ù[31m renders the warning icon beside Sources when message has searchWarnings[39m[32m 213[2mms[22m[39m
[31m       [31m├ù[31m renders the warning icon even when there are no sources[39m[32m 217[2mms[22m[39m
       [32mΓ£ô[39m does not render the warning icon when searchWarnings is absent[32m 41[2mms[22m[39m
       [32mΓ£ô[39m does not render the warning icon when searchWarnings is empty[32m 20[2mms[22m[39m
[31m       [31m├ù[31m applies search-bubble--error class when any warning is error-severity[39m[32m 15[2mms[22m[39m
[31m       [31m├ù[31m does not apply search-bubble--error class for warn-severity warnings[39m[32m 26[2mms[22m[39m
[31m       [31m├ù[31m does not apply search-bubble--error class when no warnings[39m[32m 22[2mms[22m[39m
[31m       [31m├ù[31m wraps plain-text [N] citations in anchor elements with data-url[39m[32m 39[2mms[22m[39m
[31m       [31m├ù[31m skips [N] markers that reference a source index past the end of the array[39m[32m 17[2mms[22m[39m
[31m       [31m├ù[31m does not re-wrap on re-render (idempotent)[39m[32m 28[2mms[22m[39m
       [32mΓ£ô[39m leaves content untouched when searchSources is absent[32m 61[2mms[22m[39m
       [32mΓ£ô[39m leaves content untouched when searchSources is empty[32m 13[2mms[22m[39m
[31m       [31m├ù[31m toggles data-active-citation on the bubble when a citation is hovered[39m[32m 44[2mms[22m[39m
[31m       [31m├ù[31m toggles data-active-citation when a source row is hovered[39m[32m 17[2mms[22m[39m
[31m       [31m├ù[31m opens the URL via open_url when a citation is clicked[39m[32m 20[2mms[22m[39m
[31m       [31m├ù[31m wraps citation at the very start of text and handles text ending in citation[39m[32m 22[2mms[22m[39m
       [32mΓ£ô[39m does not wrap citations that point past the source array[32m 13[2mms[22m[39m
[31m       [31m├ù[31m falls back to URL for citation title when source has empty title[39m[32m 12[2mms[22m[39m
[31m       [31m├ù[31m mouse events on non-citation targets do not toggle the active attribute[39m[32m 17[2mms[22m[39m
       [32mΓ£ô[39m renders SandboxSetupCard when sandboxUnavailable is true[32m 26[2mms[22m[39m
       [32mΓ£ô[39m does not render MarkdownRenderer when sandboxUnavailable is true[32m 24[2mms[22m[39m
[31m       [31m├ù[31m does not render ErrorCard when sandboxUnavailable is true[39m[32m 29[2mms[22m[39m
[31m       [31m├ù[31m hides the action bar (copy button / sources) when sandboxUnavailable[39m[32m 87[2mms[22m[39m
       [32mΓ£ô[39m does not render SearchTraceBlock when no searchTraces and not searching[32m 18[2mms[22m[39m
[31m       [31m├ù[31m renders SearchTraceBlock when searchTraces has items[39m[32m 14[2mms[22m[39m
[31m       [31m├ù[31m renders SearchTraceBlock in loading state when isSearching with no traces[39m[32m 16[2mms[22m[39m
[31m       [31m├ù[31m renders SearchTraceBlock above thinking block[39m[32m 24[2mms[22m[39m
[31m       [31m├ù[31m renders the attribution chip when modelName is provided on assistant messages[39m[32m 16[2mms[22m[39m
       [32mΓ£ô[39m does not render the attribution chip when modelName is absent[32m 20[2mms[22m[39m
       [32mΓ£ô[39m does not render the attribution chip on user messages even with modelName[32m 7[2mms[22m[39m
       [32mΓ£ô[39m does not render the attribution chip when the message is an error callout[32m 7[2mms[22m[39m
       [32mΓ£ô[39m does not render the attribution chip when sandbox is unavailable[32m 28[2mms[22m[39m
       [32mΓ£ô[39m does not render the attribution chip while the assistant is still streaming[32m 18[2mms[22m[39m
[31m       [31m├ù[31m hides leaked special tokens from assistant markdown output[39m[32m 25[2mms[22m[39m
       [32mΓ£ô[39m does not scrub user content (markers passed through verbatim)[32m 9[2mms[22m[39m
(node:25688) ExperimentalWarning: CommonJS module C:\Users\DELL\Downloads\thuki
win-main\Mate2.0-Thuki\node_modules\html-encoding-sniffer\lib\html-encoding-sni
ffer.js is loading ES Module C:\Users\DELL\Downloads\thukiwin-main\Mate2.0-Thuk
i\node_modules\@exodus\bytes\encoding-lite.js using require().
Support for loading ES Module in require() is an experimental feature and 
might change at any time
(Use `node --trace-warnings ...` to show where the warning was created)
(node:5232) ExperimentalWarning: CommonJS module C:\Users\DELL\Downloads\thukiw
in-main\Mate2.0-Thuki\node_modules\html-encoding-sniffer\lib\html-encoding-snif
fer.js is loading ES Module C:\Users\DELL\Downloads\thukiwin-main\Mate2.0-Thuki
\node_modules\@exodus\bytes\encoding-lite.js using require().
Support for loading ES Module in require() is an experimental feature and 
might change at any time
(Use `node --trace-warnings ...` to show where the warning was created)
 [31mΓ¥»[39m src/view/__tests__/AskBarView.test.tsx [2m([22m[2m93 tests[22m[2m | [22m[31m9 failed[39m[2m)[22m[33m 6553[2mms[22m[39m
     [32mΓ£ô[39m renders textarea with placeholder for input bar mode[32m 169[2mms[22m[39m
     [32mΓ£ô[39m renders textarea with chat mode placeholder[32m 36[2mms[22m[39m
     [32mΓ£ô[39m calls setQuery on textarea change[32m 65[2mms[22m[39m
     [32mΓ£ô[39m disables textarea during generation[32m 44[2mms[22m[39m
     [32mΓ£ô[39m calls onSubmit on Enter key[32m 46[2mms[22m[39m
     [32mΓ£ô[39m does not submit on Shift+Enter[32m 29[2mms[22m[39m
     [33m[2mΓ£ô[22m[39m calls onSubmit on button click [33m 530[2mms[22m[39m
[31m     [31m├ù[31m shows logo at 40px in input bar mode (w-10 h-10 rounded-xl classes)[39m[32m 42[2mms[22m[39m
     [32mΓ£ô[39m shows logo at 24px in chat mode (w-6 h-6 rounded-lg classes)[32m 25[2mms[22m[39m
     [32mΓ£ô[39m shows send button with accessible label[32m 164[2mms[22m[39m
     [32mΓ£ô[39m renders a model picker trigger in ask-bar mode when models are available[32m 108[2mms[22m[39m
     [32mΓ£ô[39m hides model picker trigger in chat mode (trigger moves to WindowControls header)[32m 71[2mms[22m[39m
     [32mΓ£ô[39m calls onModelPickerToggle when the Choose model button is clicked[32m 105[2mms[22m[39m
     [32mΓ£ô[39m sets aria-expanded on model picker trigger from isModelPickerOpen prop[32m 103[2mms[22m[39m
     [32mΓ£ô[39m renders the model picker inside a Choose model tooltip wrapper in ask-bar mode[32m 126[2mms[22m[39m
     [32mΓ£ô[39m still shows the model picker trigger in ask-bar mode with no models so users can recover via the picker[32m 146[2mms[22m[39m
     [32mΓ£ô[39m hides the model picker trigger in ask-bar mode when onModelPickerToggle is not provided (Ollama unreachable)[32m 64[2mms[22m[39m
     [32mΓ£ô[39m displays selectedText when provided[32m 34[2mms[22m[39m
     [32mΓ£ô[39m hides context area when no selectedText[32m 16[2mms[22m[39m
     [32mΓ£ô[39m shows stop button with accessible label during generation[32m 135[2mms[22m[39m
     [32mΓ£ô[39m calls onCancel when stop button is clicked[32m 81[2mms[22m[39m
     [32mΓ£ô[39m applies spinning ring class to stop button[32m 75[2mms[22m[39m
     [32mΓ£ô[39m does not call onSubmit when stop button is clicked during generation[32m 121[2mms[22m[39m
     [32mΓ£ô[39m displays selectedText with whitespace-pre-wrap class[32m 16[2mms[22m[39m
       [32mΓ£ô[39m renders history icon button in ask-bar mode when onHistoryOpen is provided[32m 157[2mms[22m[39m
       [32mΓ£ô[39m does not render history icon button in chat mode[32m 138[2mms[22m[39m
       [32mΓ£ô[39m calls onHistoryOpen when history button is clicked[32m 104[2mms[22m[39m
       [32mΓ£ô[39m renders image thumbnails when attachedImages is non-empty[32m 77[2mms[22m[39m
       [32mΓ£ô[39m does not render thumbnails when attachedImages is empty[32m 13[2mms[22m[39m
       [32mΓ£ô[39m enables submit button when images are attached even without text[32m 118[2mms[22m[39m
       [32mΓ£ô[39m calls onImagePreview when thumbnail is clicked[32m 169[2mms[22m[39m
       [32mΓ£ô[39m calls onImageRemove when remove button is clicked[32m 113[2mms[22m[39m
       [32mΓ£ô[39m applies violet ring when isDragOver is "normal"[32m 10[2mms[22m[39m
       [32mΓ£ô[39m does not apply ring when isDragOver is undefined[32m 16[2mms[22m[39m
       [32mΓ£ô[39m applies red ring when isDragOver is "max"[32m 20[2mms[22m[39m
       [32mΓ£ô[39m shows "Max 3 images" label when isDragOver is "max"[32m 26[2mms[22m[39m
       [32mΓ£ô[39m does not show max label when isDragOver is "normal"[32m 14[2mms[22m[39m
         [32mΓ£ô[39m shows error message when paste attempted at max images[32m 122[2mms[22m[39m
         [32mΓ£ô[39m paste error message auto-dismisses after 2 seconds[32m 92[2mms[22m[39m
         [32mΓ£ô[39m does not show paste error when pasting non-image content at max images[32m 35[2mms[22m[39m
       [32mΓ£ô[39m calls onImagesAttached on paste with image[32m 20[2mms[22m[39m
       [32mΓ£ô[39m does not call onImagesAttached on paste with text only[32m 28[2mms[22m[39m
       [32mΓ£ô[39m ignores paste when clipboard has no items[32m 16[2mms[22m[39m
       [32mΓ£ô[39m ignores paste when generating[32m 12[2mms[22m[39m
       [32mΓ£ô[39m skips image items where getAsFile returns null[32m 38[2mms[22m[39m
       [32mΓ£ô[39m respects max image limit during paste[32m 57[2mms[22m[39m
       [32mΓ£ô[39m renders screenshot button with correct aria-label[32m 75[2mms[22m[39m
       [32mΓ£ô[39m calls onScreenshot when clicked[32m 132[2mms[22m[39m
       [32mΓ£ô[39m is disabled while generating[32m 78[2mms[22m[39m
       [32mΓ£ô[39m is disabled while submit is pending[32m 96[2mms[22m[39m
       [32mΓ£ô[39m is disabled when max images are already attached[32m 247[2mms[22m[39m
       [32mΓ£ô[39m is enabled when fewer than max images are attached[32m 106[2mms[22m[39m
       [32mΓ£ô[39m renders in chat mode[32m 82[2mms[22m[39m
       [32mΓ£ô[39m has no hover classes when max images are attached[32m 152[2mms[22m[39m
[31m       [31m├ù[31m has hover classes when below max images[39m[32m 113[2mms[22m[39m
       [32mΓ£ô[39m shows tooltip explaining limit when camera button is hovered at max images[32m 149[2mms[22m[39m
       [32mΓ£ô[39m does not show max-images tooltip when below max images[32m 19[2mms[22m[39m
       [32mΓ£ô[39m shows screenshot tooltip on hover when below max images[32m 90[2mms[22m[39m
       [32mΓ£ô[39m shows stop button when isSubmitPending is true[32m 122[2mms[22m[39m
       [32mΓ£ô[39m disables textarea when isSubmitPending is true[32m 14[2mms[22m[39m
       [32mΓ£ô[39m ignores paste when isSubmitPending[32m 16[2mms[22m[39m
       [32mΓ£ô[39m shows CommandSuggestion when query starts with "/"[32m 74[2mms[22m[39m
       [32mΓ£ô[39m shows CommandSuggestion for partial trigger "/sc"[32m 63[2mms[22m[39m
       [32mΓ£ô[39m does not show CommandSuggestion when query does not start with "/"[32m 15[2mms[22m[39m
       [32mΓ£ô[39m does not show CommandSuggestion when query has a space after the trigger[32m 29[2mms[22m[39m
       [32mΓ£ô[39m does not show CommandSuggestion when busy (generating)[32m 18[2mms[22m[39m
       [32mΓ£ô[39m Tab key calls setQuery with trigger + space when suggestion is visible[32m 19[2mms[22m[39m
       [32mΓ£ô[39m Enter on highlighted row completes the trigger instead of submitting[32m 16[2mms[22m[39m
       [32mΓ£ô[39m Enter submits when query exactly matches the highlighted trigger[32m 19[2mms[22m[39m
       [32mΓ£ô[39m Escape dismisses suggestions without changing query[32m 41[2mms[22m[39m
       [32mΓ£ô[39m ArrowDown moves highlight to next row[32m 233[2mms[22m[39m
       [32mΓ£ô[39m ArrowUp moves highlight to previous row (wraps)[32m 212[2mms[22m[39m
[31m       [31m├ù[31m clicking a suggestion row calls setQuery with trigger + space[39m[32m 162[2mms[22m[39m
       [32mΓ£ô[39m Tab does nothing when suggestions are not shown[32m 15[2mms[22m[39m
       [32mΓ£ô[39m Escape does nothing when suggestions are not shown[32m 32[2mms[22m[39m
       [32mΓ£ô[39m shows "No commands found" when prefix matches nothing[32m 25[2mms[22m[39m
       [32mΓ£ô[39m Enter falls through to submit when suggestion list is empty[32m 51[2mms[22m[39m
       [32mΓ£ô[39m ArrowDown and ArrowUp do nothing when filtered list is empty[32m 53[2mms[22m[39m
       [32mΓ£ô[39m Tab does nothing when filtered list is empty[32m 16[2mms[22m[39m
[31m       [31m├ù[31m renders the capability mismatch strip when message provided[39m[32m 40[2mms[22m[39m
       [32mΓ£ô[39m omits the strip when message is null[32m 20[2mms[22m[39m
[31m       [31m├ù[31m mounts the shake animation branch when shake is true[39m[32m 17[2mms[22m[39m
[31m       [31m├ù[31m keeps the no-shake branch when shake is false[39m[32m 17[2mms[22m[39m
[31m       [31m├ù[31m mirror div renders the query so colored spans show through the textarea[39m[32m 18[2mms[22m[39m
[31m       [31m├ù[31m syncs mirror scrollTop with the textarea so the highlight tracks the caret[39m[32m 18[2mms[22m[39m
       [32mΓ£ô[39m returns a single span when no command trigger is present[32m 10[2mms[22m[39m
       [32mΓ£ô[39m wraps the first valid trigger occurrence in the violet utility class[32m 6[2mms[22m[39m
       [32mΓ£ô[39m only highlights the first occurrence of any given trigger[32m 5[2mms[22m[39m
       [32mΓ£ô[39m does not match a trigger embedded inside a longer word[32m 5[2mms[22m[39m
       [32mΓ£ô[39m returns an empty fragment for an empty string without throwing[32m 3[2mms[22m[39m
[31m       [31m├ù[31m fires when textarea transitions from empty to non-empty[39m[32m 12[2mms[22m[39m
       [32mΓ£ô[39m does not fire on subsequent keystrokes when query is already non-empty[32m 15[2mms[22m[39m
       [32mΓ£ô[39m does not fire when omitted[32m 14[2mms[22m[39m
(node:23832) ExperimentalWarning: CommonJS module C:\Users\DELL\Downloads\thuki
win-main\Mate2.0-Thuki\node_modules\html-encoding-sniffer\lib\html-encoding-sni
ffer.js is loading ES Module C:\Users\DELL\Downloads\thukiwin-main\Mate2.0-Thuk
i\node_modules\@exodus\bytes\encoding-lite.js using require().
Support for loading ES Module in require() is an experimental feature and 
might change at any time
(Use `node --trace-warnings ...` to show where the warning was created)
(node:26664) ExperimentalWarning: CommonJS module C:\Users\DELL\Downloads\thuki
win-main\Mate2.0-Thuki\node_modules\html-encoding-sniffer\lib\html-encoding-sni
ffer.js is loading ES Module C:\Users\DELL\Downloads\thukiwin-main\Mate2.0-Thuk
i\node_modules\@exodus\bytes\encoding-lite.js using require().
Support for loading ES Module in require() is an experimental feature and 
might change at any time
(Use `node --trace-warnings ...` to show where the warning was created)
 [31mΓ¥»[39m src/components/__tests__/SandboxSetupCard.test.tsx [2m([22m[2m5 tests[22m[2m | [22m[31m2 failed[39m[2m)[22m[33m 1164[2mms[22m[39m
     [32mΓ£ô[39m renders the setup card with testid[32m 175[2mms[22m[39m
     [32mΓ£ô[39m shows "Search service is offline" as the title[32m 64[2mms[22m[39m
[31m     [31m├ù[31m shows the setup message and button[39m[33m 711[2mms[22m[39m
[31m     [31m├ù[31m invokes open_url when the button is clicked[39m[32m 172[2mms[22m[39m
     [32mΓ£ô[39m renders the amber warning bar[32m 28[2mms[22m[39m
 [31mΓ¥»[39m src/components/__tests__/TipBar.test.tsx [2m([22m[2m11 tests[22m[2m | [22m[31m1 failed[39m[2m)[22m[33m 828[2mms[22m[39m
     [32mΓ£ô[39m renders the TIP badge[32m 240[2mms[22m[39m
     [32mΓ£ô[39m renders the tip-text span[32m 36[2mms[22m[39m
     [32mΓ£ô[39m renders the strip container[32m 14[2mms[22m[39m
     [32mΓ£ô[39m reveals full tip text after animation completes (tipKey=0)[32m 24[2mms[22m[39m
     [32mΓ£ô[39m handles space characters instantly without flicker[32m 21[2mms[22m[39m
     [32mΓ£ô[39m re-animates and shows new tip after tipKey increments[32m 46[2mms[22m[39m
     [32mΓ£ô[39m cleans up timers on unmount without throwing[32m 12[2mms[22m[39m
     [32mΓ£ô[39m renders as a non-clickable div when the tip is a plain string[32m 44[2mms[22m[39m
     [32mΓ£ô[39m renders as a button and opens the URL via open_url when tip carries a url field[32m 123[2mms[22m[39m
     [32mΓ£ô[39m renders only the friendly text from a linked tip (no raw URL)[32m 222[2mms[22m[39m
[31m     [31m├ù[31m renders nothing when suppressed[39m[32m 28[2mms[22m[39m
(node:26028) ExperimentalWarning: CommonJS module C:\Users\DELL\Downloads\thuki
win-main\Mate2.0-Thuki\node_modules\html-encoding-sniffer\lib\html-encoding-sni
ffer.js is loading ES Module C:\Users\DELL\Downloads\thukiwin-main\Mate2.0-Thuk
i\node_modules\@exodus\bytes\encoding-lite.js using require().
Support for loading ES Module in require() is an experimental feature and 
might change at any time
(Use `node --trace-warnings ...` to show where the warning was created)
(node:23088) ExperimentalWarning: CommonJS module C:\Users\DELL\Downloads\thuki
win-main\Mate2.0-Thuki\node_modules\html-encoding-sniffer\lib\html-encoding-sni
ffer.js is loading ES Module C:\Users\DELL\Downloads\thukiwin-main\Mate2.0-Thuk
i\node_modules\@exodus\bytes\encoding-lite.js using require().
Support for loading ES Module in require() is an experimental feature and 
might change at any time
(Use `node --trace-warnings ...` to show where the warning was created)
 [31mΓ¥»[39m src/components/__tests__/CapabilityMismatchStrip.test.tsx [2m([22m[2m2 tests[22m[2m | [22m[31m2 failed[39m[2m)[22m[32m 93[2mms[22m[39m
[31m     [31m├ù[31m renders the message verbatim[39m[32m 51[2mms[22m[39m
[31m     [31m├ù[31m exposes role=status for assistive tech[39m[32m 26[2mms[22m[39m
[90mstderr[2m | src/hooks/__tests__/useModelSelection.test.tsx[2m > 
[22m[2museModelSelection[2m > [22m[2mstarts with a null active model 
before the first refresh resolves
[22m[39mAn update to TestComponent inside a test was not wrapped in act(...).

When testing, code that causes React state updates should be wrapped into 
act(...):

act(() => {
  /* fire events that update state */
});
/* assert on the output */

This ensures that you're testing the behavior the user would see in the 
browser. Learn more at https://react.dev/link/wrap-tests-with-act
An update to TestComponent inside a test was not wrapped in act(...).

When testing, code that causes React state updates should be wrapped into 
act(...):

act(() => {
  /* fire events that update state */
});
/* assert on the output */

This ensures that you're testing the behavior the user would see in the 
browser. Learn more at https://react.dev/link/wrap-tests-with-act

 [31mΓ¥»[39m src/hooks/__tests__/useModelSelection.test.tsx [2m([22m[2m18 tests[22m[2m | [22m[31m16 failed[39m[2m)[22m[32m 234[2mms[22m[39m
[31m     [31m├ù[31m loads active and installed models from the backend[39m[32m 69[2mms[22m[39m
[31m     [31m├ù[31m starts with a null active model before the first refresh resolves[39m[32m 15[2mms[22m[39m
[31m     [31m├ù[31m accepts a null active payload from the backend (no model selected)[39m[32m 20[2mms[22m[39m
[31m     [31m├ù[31m marks Ollama unreachable when the backend reports it cannot connect[39m[32m 11[2mms[22m[39m
[31m     [31m├ù[31m persists a new active model and updates local state[39m[32m 10[2mms[22m[39m
[31m     [31m├ù[31m clears available models and marks unreachable when backend fetch rejects[39m[32m 9[2mms[22m[39m
[31m     [31m├ù[31m falls back to empty state when payload shape is invalid[39m[32m 6[2mms[22m[39m
[31m     [31m├ù[31m re-fetches models when refreshModels is called[39m[32m 5[2mms[22m[39m
[31m     [31m├ù[31m rejects null payloads from the backend[39m[32m 10[2mms[22m[39m
[31m     [31m├ù[31m rejects non-object payloads from the backend[39m[32m 6[2mms[22m[39m
[31m     [31m├ù[31m rejects payloads whose `all` array contains non-string entries[39m[32m 5[2mms[22m[39m
[31m     [31m├ù[31m rejects payloads with non-boolean ollamaReachable[39m[32m 5[2mms[22m[39m
[31m     [31m├ù[31m surfaces backend errors and leaves active model unchanged on rejection[39m[32m 21[2mms[22m[39m
[31m     [31m├ù[31m clears active model when a later refresh returns a malformed payload[39m[32m 6[2mms[22m[39m
[31m     [31m├ù[31m drops a stale setActiveModel resolution when a newer call supersedes it[39m[32m 5[2mms[22m[39m
[31m     [31m├ù[31m drops a stale setActiveModel rejection when a newer call supersedes it[39m[32m 5[2mms[22m[39m
     [32mΓ£ô[39m drops a late refresh resolution after unmount[32m 5[2mms[22m[39m
     [32mΓ£ô[39m drops a late refresh rejection after unmount[32m 5[2mms[22m[39m
 [31mΓ¥»[39m src/config/__tests__/commands.test.ts [2m([22m[2m31 tests[22m[2m | [22m[31m1 failed[39m[2m)[22m[32m 60[2mms[22m[39m
     [32mΓ£ô[39m is non-empty[32m 7[2mms[22m[39m
[31m     [31m├ù[31m every entry has non-empty trigger, label, and description[39m[32m 7[2mms[22m[39m
     [32mΓ£ô[39m all triggers start with "/"[32m 1[2mms[22m[39m
     [32mΓ£ô[39m no duplicate triggers[32m 1[2mms[22m[39m
     [32mΓ£ô[39m includes the /screen command[32m 1[2mms[22m[39m
     [32mΓ£ô[39m includes the /search command[32m 1[2mms[22m[39m
     [32mΓ£ô[39m includes the /think command[32m 1[2mms[22m[39m
     [32mΓ£ô[39m includes the /translate command[32m 1[2mms[22m[39m
     [32mΓ£ô[39m includes the /rewrite command[32m 2[2mms[22m[39m
     [32mΓ£ô[39m includes the /tldr command[32m 1[2mms[22m[39m
     [32mΓ£ô[39m includes the /refine command[32m 1[2mms[22m[39m
     [32mΓ£ô[39m includes the /bullets command[32m 1[2mms[22m[39m
     [32mΓ£ô[39m includes the /todos command[32m 1[2mms[22m[39m
     [32mΓ£ô[39m all commands with promptTemplate have $INPUT placeholder[32m 1[2mms[22m[39m
     [32mΓ£ô[39m /translate command template contains $LANG placeholder[32m 1[2mms[22m[39m
     [32mΓ£ô[39m /screen and /think have no promptTemplate[32m 2[2mms[22m[39m
     [32mΓ£ô[39m returns null for commands without a promptTemplate[32m 1[2mms[22m[39m
     [32mΓ£ô[39m returns null for unknown triggers[32m 1[2mms[22m[39m
     [32mΓ£ô[39m uses typed text as $INPUT when no selected text[32m 1[2mms[22m[39m
     [32mΓ£ô[39m uses selected text as $INPUT when typed text is empty[32m 1[2mms[22m[39m
     [32mΓ£ô[39m uses selected text as $INPUT and appends typed text as instruction when both present[32m 1[2mms[22m[39m
     [32mΓ£ô[39m returns null when both typed text and selected text are empty[32m 1[2mms[22m[39m
     [32mΓ£ô[39m /translate parses full language name from typed text[32m 1[2mms[22m[39m
     [32mΓ£ô[39m /translate parses short code from typed text[32m 1[2mms[22m[39m
     [32mΓ£ô[39m /translate with only language code and selected text uses selected text as input[32m 1[2mms[22m[39m
     [32mΓ£ô[39m /translate with no language and selected text leaves $LANG empty[32m 1[2mms[22m[39m
     [32mΓ£ô[39m /translate with only a language code and no selected text returns null[32m 1[2mms[22m[39m
     [32mΓ£ô[39m /tldr populates template correctly[32m 1[2mms[22m[39m
     [32mΓ£ô[39m /refine populates template correctly[32m 1[2mms[22m[39m
     [32mΓ£ô[39m /bullets populates template correctly[32m 1[2mms[22m[39m
     [32mΓ£ô[39m /todos populates template correctly[32m 1[2mms[22m[39m
(node:20452) ExperimentalWarning: CommonJS module C:\Users\DELL\Downloads\thuki
win-main\Mate2.0-Thuki\node_modules\html-encoding-sniffer\lib\html-encoding-sni
ffer.js is loading ES Module C:\Users\DELL\Downloads\thukiwin-main\Mate2.0-Thuk
i\node_modules\@exodus\bytes\encoding-lite.js using require().
Support for loading ES Module in require() is an experimental feature and 
might change at any time
(Use `node --trace-warnings ...` to show where the warning was created)
 [31mΓ¥»[39m src/settings/types.test.ts [2m([22m[2m11 tests[22m[2m | [22m[31m2 failed[39m[2m)[22m[32m 49[2mms[22m[39m
     [32mΓ£ô[39m returns generic message for non-object input[32m 8[2mms[22m[39m
     [32mΓ£ô[39m formats io_error with source string[32m 2[2mms[22m[39m
     [32mΓ£ô[39m falls back to generic I/O wording when io_error lacks source[32m 1[2mms[22m[39m
     [32mΓ£ô[39m formats unknown_section[32m 1[2mms[22m[39m
     [32mΓ£ô[39m formats unknown_field with section.key[32m 1[2mms[22m[39m
     [32mΓ£ô[39m returns explicit type_mismatch message when present[32m 3[2mms[22m[39m
     [32mΓ£ô[39m falls back to default wording when type_mismatch lacks message[32m 1[2mms[22m[39m
     [32mΓ£ô[39m returns parse copy for parse error[32m 1[2mms[22m[39m
     [32mΓ£ô[39m formats seed_failed with source string[32m 2[2mms[22m[39m
[31m     [31m├ù[31m seed_failed without source still produces a usable message[39m[32m 9[2mms[22m[39m
[31m     [31m├ù[31m falls through to message for unknown kinds[39m[32m 2[2mms[22m[39m
(node:16116) ExperimentalWarning: CommonJS module C:\Users\DELL\Downloads\thuki
win-main\Mate2.0-Thuki\node_modules\html-encoding-sniffer\lib\html-encoding-sni
ffer.js is loading ES Module C:\Users\DELL\Downloads\thukiwin-main\Mate2.0-Thuk
i\node_modules\@exodus\bytes\encoding-lite.js using require().
Support for loading ES Module in require() is an experimental feature and 
might change at any time
(Use `node --trace-warnings ...` to show where the warning was created)
(node:12172) ExperimentalWarning: CommonJS module C:\Users\DELL\Downloads\thuki
win-main\Mate2.0-Thuki\node_modules\html-encoding-sniffer\lib\html-encoding-sni
ffer.js is loading ES Module C:\Users\DELL\Downloads\thukiwin-main\Mate2.0-Thuk
i\node_modules\@exodus\bytes\encoding-lite.js using require().
Support for loading ES Module in require() is an experimental feature and 
might change at any time
(Use `node --trace-warnings ...` to show where the warning was created)
 [31mΓ¥»[39m src/config/__tests__/commandArtifacts.test.ts [2m([22m[2m4 tests[22m[2m | [22m[31m4 failed[39m[2m)[22m[32m 34[2mms[22m[39m
[31m     [31m├ù[31m renders docs markdown that matches the checked-in file[39m[32m 10[2mms[22m[39m
[31m     [31m├ù[31m renders prompt appendix that matches the checked-in file[39m[32m 3[2mms[22m[39m
[31m     [31m├ù[31m includes /search in both generated artifacts[39m[32m 2[2mms[22m[39m
[31m     [31m├ù[31m explicitly teaches the model how to answer slash-command questions[39m[32m 2[2mms[22m[39m
(node:24860) ExperimentalWarning: CommonJS module C:\Users\DELL\Downloads\thuki
win-main\Mate2.0-Thuki\node_modules\html-encoding-sniffer\lib\html-encoding-sni
ffer.js is loading ES Module C:\Users\DELL\Downloads\thukiwin-main\Mate2.0-Thuk
i\node_modules\@exodus\bytes\encoding-lite.js using require().
Support for loading ES Module in require() is an experimental feature and 
might change at any time
(Use `node --trace-warnings ...` to show where the warning was created)
(node:8200) ExperimentalWarning: CommonJS module C:\Users\DELL\Downloads\thukiw
in-main\Mate2.0-Thuki\node_modules\html-encoding-sniffer\lib\html-encoding-snif
fer.js is loading ES Module C:\Users\DELL\Downloads\thukiwin-main\Mate2.0-Thuki
\node_modules\@exodus\bytes\encoding-lite.js using require().
Support for loading ES Module in require() is an experimental feature and 
might change at any time
(Use `node --trace-warnings ...` to show where the warning was created)
(node:20980) ExperimentalWarning: CommonJS module C:\Users\DELL\Downloads\thuki
win-main\Mate2.0-Thuki\node_modules\html-encoding-sniffer\lib\html-encoding-sni
ffer.js is loading ES Module C:\Users\DELL\Downloads\thukiwin-main\Mate2.0-Thuk
i\node_modules\@exodus\bytes\encoding-lite.js using require().
Support for loading ES Module in require() is an experimental feature and 
might change at any time
(Use `node --trace-warnings ...` to show where the warning was created)
(node:27504) ExperimentalWarning: CommonJS module C:\Users\DELL\Downloads\thuki
win-main\Mate2.0-Thuki\node_modules\html-encoding-sniffer\lib\html-encoding-sni
ffer.js is loading ES Module C:\Users\DELL\Downloads\thukiwin-main\Mate2.0-Thuk
i\node_modules\@exodus\bytes\encoding-lite.js using require().
Support for loading ES Module in require() is an experimental feature and 
might change at any time
(Use `node --trace-warnings ...` to show where the warning was created)
 [31mΓ¥»[39m src/__tests__/OnboardingView.test.tsx [2m([22m[2m0 test[22m[2m)[22m
 [31mΓ¥»[39m src/settings/SettingsWindow.test.tsx [2m([22m[2m0 test[22m[2m)[22m
 [31mΓ¥»[39m src/settings/tabs/AboutTab.test.tsx [2m([22m[2m0 test[22m[2m)[22m
 [31mΓ¥»[39m src/__tests__/main.test.tsx [2m([22m[2m0 test[22m[2m)[22m
 [31mΓ¥»[39m src/__tests__/App.test.tsx [2m([22m[2m0 test[22m[2m)[22m
 [31mΓ¥»[39m src/settings/tabs/tabs.test.tsx [2m([22m[2m0 test[22m[2m)[22m
(node:27004) ExperimentalWarning: CommonJS module C:\Users\DELL\Downloads\thuki
win-main\Mate2.0-Thuki\node_modules\html-encoding-sniffer\lib\html-encoding-sni
ffer.js is loading ES Module C:\Users\DELL\Downloads\thukiwin-main\Mate2.0-Thuk
i\node_modules\@exodus\bytes\encoding-lite.js using require().
Support for loading ES Module in require() is an experimental feature and 
might change at any time
(Use `node --trace-warnings ...` to show where the warning was created)
 [31mΓ¥»[39m src/view/onboarding/__tests__/index.test.tsx [2m([22m[2m0 test[22m[2m)[22m
(node:13660) ExperimentalWarning: CommonJS module C:\Users\DELL\Downloads\thuki
win-main\Mate2.0-Thuki\node_modules\html-encoding-sniffer\lib\html-encoding-sni
ffer.js is loading ES Module C:\Users\DELL\Downloads\thukiwin-main\Mate2.0-Thuk
i\node_modules\@exodus\bytes\encoding-lite.js using require().
Support for loading ES Module in require() is an experimental feature and 
might change at any time
(Use `node --trace-warnings ...` to show where the warning was created)
(node:23680) ExperimentalWarning: CommonJS module C:\Users\DELL\Downloads\thuki
win-main\Mate2.0-Thuki\node_modules\html-encoding-sniffer\lib\html-encoding-sni
ffer.js is loading ES Module C:\Users\DELL\Downloads\thukiwin-main\Mate2.0-Thuk
i\node_modules\@exodus\bytes\encoding-lite.js using require().
Support for loading ES Module in require() is an experimental feature and 
might change at any time
(Use `node --trace-warnings ...` to show where the warning was created)
(node:22664) ExperimentalWarning: CommonJS module C:\Users\DELL\Downloads\thuki
win-main\Mate2.0-Thuki\node_modules\html-encoding-sniffer\lib\html-encoding-sni
ffer.js is loading ES Module C:\Users\DELL\Downloads\thukiwin-main\Mate2.0-Thuk
i\node_modules\@exodus\bytes\encoding-lite.js using require().
Support for loading ES Module in require() is an experimental feature and 
might change at any time
(Use `node --trace-warnings ...` to show where the warning was created)
(node:348) ExperimentalWarning: CommonJS module C:\Users\DELL\Downloads\thukiwi
n-main\Mate2.0-Thuki\node_modules\html-encoding-sniffer\lib\html-encoding-sniff
er.js is loading ES Module C:\Users\DELL\Downloads\thukiwin-main\Mate2.0-Thuki\
node_modules\@exodus\bytes\encoding-lite.js using require().
Support for loading ES Module in require() is an experimental feature and 
might change at any time
(Use `node --trace-warnings ...` to show where the warning was created)
(node:20468) ExperimentalWarning: CommonJS module C:\Users\DELL\Downloads\thuki
win-main\Mate2.0-Thuki\node_modules\html-encoding-sniffer\lib\html-encoding-sni
ffer.js is loading ES Module C:\Users\DELL\Downloads\thukiwin-main\Mate2.0-Thuk
i\node_modules\@exodus\bytes\encoding-lite.js using require().
Support for loading ES Module in require() is an experimental feature and 
might change at any time
(Use `node --trace-warnings ...` to show where the warning was created)
(node:368) ExperimentalWarning: CommonJS module C:\Users\DELL\Downloads\thukiwi
n-main\Mate2.0-Thuki\node_modules\html-encoding-sniffer\lib\html-encoding-sniff
er.js is loading ES Module C:\Users\DELL\Downloads\thukiwin-main\Mate2.0-Thuki\
node_modules\@exodus\bytes\encoding-lite.js using require().
Support for loading ES Module in require() is an experimental feature and 
might change at any time
(Use `node --trace-warnings ...` to show where the warning was created)
 [31mΓ¥»[39m src/view/onboarding/__tests__/IntroStep.test.tsx [2m([22m[2m0 test[22m[2m)[22m
 [31mΓ¥»[39m src/view/onboarding/__tests__/ModelCheckStep.test.tsx [2m([22m[2m0 test[22m[2m)[22m
(node:25928) ExperimentalWarning: CommonJS module C:\Users\DELL\Downloads\thuki
win-main\Mate2.0-Thuki\node_modules\html-encoding-sniffer\lib\html-encoding-sni
ffer.js is loading ES Module C:\Users\DELL\Downloads\thukiwin-main\Mate2.0-Thuk
i\node_modules\@exodus\bytes\encoding-lite.js using require().
Support for loading ES Module in require() is an experimental feature and 
might change at any time
(Use `node --trace-warnings ...` to show where the warning was created)
 [32mΓ£ô[39m src/components/__tests__/SwitchConfirmation.test.tsx [2m([22m[2m5 tests[22m[2m)[22m[33m 1145[2mms[22m[39m
     [33m[2mΓ£ô[22m[39m renders the default "switch" variant text [33m 681[2mms[22m[39m
 [32mΓ£ô[39m src/settings/components/components.test.tsx [2m([22m[2m44 tests[22m[2m)[22m[33m 2301[2mms[22m[39m
     [33m[2mΓ£ô[22m[39m renders the `?` info button when helper is provided [33m 665[2mms[22m[39m
 [32mΓ£ô[39m src/components/__tests__/ModelPickerPanel.test.tsx [2m([22m[2m38 tests[22m[2m)[22m[33m 2705[2mms[22m[39m
     [33m[2mΓ£ô[22m[39m shows all models on first render [33m 651[2mms[22m[39m
(node:11968) ExperimentalWarning: CommonJS module C:\Users\DELL\Downloads\thuki
win-main\Mate2.0-Thuki\node_modules\html-encoding-sniffer\lib\html-encoding-sni
ffer.js is loading ES Module C:\Users\DELL\Downloads\thukiwin-main\Mate2.0-Thuk
i\node_modules\@exodus\bytes\encoding-lite.js using require().
Support for loading ES Module in require() is an experimental feature and 
might change at any time
(Use `node --trace-warnings ...` to show where the warning was created)
 [32mΓ£ô[39m src/components/__tests__/HistoryPanel.test.tsx [2m([22m[2m22 tests[22m[2m)[22m[33m 3986[2mms[22m[39m
     [33m[2mΓ£ô[22m[39m calls onLoadConversation when no current messages [33m 737[2mms[22m[39m
     [33m[2mΓ£ô[22m[39m calls onLoadConversation from SwitchConfirmation Just Switch [33m 303[2mms[22m[39m
     [33m[2mΓ£ô[22m[39m dismisses SwitchConfirmation when Cancel is clicked [33m 316[2mms[22m[39m
(node:27432) ExperimentalWarning: CommonJS module C:\Users\DELL\Downloads\thuki
win-main\Mate2.0-Thuki\node_modules\html-encoding-sniffer\lib\html-encoding-sni
ffer.js is loading ES Module C:\Users\DELL\Downloads\thukiwin-main\Mate2.0-Thuk
i\node_modules\@exodus\bytes\encoding-lite.js using require().
Support for loading ES Module in require() is an experimental feature and 
might change at any time
(Use `node --trace-warnings ...` to show where the warning was created)
 [32mΓ£ô[39m src/components/__tests__/WindowControls.test.tsx [2m([22m[2m19 tests[22m[2m)[22m[33m 1868[2mms[22m[39m
     [33m[2mΓ£ô[22m[39m close button calls onClose when clicked [33m 722[2mms[22m[39m
(node:4512) ExperimentalWarning: CommonJS module C:\Users\DELL\Downloads\thukiw
in-main\Mate2.0-Thuki\node_modules\html-encoding-sniffer\lib\html-encoding-snif
fer.js is loading ES Module C:\Users\DELL\Downloads\thukiwin-main\Mate2.0-Thuki
\node_modules\@exodus\bytes\encoding-lite.js using require().
Support for loading ES Module in require() is an experimental feature and 
might change at any time
(Use `node --trace-warnings ...` to show where the warning was created)
(node:9884) ExperimentalWarning: CommonJS module C:\Users\DELL\Downloads\thukiw
in-main\Mate2.0-Thuki\node_modules\html-encoding-sniffer\lib\html-encoding-snif
fer.js is loading ES Module C:\Users\DELL\Downloads\thukiwin-main\Mate2.0-Thuki
\node_modules\@exodus\bytes\encoding-lite.js using require().
Support for loading ES Module in require() is an experimental feature and 
might change at any time
(Use `node --trace-warnings ...` to show where the warning was created)
 [32mΓ£ô[39m src/components/__tests__/SearchTraceBlock.test.tsx [2m([22m[2m12 tests[22m[2m)[22m[33m 1683[2mms[22m[39m
     [33m[2mΓ£ô[22m[39m renders the placeholder timeline row when expanded before traces arrive [33m 549[2mms[22m[39m
     [33m[2mΓ£ô[22m[39m renders queries, detail text, chips, and transparent URL lists for each step [33m 303[2mms[22m[39m
(node:21192) ExperimentalWarning: CommonJS module C:\Users\DELL\Downloads\thuki
win-main\Mate2.0-Thuki\node_modules\html-encoding-sniffer\lib\html-encoding-sni
ffer.js is loading ES Module C:\Users\DELL\Downloads\thukiwin-main\Mate2.0-Thuk
i\node_modules\@exodus\bytes\encoding-lite.js using require().
Support for loading ES Module in require() is an experimental feature and 
might change at any time
(Use `node --trace-warnings ...` to show where the warning was created)
(node:24076) ExperimentalWarning: CommonJS module C:\Users\DELL\Downloads\thuki
win-main\Mate2.0-Thuki\node_modules\html-encoding-sniffer\lib\html-encoding-sni
ffer.js is loading ES Module C:\Users\DELL\Downloads\thukiwin-main\Mate2.0-Thuk
i\node_modules\@exodus\bytes\encoding-lite.js using require().
Support for loading ES Module in require() is an experimental feature and 
might change at any time
(Use `node --trace-warnings ...` to show where the warning was created)
 [32mΓ£ô[39m src/components/__tests__/MarkdownRenderer.test.tsx [2m([22m[2m21 tests[22m[2m)[22m[33m 1517[2mms[22m[39m
       [33m[2mΓ£ô[22m[39m renders links with correct href [33m 677[2mms[22m[39m
(node:15904) ExperimentalWarning: CommonJS module C:\Users\DELL\Downloads\thuki
win-main\Mate2.0-Thuki\node_modules\html-encoding-sniffer\lib\html-encoding-sni
ffer.js is loading ES Module C:\Users\DELL\Downloads\thukiwin-main\Mate2.0-Thuk
i\node_modules\@exodus\bytes\encoding-lite.js using require().
Support for loading ES Module in require() is an experimental feature and 
might change at any time
(Use `node --trace-warnings ...` to show where the warning was created)
 [32mΓ£ô[39m src/components/__tests__/CopyButton.test.tsx [2m([22m[2m9 tests[22m[2m)[22m[33m 1413[2mms[22m[39m
     [33m[2mΓ£ô[22m[39m calls clipboard.writeText with correct content on click [33m 668[2mms[22m[39m
 [32mΓ£ô[39m src/components/__tests__/ImagePreviewModal.test.tsx [2m([22m[2m13 tests[22m[2m)[22m[33m 976[2mms[22m[39m
       [33m[2mΓ£ô[22m[39m renders a dialog with correct aria attributes [33m 507[2mms[22m[39m
 [32mΓ£ô[39m src/components/__tests__/ImageThumbnails.test.tsx [2m([22m[2m16 tests[22m[2m)[22m[33m 1493[2mms[22m[39m
     [33m[2mΓ£ô[22m[39m renders a list container with correct role and aria-label [33m 613[2mms[22m[39m
 [32mΓ£ô[39m src/components/SearchWarningIcon.test.tsx [2m([22m[2m7 tests[22m[2m)[22m[33m 1160[2mms[22m[39m
     [33m[2mΓ£ô[22m[39m renders warn severity for warn-only warning list [33m 732[2mms[22m[39m
(node:23712) ExperimentalWarning: CommonJS module C:\Users\DELL\Downloads\thuki
win-main\Mate2.0-Thuki\node_modules\html-encoding-sniffer\lib\html-encoding-sni
ffer.js is loading ES Module C:\Users\DELL\Downloads\thukiwin-main\Mate2.0-Thuk
i\node_modules\@exodus\bytes\encoding-lite.js using require().
Support for loading ES Module in require() is an experimental feature and 
might change at any time
(Use `node --trace-warnings ...` to show where the warning was created)
 [32mΓ£ô[39m src/components/__tests__/UpdateBanner.test.tsx [2m([22m[2m6 tests[22m[2m)[22m[33m 1121[2mms[22m[39m
     [33m[2mΓ£ô[22m[39m calls onInstall when Install clicked [33m 614[2mms[22m[39m
(node:20596) ExperimentalWarning: CommonJS module C:\Users\DELL\Downloads\thuki
win-main\Mate2.0-Thuki\node_modules\html-encoding-sniffer\lib\html-encoding-sni
ffer.js is loading ES Module C:\Users\DELL\Downloads\thukiwin-main\Mate2.0-Thuk
i\node_modules\@exodus\bytes\encoding-lite.js using require().
Support for loading ES Module in require() is an experimental feature and 
might change at any time
(Use `node --trace-warnings ...` to show where the warning was created)
(node:25088) ExperimentalWarning: CommonJS module C:\Users\DELL\Downloads\thuki
win-main\Mate2.0-Thuki\node_modules\html-encoding-sniffer\lib\html-encoding-sni
ffer.js is loading ES Module C:\Users\DELL\Downloads\thukiwin-main\Mate2.0-Thuk
i\node_modules\@exodus\bytes\encoding-lite.js using require().
Support for loading ES Module in require() is an experimental feature and 
might change at any time
(Use `node --trace-warnings ...` to show where the warning was created)
(node:25948) ExperimentalWarning: CommonJS module C:\Users\DELL\Downloads\thuki
win-main\Mate2.0-Thuki\node_modules\html-encoding-sniffer\lib\html-encoding-sni
ffer.js is loading ES Module C:\Users\DELL\Downloads\thukiwin-main\Mate2.0-Thuk
i\node_modules\@exodus\bytes\encoding-lite.js using require().
Support for loading ES Module in require() is an experimental feature and 
might change at any time
(Use `node --trace-warnings ...` to show where the warning was created)
 [32mΓ£ô[39m src/components/__tests__/ConversationItem.test.tsx [2m([22m[2m8 tests[22m[2m)[22m[33m 1184[2mms[22m[39m
     [33m[2mΓ£ô[22m[39m calls onSelect with conversation id when clicked [33m 721[2mms[22m[39m
(node:19860) ExperimentalWarning: CommonJS module C:\Users\DELL\Downloads\thuki
win-main\Mate2.0-Thuki\node_modules\html-encoding-sniffer\lib\html-encoding-sni
ffer.js is loading ES Module C:\Users\DELL\Downloads\thukiwin-main\Mate2.0-Thuk
i\node_modules\@exodus\bytes\encoding-lite.js using require().
Support for loading ES Module in require() is an experimental feature and 
might change at any time
(Use `node --trace-warnings ...` to show where the warning was created)
(node:18648) ExperimentalWarning: CommonJS module C:\Users\DELL\Downloads\thuki
win-main\Mate2.0-Thuki\node_modules\html-encoding-sniffer\lib\html-encoding-sni
ffer.js is loading ES Module C:\Users\DELL\Downloads\thukiwin-main\Mate2.0-Thuk
i\node_modules\@exodus\bytes\encoding-lite.js using require().
Support for loading ES Module in require() is an experimental feature and 
might change at any time
(Use `node --trace-warnings ...` to show where the warning was created)
 [32mΓ£ô[39m src/components/__tests__/ModelPicker.test.tsx [2m([22m[2m5 tests[22m[2m)[22m[33m 928[2mms[22m[39m
     [33m[2mΓ£ô[22m[39m renders the Choose model trigger button with chip icon [33m 645[2mms[22m[39m
(node:24188) ExperimentalWarning: CommonJS module C:\Users\DELL\Downloads\thuki
win-main\Mate2.0-Thuki\node_modules\html-encoding-sniffer\lib\html-encoding-sni
ffer.js is loading ES Module C:\Users\DELL\Downloads\thukiwin-main\Mate2.0-Thuk
i\node_modules\@exodus\bytes\encoding-lite.js using require().
Support for loading ES Module in require() is an experimental feature and 
might change at any time
(Use `node --trace-warnings ...` to show where the warning was created)
 [32mΓ£ô[39m src/hooks/__tests__/useOllama.test.tsx [2m([22m[2m44 tests[22m[2m)[22m[33m 520[2mms[22m[39m
 [32mΓ£ô[39m src/settings/components/SaveField.test.tsx [2m([22m[2m4 tests[22m[2m)[22m[33m 887[2mms[22m[39m
     [33m[2mΓ£ô[22m[39m calls set_config_field after the user changes the value [33m 547[2mms[22m[39m
 [32mΓ£ô[39m src/components/__tests__/TypingIndicator.test.tsx [2m([22m[2m9 tests[22m[2m)[22m[33m 338[2mms[22m[39m
 [32mΓ£ô[39m src/components/__tests__/ErrorCard.test.tsx [2m([22m[2m7 tests[22m[2m)[22m[33m 323[2mms[22m[39m
 [32mΓ£ô[39m src/settings/hooks/useConfigSync.test.ts [2m([22m[2m8 tests[22m[2m)[22m[33m 744[2mms[22m[39m
(node:26936) ExperimentalWarning: CommonJS module C:\Users\DELL\Downloads\thuki
win-main\Mate2.0-Thuki\node_modules\html-encoding-sniffer\lib\html-encoding-sni
ffer.js is loading ES Module C:\Users\DELL\Downloads\thukiwin-main\Mate2.0-Thuk
i\node_modules\@exodus\bytes\encoding-lite.js using require().
Support for loading ES Module in require() is an experimental feature and 
might change at any time
(Use `node --trace-warnings ...` to show where the warning was created)
(node:15232) ExperimentalWarning: CommonJS module C:\Users\DELL\Downloads\thuki
win-main\Mate2.0-Thuki\node_modules\html-encoding-sniffer\lib\html-encoding-sni
ffer.js is loading ES Module C:\Users\DELL\Downloads\thukiwin-main\Mate2.0-Thuk
i\node_modules\@exodus\bytes\encoding-lite.js using require().
Support for loading ES Module in require() is an experimental feature and 
might change at any time
(Use `node --trace-warnings ...` to show where the warning was created)
(node:19024) ExperimentalWarning: CommonJS module C:\Users\DELL\Downloads\thuki
win-main\Mate2.0-Thuki\node_modules\html-encoding-sniffer\lib\html-encoding-sni
ffer.js is loading ES Module C:\Users\DELL\Downloads\thukiwin-main\Mate2.0-Thuk
i\node_modules\@exodus\bytes\encoding-lite.js using require().
Support for loading ES Module in require() is an experimental feature and 
might change at any time
(Use `node --trace-warnings ...` to show where the warning was created)
 [32mΓ£ô[39m src/settings/hooks/useDebouncedSave.test.ts [2m([22m[2m22 tests[22m[2m)[22m[32m 230[2mms[22m[39m
(node:21376) ExperimentalWarning: CommonJS module C:\Users\DELL\Downloads\thuki
win-main\Mate2.0-Thuki\node_modules\html-encoding-sniffer\lib\html-encoding-sni
ffer.js is loading ES Module C:\Users\DELL\Downloads\thukiwin-main\Mate2.0-Thuk
i\node_modules\@exodus\bytes\encoding-lite.js using require().
Support for loading ES Module in require() is an experimental feature and 
might change at any time
(Use `node --trace-warnings ...` to show where the warning was created)
(node:24628) ExperimentalWarning: CommonJS module C:\Users\DELL\Downloads\thuki
win-main\Mate2.0-Thuki\node_modules\html-encoding-sniffer\lib\html-encoding-sni
ffer.js is loading ES Module C:\Users\DELL\Downloads\thukiwin-main\Mate2.0-Thuk
i\node_modules\@exodus\bytes\encoding-lite.js using require().
Support for loading ES Module in require() is an experimental feature and 
might change at any time
(Use `node --trace-warnings ...` to show where the warning was created)
(node:13192) ExperimentalWarning: CommonJS module C:\Users\DELL\Downloads\thuki
win-main\Mate2.0-Thuki\node_modules\html-encoding-sniffer\lib\html-encoding-sni
ffer.js is loading ES Module C:\Users\DELL\Downloads\thukiwin-main\Mate2.0-Thuk
i\node_modules\@exodus\bytes\encoding-lite.js using require().
Support for loading ES Module in require() is an experimental feature and 
might change at any time
(Use `node --trace-warnings ...` to show where the warning was created)
[90mstderr[2m | src/hooks/__tests__/useTts.test.tsx[2m > 
[22m[2museTts[2m > [22m[2mreturns empty array on fetch error
[22m[39mFailed to fetch TTS voices: Error: Network error
    at C:/Users/DELL/Downloads/thukiwin-main/Mate2.0-Thuki/src/hooks/__tests__/
useTts.test.tsx:94:38
    at [90mfile:///C:/Users/DELL/Downloads/thukiwin-main/Mate2.0-Thuki/[39mno
de_modules/[4m@vitest[24m/runner/dist/chunk-artifact.js:302:11
    at [90mfile:///C:/Users/DELL/Downloads/thukiwin-main/Mate2.0-Thuki/[39mno
de_modules/[4m@vitest[24m/runner/dist/chunk-artifact.js:1893:26
    at [90mfile:///C:/Users/DELL/Downloads/thukiwin-main/Mate2.0-Thuki/[39mno
de_modules/[4m@vitest[24m/runner/dist/chunk-artifact.js:2316:20
    at new Promise (<anonymous>)
    at runWithCancel [90m(file:///C:/Users/DELL/Downloads/thukiwin-main/Mate2.
0-Thuki/[39mnode_modules/[4m@vitest[24m/runner/dist/chunk-artifact.js:2313:1
0[90m)[39m
    at [90mfile:///C:/Users/DELL/Downloads/thukiwin-main/Mate2.0-Thuki/[39mno
de_modules/[4m@vitest[24m/runner/dist/chunk-artifact.js:2295:20
    at new Promise (<anonymous>)
    at runWithTimeout [90m(file:///C:/Users/DELL/Downloads/thukiwin-main/Mate2
.0-Thuki/[39mnode_modules/[4m@vitest[24m/runner/dist/chunk-artifact.js:2262:
10[90m)[39m
    at [90mfile:///C:/Users/DELL/Downloads/thukiwin-main/Mate2.0-Thuki/[39mno
de_modules/[4m@vitest[24m/runner/dist/chunk-artifact.js:2945:64

 [32mΓ£ô[39m src/hooks/__tests__/useTts.test.tsx [2m([22m[2m19 tests[22m[2m)[22m[32m 270[2mms[22m[39m
(node:19616) ExperimentalWarning: CommonJS module C:\Users\DELL\Downloads\thuki
win-main\Mate2.0-Thuki\node_modules\html-encoding-sniffer\lib\html-encoding-sni
ffer.js is loading ES Module C:\Users\DELL\Downloads\thukiwin-main\Mate2.0-Thuk
i\node_modules\@exodus\bytes\encoding-lite.js using require().
Support for loading ES Module in require() is an experimental feature and 
might change at any time
(Use `node --trace-warnings ...` to show where the warning was created)
 [32mΓ£ô[39m src/hooks/__tests__/useTips.test.tsx [2m([22m[2m12 tests[22m[2m)[22m[32m 185[2mms[22m[39m
[90mstderr[2m | src/hooks/__tests__/useAgentMode.test.ts[2m > 
[22m[2museAgentMode[2m > [22m[2mshould set error state when 
start_agent_mode rejects
[22m[39mFailed to start agent mode: Error: Failed
    at C:/Users/DELL/Downloads/thukiwin-main/Mate2.0-Thuki/src/hooks/__tests__/
useAgentMode.test.ts:58:61
    at Mock [90m(file:///C:/Users/DELL/Downloads/thukiwin-main/Mate2.0-Thuki/
[39mnode_modules/[4m@vitest[24m/spy/dist/index.js:332:34[90m)[39m
    at Object.start (C:/Users/DELL/Downloads/thukiwin-main/Mate2.0-Thuki/src/ho
oks/useAgentMode.ts:159:15)
    at C:/Users/DELL/Downloads/thukiwin-main/Mate2.0-Thuki/src/hooks/__tests__/
useAgentMode.test.ts:65:7

 [32mΓ£ô[39m src/hooks/__tests__/useAgentMode.test.ts [2m([22m[2m10 tests[22m[2m)[22m[32m 197[2mms[22m[39m
 [32mΓ£ô[39m src/hooks/__tests__/useConversationHistory.test.tsx [2m([22m[2m21 tests[22m[2m)[22m[32m 253[2mms[22m[39m
 [32mΓ£ô[39m src/settings/hooks/useSettingsAutoResize.test.ts [2m([22m[2m12 tests[22m[2m)[22m[32m 176[2mms[22m[39m
 [32mΓ£ô[39m src/components/__tests__/UpdateFooterBar.test.tsx [2m([22m[2m6 tests[22m[2m)[22m[32m 276[2mms[22m[39m
(node:19864) ExperimentalWarning: CommonJS module C:\Users\DELL\Downloads\thuki
win-main\Mate2.0-Thuki\node_modules\html-encoding-sniffer\lib\html-encoding-sni
ffer.js is loading ES Module C:\Users\DELL\Downloads\thukiwin-main\Mate2.0-Thuk
i\node_modules\@exodus\bytes\encoding-lite.js using require().
Support for loading ES Module in require() is an experimental feature and 
might change at any time
(Use `node --trace-warnings ...` to show where the warning was created)
(node:11728) ExperimentalWarning: CommonJS module C:\Users\DELL\Downloads\thuki
win-main\Mate2.0-Thuki\node_modules\html-encoding-sniffer\lib\html-encoding-sni
ffer.js is loading ES Module C:\Users\DELL\Downloads\thukiwin-main\Mate2.0-Thuk
i\node_modules\@exodus\bytes\encoding-lite.js using require().
Support for loading ES Module in require() is an experimental feature and 
might change at any time
(Use `node --trace-warnings ...` to show where the warning was created)
(node:26496) ExperimentalWarning: CommonJS module C:\Users\DELL\Downloads\thuki
win-main\Mate2.0-Thuki\node_modules\html-encoding-sniffer\lib\html-encoding-sni
ffer.js is loading ES Module C:\Users\DELL\Downloads\thukiwin-main\Mate2.0-Thuk
i\node_modules\@exodus\bytes\encoding-lite.js using require().
Support for loading ES Module in require() is an experimental feature and 
might change at any time
(Use `node --trace-warnings ...` to show where the warning was created)
 [32mΓ£ô[39m src/hooks/__tests__/useModelCapabilities.test.tsx [2m([22m[2m9 tests[22m[2m)[22m[32m 164[2mms[22m[39m
(node:25348) ExperimentalWarning: CommonJS module C:\Users\DELL\Downloads\thuki
win-main\Mate2.0-Thuki\node_modules\html-encoding-sniffer\lib\html-encoding-sni
ffer.js is loading ES Module C:\Users\DELL\Downloads\thukiwin-main\Mate2.0-Thuk
i\node_modules\@exodus\bytes\encoding-lite.js using require().
Support for loading ES Module in require() is an experimental feature and 
might change at any time
(Use `node --trace-warnings ...` to show where the warning was created)
(node:26992) ExperimentalWarning: CommonJS module C:\Users\DELL\Downloads\thuki
win-main\Mate2.0-Thuki\node_modules\html-encoding-sniffer\lib\html-encoding-sni
ffer.js is loading ES Module C:\Users\DELL\Downloads\thukiwin-main\Mate2.0-Thuk
i\node_modules\@exodus\bytes\encoding-lite.js using require().
Support for loading ES Module in require() is an experimental feature and 
might change at any time
(Use `node --trace-warnings ...` to show where the warning was created)
(node:18192) ExperimentalWarning: CommonJS module C:\Users\DELL\Downloads\thuki
win-main\Mate2.0-Thuki\node_modules\html-encoding-sniffer\lib\html-encoding-sni
ffer.js is loading ES Module C:\Users\DELL\Downloads\thukiwin-main\Mate2.0-Thuk
i\node_modules\@exodus\bytes\encoding-lite.js using require().
Support for loading ES Module in require() is an experimental feature and 
might change at any time
(Use `node --trace-warnings ...` to show where the warning was created)
 [32mΓ£ô[39m src/utils/__tests__/capabilityConflicts.test.ts [2m([22m[2m54 tests[22m[2m)[22m[32m 64[2mms[22m[39m
(node:6856) ExperimentalWarning: CommonJS module C:\Users\DELL\Downloads\thukiw
in-main\Mate2.0-Thuki\node_modules\html-encoding-sniffer\lib\html-encoding-snif
fer.js is loading ES Module C:\Users\DELL\Downloads\thukiwin-main\Mate2.0-Thuki
\node_modules\@exodus\bytes\encoding-lite.js using require().
Support for loading ES Module in require() is an experimental feature and 
might change at any time
(Use `node --trace-warnings ...` to show where the warning was created)
 [32mΓ£ô[39m src/utils/__tests__/relativeTime.test.ts [2m([22m[2m9 tests[22m[2m)[22m[32m 30[2mms[22m[39m
 [32mΓ£ô[39m src/config/searchWarnings.test.ts [2m([22m[2m4 tests[22m[2m)[22m[32m 32[2mms[22m[39m
 [32mΓ£ô[39m src/settings/configHelpers.test.ts [2m([22m[2m2 tests[22m[2m)[22m[32m 32[2mms[22m[39m
 [32mΓ£ô[39m src/config/__tests__/tips.test.ts [2m([22m[2m4 tests[22m[2m)[22m[32m 31[2mms[22m[39m
 [32mΓ£ô[39m src/utils/__tests__/formatQuote.test.ts [2m([22m[2m13 tests[22m[2m)[22m[32m 32[2mms[22m[39m
(node:18772) ExperimentalWarning: CommonJS module C:\Users\DELL\Downloads\thuki
win-main\Mate2.0-Thuki\node_modules\html-encoding-sniffer\lib\html-encoding-sni
ffer.js is loading ES Module C:\Users\DELL\Downloads\thukiwin-main\Mate2.0-Thuk
i\node_modules\@exodus\bytes\encoding-lite.js using require().
Support for loading ES Module in require() is an experimental feature and 
might change at any time
(Use `node --trace-warnings ...` to show where the warning was created)
(node:26576) ExperimentalWarning: CommonJS module C:\Users\DELL\Downloads\thuki
win-main\Mate2.0-Thuki\node_modules\html-encoding-sniffer\lib\html-encoding-sni
ffer.js is loading ES Module C:\Users\DELL\Downloads\thukiwin-main\Mate2.0-Thuk
i\node_modules\@exodus\bytes\encoding-lite.js using require().
Support for loading ES Module in require() is an experimental feature and 
might change at any time
(Use `node --trace-warnings ...` to show where the warning was created)
(node:9852) ExperimentalWarning: CommonJS module C:\Users\DELL\Downloads\thukiw
in-main\Mate2.0-Thuki\node_modules\html-encoding-sniffer\lib\html-encoding-snif
fer.js is loading ES Module C:\Users\DELL\Downloads\thukiwin-main\Mate2.0-Thuki
\node_modules\@exodus\bytes\encoding-lite.js using require().
Support for loading ES Module in require() is an experimental feature and 
might change at any time
(Use `node --trace-warnings ...` to show where the warning was created)
 [32mΓ£ô[39m src/utils/__tests__/formatRelativeTime.test.ts [2m([22m[2m7 tests[22m[2m)[22m[32m 28[2mms[22m[39m
 [32mΓ£ô[39m src/types/search.test.ts [2m([22m[2m6 tests[22m[2m)[22m[32m 20[2mms[22m[39m
 [32mΓ£ô[39m src/utils/__tests__/sanitizeAssistantContent.test.ts [2m([22m[2m6 tests[22m[2m)[22m[32m 54[2mms[22m[39m

[31mΓÄ»ΓÄ»ΓÄ»ΓÄ»ΓÄ»ΓÄ»[39m[1m[41m Failed Suites 9 
[49m[22m[31mΓÄ»ΓÄ»ΓÄ»ΓÄ»ΓÄ»ΓÄ»ΓÄ»[39m

[41m[1m FAIL [22m[49m src/settings/SettingsWindow.test.tsx[2m [ 
src/settings/SettingsWindow.test.tsx ][22m
[41m[1m FAIL [22m[49m src/__tests__/App.test.tsx[2m [ 
src/__tests__/App.test.tsx ][22m
[41m[1m FAIL [22m[49m src/__tests__/main.test.tsx[2m [ 
src/__tests__/main.test.tsx ][22m
[41m[1m FAIL [22m[49m src/__tests__/OnboardingView.test.tsx[2m [ 
src/__tests__/OnboardingView.test.tsx ][22m
[41m[1m FAIL [22m[49m src/settings/tabs/AboutTab.test.tsx[2m [ 
src/settings/tabs/AboutTab.test.tsx ][22m
[41m[1m FAIL [22m[49m src/settings/tabs/tabs.test.tsx[2m [ 
src/settings/tabs/tabs.test.tsx ][22m
[41m[1m FAIL [22m[49m src/view/onboarding/__tests__/index.test.tsx[2m [ 
src/view/onboarding/__tests__/index.test.tsx ][22m
[41m[1m FAIL [22m[49m src/view/onboarding/__tests__/IntroStep.test.tsx[2m 
[ src/view/onboarding/__tests__/IntroStep.test.tsx ][22m
[41m[1m FAIL [22m[49m 
src/view/onboarding/__tests__/ModelCheckStep.test.tsx[2m [ 
src/view/onboarding/__tests__/ModelCheckStep.test.tsx ][22m
[31m[1mTypeError[22m: The argument 'filename' must be a file URL object, 
file URL string, or absolute path string. Received 'file:///128x128.png'[39m
[31m[2mΓÄ»ΓÄ»ΓÄ»ΓÄ»ΓÄ»ΓÄ»ΓÄ»ΓÄ»ΓÄ»ΓÄ»ΓÄ»ΓÄ»ΓÄ»ΓÄ»ΓÄ»ΓÄ»ΓÄ»ΓÄ»ΓÄ»ΓÄ»ΓÄ»ΓÄ»[1/1
05]ΓÄ»[22m[39m


[31mΓÄ»ΓÄ»ΓÄ»ΓÄ»ΓÄ»ΓÄ»[39m[1m[41m Failed Tests 96 
[49m[22m[31mΓÄ»ΓÄ»ΓÄ»ΓÄ»ΓÄ»ΓÄ»ΓÄ»[39m

[41m[1m FAIL [22m[49m src/settings/types.test.ts[2m > 
[22mdescribeConfigError[2m > [22mseed_failed without source still produces 
a usable message
[31m[1mAssertionError[22m: expected 'Couldn\'t write defaults: .' to match 
/CouldnΓÇÖt write defaults/[39m

[32m- Expected:[39m
/CouldnΓÇÖt write defaults/

[31m+ Received:[39m
"Couldn't write defaults: ."

[36m [2mΓ¥»[22m src/settings/types.test.ts:[2m87:70[22m[39m
    [90m 85|[39m
    [90m 86|[39m   it('seed_failed without source still produces a usable 
message', () ΓÇª
    [90m 87|[39m     expect(describeConfigError({ kind: 'seed_failed', path: 
'/x' })).tΓÇª
    [90m   |[39m                                                             
         [31m^[39m
    [90m 88|[39m       [36m/CouldnΓÇÖt write defaults/[39m[33m,[39m
    [90m 89|[39m     )[33m;[39m

[31m[2mΓÄ»ΓÄ»ΓÄ»ΓÄ»ΓÄ»ΓÄ»ΓÄ»ΓÄ»ΓÄ»ΓÄ»ΓÄ»ΓÄ»ΓÄ»ΓÄ»ΓÄ»ΓÄ»ΓÄ»ΓÄ»ΓÄ»ΓÄ»ΓÄ»ΓÄ»[2/1
05]ΓÄ»[22m[39m

[41m[1m FAIL [22m[49m src/settings/types.test.ts[2m > 
[22mdescribeConfigError[2m > [22mfalls through to message for unknown kinds
[31m[1mAssertionError[22m: expected 'Couldn\'t save.' to match /CouldnΓÇÖt 
save\./[39m

[32m- Expected:[39m
/CouldnΓÇÖt save\./

[31m+ Received:[39m
"Couldn't save."

[36m [2mΓ¥»[22m src/settings/types.test.ts:[2m94:49[22m[39m
    [90m 92|[39m   [34mit[39m([32m'falls through to message for unknown 
kinds'[39m[33m,[39m () [33m=>[39m {
    [90m 93|[39m     expect(describeConfigError({ message: 'arbitrary' 
})).toBe('arbitrΓÇª
    [90m 94|[39m     expect(describeConfigError({ foo: 'bar' 
})).toMatch(/CouldnΓÇÖt saveΓÇª
    [90m   |[39m                                                 [31m^[39m
    [90m 95|[39m   })[33m;[39m
    [90m 96|[39m })[33m;[39m

[31m[2mΓÄ»ΓÄ»ΓÄ»ΓÄ»ΓÄ»ΓÄ»ΓÄ»ΓÄ»ΓÄ»ΓÄ»ΓÄ»ΓÄ»ΓÄ»ΓÄ»ΓÄ»ΓÄ»ΓÄ»ΓÄ»ΓÄ»ΓÄ»ΓÄ»ΓÄ»[3/1
05]ΓÄ»[22m[39m

[41m[1m FAIL [22m[49m src/config/__tests__/commandArtifacts.test.ts[2m > 
[22mgenerated command artifacts[2m > [22mrenders docs markdown that matches 
the checked-in file
[31m[1mTypeError[22m: Cannot read properties of undefined (reading 
'summary')[39m
[36m [2mΓ¥»[22m renderDocsSection 
src/config/commandArtifacts.ts:[2m13:18[22m[39m
    [90m 11|[39m     [32m`## 
[39m[36m${[39mcommand[33m.[39mtrigger[36m}[39m[32m`[39m[33m,[39m
    [90m 12|[39m     [32m''[39m[33m,[39m
    [90m 13|[39m     command[33m.[39mdocs[33m.[39msummary[33m,[39m
    [90m   |[39m                  [31m^[39m
    [90m 14|[39m     [32m''[39m[33m,[39m
    [90m 15|[39m     [32m`**Usage:** \`[39m[36m${[39mcommand[33m.[39mdo
cs[33m.[39musage[36m}[39m[32m\``[39m[33m,[39m
[90m [2mΓ¥»[22m src/config/commandArtifacts.ts:[2m69:23[22m[39m
[90m [2mΓ¥»[22m renderCommandsMarkdown 
src/config/commandArtifacts.ts:[2m68:17[22m[39m
[90m [2mΓ¥»[22m 
src/config/__tests__/commandArtifacts.test.ts:[2m12:12[22m[39m

[31m[2mΓÄ»ΓÄ»ΓÄ»ΓÄ»ΓÄ»ΓÄ»ΓÄ»ΓÄ»ΓÄ»ΓÄ»ΓÄ»ΓÄ»ΓÄ»ΓÄ»ΓÄ»ΓÄ»ΓÄ»ΓÄ»ΓÄ»ΓÄ»ΓÄ»ΓÄ»[4/1
05]ΓÄ»[22m[39m

[41m[1m FAIL [22m[49m src/config/__tests__/commandArtifacts.test.ts[2m > 
[22mgenerated command artifacts[2m > [22mrenders prompt appendix that 
matches the checked-in file
[31m[1mTypeError[22m: Cannot read properties of undefined (reading 
'summary')[39m
[36m [2mΓ¥»[22m renderPromptSection 
src/config/commandArtifacts.ts:[2m47:52[22m[39m
    [90m 45|[39m
    [90m 46|[39m [35mfunction[39m 
[34mrenderPromptSection[39m(command[33m:[39m [33mCommand[39m)[33m:[39m 
string {
    [90m 47|[39m   [35mreturn[39m 
[32m`[39m[36m${[39mcommand[33m.[39mtrigger[36m}[39m[32m: [39m[36m${
[39mcommand[33m.[39mpromptHelp[33m.[39msummary[36m}[39m[32m`[39m[33m;
[39m
    [90m   |[39m                                                    
[31m^[39m
    [90m 48|[39m }
    [90m 49|[39m
[90m [2mΓ¥»[22m src/config/commandArtifacts.ts:[2m87:23[22m[39m
[90m [2mΓ¥»[22m renderSlashCommandPromptAppendix 
src/config/commandArtifacts.ts:[2m86:17[22m[39m
[90m [2mΓ¥»[22m 
src/config/__tests__/commandArtifacts.test.ts:[2m16:12[22m[39m

[31m[2mΓÄ»ΓÄ»ΓÄ»ΓÄ»ΓÄ»ΓÄ»ΓÄ»ΓÄ»ΓÄ»ΓÄ»ΓÄ»ΓÄ»ΓÄ»ΓÄ»ΓÄ»ΓÄ»ΓÄ»ΓÄ»ΓÄ»ΓÄ»ΓÄ»ΓÄ»[5/1
05]ΓÄ»[22m[39m

[41m[1m FAIL [22m[49m src/config/__tests__/commandArtifacts.test.ts[2m > 
[22mgenerated command artifacts[2m > [22mincludes /search in both generated 
artifacts
[31m[1mTypeError[22m: Cannot read properties of undefined (reading 
'summary')[39m
[36m [2mΓ¥»[22m renderDocsSection 
src/config/commandArtifacts.ts:[2m13:18[22m[39m
    [90m 11|[39m     [32m`## 
[39m[36m${[39mcommand[33m.[39mtrigger[36m}[39m[32m`[39m[33m,[39m
    [90m 12|[39m     [32m''[39m[33m,[39m
    [90m 13|[39m     command[33m.[39mdocs[33m.[39msummary[33m,[39m
    [90m   |[39m                  [31m^[39m
    [90m 14|[39m     [32m''[39m[33m,[39m
    [90m 15|[39m     [32m`**Usage:** \`[39m[36m${[39mcommand[33m.[39mdo
cs[33m.[39musage[36m}[39m[32m\``[39m[33m,[39m
[90m [2mΓ¥»[22m src/config/commandArtifacts.ts:[2m69:23[22m[39m
[90m [2mΓ¥»[22m renderCommandsMarkdown 
src/config/commandArtifacts.ts:[2m68:17[22m[39m
[90m [2mΓ¥»[22m 
src/config/__tests__/commandArtifacts.test.ts:[2m20:12[22m[39m

[31m[2mΓÄ»ΓÄ»ΓÄ»ΓÄ»ΓÄ»ΓÄ»ΓÄ»ΓÄ»ΓÄ»ΓÄ»ΓÄ»ΓÄ»ΓÄ»ΓÄ»ΓÄ»ΓÄ»ΓÄ»ΓÄ»ΓÄ»ΓÄ»ΓÄ»ΓÄ»[6/1
05]ΓÄ»[22m[39m

[41m[1m FAIL [22m[49m src/config/__tests__/commandArtifacts.test.ts[2m > 
[22mgenerated command artifacts[2m > [22mexplicitly teaches the model how 
to answer slash-command questions
[31m[1mTypeError[22m: Cannot read properties of undefined (reading 
'summary')[39m
[36m [2mΓ¥»[22m renderPromptSection 
src/config/commandArtifacts.ts:[2m47:52[22m[39m
    [90m 45|[39m
    [90m 46|[39m [35mfunction[39m 
[34mrenderPromptSection[39m(command[33m:[39m [33mCommand[39m)[33m:[39m 
string {
    [90m 47|[39m   [35mreturn[39m 
[32m`[39m[36m${[39mcommand[33m.[39mtrigger[36m}[39m[32m: [39m[36m${
[39mcommand[33m.[39mpromptHelp[33m.[39msummary[36m}[39m[32m`[39m[33m;
[39m
    [90m   |[39m                                                    
[31m^[39m
    [90m 48|[39m }
    [90m 49|[39m
[90m [2mΓ¥»[22m src/config/commandArtifacts.ts:[2m87:23[22m[39m
[90m [2mΓ¥»[22m renderSlashCommandPromptAppendix 
src/config/commandArtifacts.ts:[2m86:17[22m[39m
[90m [2mΓ¥»[22m 
src/config/__tests__/commandArtifacts.test.ts:[2m25:22[22m[39m

[31m[2mΓÄ»ΓÄ»ΓÄ»ΓÄ»ΓÄ»ΓÄ»ΓÄ»ΓÄ»ΓÄ»ΓÄ»ΓÄ»ΓÄ»ΓÄ»ΓÄ»ΓÄ»ΓÄ»ΓÄ»ΓÄ»ΓÄ»ΓÄ»ΓÄ»ΓÄ»[7/1
05]ΓÄ»[22m[39m

[41m[1m FAIL [22m[49m src/config/__tests__/commands.test.ts[2m > 
[22mCOMMANDS registry[2m > [22mevery entry has non-empty trigger, label, 
and description
[31m[1mTypeError[22m: Cannot read properties of undefined (reading 
'summary')[39m
[36m [2mΓ¥»[22m src/config/__tests__/commands.test.ts:[2m21:30[22m[39m
    [90m 19|[39m       [34mexpect[39m(cmd[33m.[39mdescription[33m.[39ml
ength)[33m.[39m[34mtoBeGreaterThan[39m([34m0[39m)[33m;[39m
    [90m 20|[39m
    [90m 21|[39m       [34mexpect[39m([35mtypeof[39m cmd[33m.[39mdocs[
33m.[39msummary)[33m.[39m[34mtoBe[39m([32m'string'[39m)[33m;[39m
    [90m   |[39m                              [31m^[39m
    [90m 22|[39m       [34mexpect[39m(cmd[33m.[39mdocs[33m.[39msummary
[33m.[39mlength)[33m.[39m[34mtoBeGreaterThan[39m([34m0[39m)[33m;[39m
    [90m 23|[39m       [34mexpect[39m([35mtypeof[39m cmd[33m.[39mdocs[
33m.[39musage)[33m.[39m[34mtoBe[39m([32m'string'[39m)[33m;[39m

[31m[2mΓÄ»ΓÄ»ΓÄ»ΓÄ»ΓÄ»ΓÄ»ΓÄ»ΓÄ»ΓÄ»ΓÄ»ΓÄ»ΓÄ»ΓÄ»ΓÄ»ΓÄ»ΓÄ»ΓÄ»ΓÄ»ΓÄ»ΓÄ»ΓÄ»ΓÄ»[8/1
05]ΓÄ»[22m[39m

[41m[1m FAIL [22m[49m 
src/components/__tests__/CapabilityMismatchStrip.test.tsx[2m > 
[22mCapabilityMismatchStrip[2m > [22mrenders the message verbatim
[41m[1m FAIL [22m[49m 
src/components/__tests__/CapabilityMismatchStrip.test.tsx[2m > 
[22mCapabilityMismatchStrip[2m > [22mexposes role=status for assistive tech
[31m[1mTypeError[22m: Cannot read properties of undefined (reading 
'length')[39m
[36m [2mΓ¥»[22m CapabilityMismatchStrip 
src/components/CapabilityMismatchStrip.tsx:[2m20:17[22m[39m
    [90m 18|[39m   conflicts[33m,[39m
    [90m 19|[39m }[33m:[39m [33mCapabilityMismatchStripProps[39m) {
    [90m 20|[39m   [35mif[39m (conflicts[33m.[39mlength [33m===[39m 
[34m0[39m) [35mreturn[39m [35mnull[39m[33m;[39m
    [90m   |[39m                 [31m^[39m
    [90m 21|[39m
    [90m 22|[39m   [35mreturn[39m (
[90m [2mΓ¥»[22m Object.react_stack_bottom_frame node_modules/react-dom/cjs/r
eact-dom-client.development.js:[2m25904:20[22m[39m
[90m [2mΓ¥»[22m renderWithHooks node_modules/react-dom/cjs/react-dom-client.
development.js:[2m7662:22[22m[39m
[90m [2mΓ¥»[22m updateFunctionComponent node_modules/react-dom/cjs/react-dom
-client.development.js:[2m10166:19[22m[39m
[90m [2mΓ¥»[22m beginWork node_modules/react-dom/cjs/react-dom-client.develo
pment.js:[2m11778:18[22m[39m
[90m [2mΓ¥»[22m runWithFiberInDEV 
node_modules/react-dom/cjs/react-dom-client.development.js:[2m874:13[22m[39m
[90m [2mΓ¥»[22m performUnitOfWork node_modules/react-dom/cjs/react-dom-clien
t.development.js:[2m17641:22[22m[39m
[90m [2mΓ¥»[22m workLoopSync node_modules/react-dom/cjs/react-dom-client.dev
elopment.js:[2m17469:41[22m[39m
[90m [2mΓ¥»[22m renderRootSync node_modules/react-dom/cjs/react-dom-client.d
evelopment.js:[2m17450:11[22m[39m
[90m [2mΓ¥»[22m performWorkOnRoot node_modules/react-dom/cjs/react-dom-clien
t.development.js:[2m16583:35[22m[39m

[31m[2mΓÄ»ΓÄ»ΓÄ»ΓÄ»ΓÄ»ΓÄ»ΓÄ»ΓÄ»ΓÄ»ΓÄ»ΓÄ»ΓÄ»ΓÄ»ΓÄ»ΓÄ»ΓÄ»ΓÄ»ΓÄ»ΓÄ»ΓÄ»ΓÄ»ΓÄ»[9/1
05]ΓÄ»[22m[39m

[41m[1m FAIL [22m[49m src/components/__tests__/ChatBubble.test.tsx[2m > 
[22mChatBubble[2m > [22mThinkingBlock rendering[2m > [22mrenders the 
pending /think placeholder before thinking tokens arrive
[31m[1mTestingLibraryElementError[22m: Unable to find an element by: 
[data-testid="thinking-block"]

Ignored nodes: comments, script, style
[36m<body>[31m
  [36m<div>[31m
    [36m<div[31m
      [33mclass[31m=[32m"flex w-full justify-start"[31m
    [36m>[31m
      [36m<div[31m
        [33mclass[31m=[32m"flex flex-col w-full"[31m
      [36m>[31m
        [36m<div[31m
          [33mclass[31m=[32m"text-sm leading-relaxed select-text py-1"[31m
        [36m>[31m
          [36m<span[31m
            [33mclass[31m=[32m"markdown-body "[31m
          [36m>[31m
            [36m<div[31m
              [33mclass[31m=[32m"space-y-4 whitespace-normal 
[&>*:first-child]:mt-0 [&>*:last-child]:mb-0"[31m
            [36m/>[31m
          [36m</span>[31m
        [36m</div>[31m
        [36m<div[31m
          [33mclass[31m=[32m"h-6 flex items-center"[31m
        [36m>[31m
          [36m<div[31m
            [33mclass[31m=[32m"flex w-full justify-start"[31m
          [36m>[31m
            [36m<button[31m
              [33maria-label[31m=[32m"Copy message"[31m
              [33mclass[31m=[32m"transition-opacity duration-150 
text-white/40 hover:text-white/70 p-0.5 rounded cursor-pointer"[31m
            [36m>[31m
              [36m<span[31m
                [33mclass[31m=[32m"flex"[31m
              [36m>[31m
                [36m<svg[31m
                  [33maria-hidden[31m=[32m"true"[31m
                  [33mfill[31m=[32m"none"[31m
                  [33mheight[31m=[32m"14"[31m
                  [33mstroke[31m=[32m"currentColor"[31m
                  [33mstroke-linecap[31m=[32m"round"[31m
                  [33mstroke-linejoin[31m=[32m"round"[31m
                  [33mstroke-width[31m=[32m"2"[31m
                  [33mviewBox[31m=[32m"0 0 24 24"[31m
                  [33mwidth[31m=[32m"14"[31m
                [36m>[31m
                  [36m<rect[31m
                    [33mheight[31m=[32m"13"[31m
                    [33mrx[31m=[32m"2"[31m
                    [33mry[31m=[32m"2"[31m
                    [33mwidth[31m=[32m"13"[31m
                    [33mx[31m=[32m"9"[31m
                    [33my[31m=[32m"9"[31m
                  [36m/>[31m
                  [36m<path[31m
                    [33md[31m=[32m"M5 15H4a2 2 0 0 1-2-2V4a2 2 0 0 1 
2-2h9a2 2 0 0 1 2 2v1"[31m
                  [36m/>[31m
                [36m</svg>[31m
              [36m</span>[31m
            [36m</button>[31m
          [36m</div>[31m
        [36m</div>[31m
      [36m</div>[31m
    [36m</div>[31m
  [36m</div>[31m
[36m</body>[31m[39m
[90m [2mΓ¥»[22m Object.getElementError 
node_modules/@testing-library/dom/dist/config.js:[2m37:19[22m[39m
[90m [2mΓ¥»[22m 
node_modules/@testing-library/dom/dist/query-helpers.js:[2m76:38[22m[39m
[90m [2mΓ¥»[22m 
node_modules/@testing-library/dom/dist/query-helpers.js:[2m52:17[22m[39m
[90m [2mΓ¥»[22m 
node_modules/@testing-library/dom/dist/query-helpers.js:[2m95:19[22m[39m
[36m [2mΓ¥»[22m 
src/components/__tests__/ChatBubble.test.tsx:[2m374:21[22m[39m
    [90m372|[39m         [33m/[39m[33m>[39m[33m,[39m
    [90m373|[39m       )[33m;[39m
    [90m374|[39m       [34mexpect[39m(screen[33m.[39m[34mgetByTestId[39
m([32m'thinking-block'[39m))[33m.[39m[34mtoBeInTheDocument[39m()[33m;[3
9m
    [90m   |[39m                     [31m^[39m
    [90m375|[39m       [34mexpect[39m(screen[33m.[39m[34mgetByTestId[39
m([32m'loading-label'[39m)[33m.[39mtextContent)[33m.[39m[34mtoBe[39m(
    [90m376|[39m         [32m'Warming up...'[39m[33m,[39m

[31m[2mΓÄ»ΓÄ»ΓÄ»ΓÄ»ΓÄ»ΓÄ»ΓÄ»ΓÄ»ΓÄ»ΓÄ»ΓÄ»ΓÄ»ΓÄ»ΓÄ»ΓÄ»ΓÄ»ΓÄ»ΓÄ»ΓÄ»ΓÄ»ΓÄ»[10/105
]ΓÄ»[22m[39m

[41m[1m FAIL [22m[49m src/components/__tests__/ChatBubble.test.tsx[2m > 
[22mChatBubble[2m > [22mThinkingBlock rendering[2m > [22mshows 
"Thinking..." state when isThinking is true
[31m[1mTestingLibraryElementError[22m[39m: Unable to find an element by: 
[data-testid="loading-label"]

Ignored nodes: comments, script, style
[36m<body>[39m
  [36m<div>[39m
    [36m<div[39m
      [33mclass[39m=[32m"flex w-full justify-start"[39m
    [36m>[39m
      [36m<div[39m
        [33mclass[39m=[32m"flex flex-col w-full"[39m
      [36m>[39m
        [36m<div[39m
          [33mclass[39m=[32m"text-sm leading-relaxed select-text py-1"[39m
        [36m>[39m
          [36m<div[39m
            [33mclass[39m=[32m"mb-2"[39m
            [33mdata-testid[39m=[32m"thinking-block"[39m
          [36m>[39m
            [36m<button[39m
              [33maria-expanded[39m=[32m"false"[39m
              [33maria-label[39m=[32m"Toggle thinking details"[39m
              [33mclass[39m=[32m"flex items-center gap-2 cursor-pointer 
bg-transparent border-none p-0 text-left w-full"[39m
              [33mtype[39m=[32m"button"[39m
            [36m>[39m
              [36m<span[39m
                [33mclass[39m=[32m"text-[10px] text-text-secondary 
inline-block transition-transform duration-150"[39m
                [33mdata-testid[39m=[32m"thinking-chevron"[39m
                [33mstyle[39m=[32m"transform: rotate(90deg);"[39m
              [36m>[39m
                [0mΓû▓[0m
              [36m</span>[39m
              [36m<span[39m
                [33mclass[39m=[32m"text-sm text-text-secondary"[39m
                [33mdata-testid[39m=[32m"thinking-label"[39m
              [36m>[39m
                [36m<span[39m
                  [33mclass[39m=[32m"inline-block thinking-sweep-char"[39m
                  [33mstyle[39m=[32m"animation-delay: 0ms;"[39m
                [36m>[39m
                  [0mT[0m
                [36m</span>[39m
                [36m<span[39m
                  [33mclass[39m=[32m"inline-block thinking-sweep-char"[39m
                  [33mstyle[39m=[32m"animation-delay: 80ms;"[39m
                [36m>[39m
                  [0mh[0m
                [36m</span>[39m
                [36m<span[39m
                  [33mclass[39m=[32m"inline-block thinking-sweep-char"[39m
                  [33mstyle[39m=[32m"animation-delay: 160ms;"[39m
                [36m>[39m
                  [0mi[0m
                [36m</span>[39m
                [36m<span[39m
                  [33mclass[39m=[32m"inline-block thinking-sweep-char"[39m
                  [33mstyle[39m=[32m"animation-delay: 240ms;"[39m
                [36m>[39m
                  [0mn[0m
                [36m</span>[39m
                [36m<span[39m
                  [33mclass[39m=[32m"inline-block thinking-sweep-char"[39m
                  [33mstyle[39m=[32m"animation-delay: 320ms;"[39m
                [36m>[39m
                  [0mk[0m
                [36m</span>[39m
                [36m<span[39m
                  [33mclass[39m=[32m"inline-block thinking-sweep-char"[39m
                  [33mstyle[39m=[32m"animation-delay: 400ms;"[39m
                [36m>[39m
                  [0mi[0m
                [36m</span>[39m
                [36m<span[39m
                  [33mclass[39m=[32m"inline-block thinking-sweep-char"[39m
                  [33mstyle[39m=[32m"animation-delay: 480ms;"[39m
                [36m>[39m
                  [0mn[0m
                [36m</span>[39m
                [36m<span[39m
                  [33mclass[39m=[32m"inline-block thinking-sweep-char"[39m
                  [33mstyle[39m=[32m"animation-delay: 560ms;"[39m
                [36m>[39m
                  [0mg[0m
                [36m</span>[39m
                [36m<span[39m
                  [33mclass[39m=[32m"inline-block thinking-sweep-char"[39m
                  [33mstyle[39m=[32m"animation-delay: 640ms;"[39m
                [36m>[39m
                  [0m.[0m
                [36m</span>[39m
                [36m<span[39m
                  [33mclass[39m=[32m"inline-block thinking-sweep-char"[39m
                  [33mstyle[39m=[32m"animation-delay: 720ms;"[39m
                [36m>[39m
                  [0m.[0m
                [36m</span>[39m
                [36m<span[39m
                  [33mclass[39m=[32m"inline-block thinking-sweep-char"[39m
                  [33mstyle[39m=[32m"animation-delay: 800ms;"[39m
                [36m>[39m
                  [0m.[0m
                [36m</span>[39m
              [36m</span>[39m
            [36m</button>[39m
          [36m</div>[39m
          [36m<span[39m
            [33mclass[39m=[32m"markdown-body "[39m
          [36m>[39m
            [36m<div[39m
              [33mclass[39m=[32m"space-y-4 whitespace-normal 
[&>*:first-child]:mt-0 [&>*:last-child]:mb-0"[39m
            [36m/>[39m
          [36m</span>[39m
        [36m</div>[39m
        [36m<div[39m
          [33mclass[39m=[32m"h-6 flex items-center"[39m
        [36m>[39m
          [36m<div[39m
            [33mclass[39m=[32m"flex w-full justify-start"[39m
          [36m>[39m
            [36m<button[39m
              [33maria-label[39m=[32m"Copy message"[39m
              [33mclass[39m=[32m"transition-opacity duration-150 
text-white/40 hover:text-white/70 p-0.5 rounded cursor-pointer"[39m
            [36m>[39m
              [36m<span[39m
                [33mclass[39m=[32m"flex"[39m
              [36m>[39m
                [36m<svg[39m
                  [33maria-hidden[39m=[32m"true"[39m
                  [33mfill[39m=[32m"none"[39m
                  [33mheight[39m=[32m"14"[39m
                  [33mstroke[39m=[32m"currentColor"[39m
                  [33mstroke-linecap[39m=[32m"round"[39m
                  [33mstroke-linejoin[39m=[32m"round"[39m
                  [33mstroke-width[39m=[32m"2"[39m
                  [33mviewBox[39m=[32m"0 0 24 24"[39m
                  [33mwidth[39m=[32m"14"[39m
                [36m>[39m
                  [36m<rect[39m
                    [33mheight[39m=[32m"13"[39m
                    [33mrx[39m=[32m"2"[39m
                    [33mry[39m=[32m"2"[39m
                    [33mwidth[39m=[32m"13"[39m
                    [33mx[39m=[32m"9"[39m
                    [33my[39m=[32m"9"[39m
                  [36m/>[39m
                  [36m<path[39m
                    [33md[39m=[32m"M5 15H4a2 2 0 0 1-2-2V4a2 2 0 0 1 
2-2h9a2 2 0 0 1 2 2v1"[39m
                  [36m/>[39m
                [36m</svg>[39m
              [36m</span>[39m
            [36m</button>[39m
          [36m</div>[39m
        [36m</div>[39m
      [36m</div>[39m
    [36m</div>[39m
  [36m</div>[39m
[36m</body>[39m
[90m [2mΓ¥»[22m Object.getElementError 
node_modules/@testing-library/dom/dist/config.js:[2m37:19[22m[39m
[90m [2mΓ¥»[22m 
node_modules/@testing-library/dom/dist/query-helpers.js:[2m76:38[22m[39m
[90m [2mΓ¥»[22m 
node_modules/@testing-library/dom/dist/query-helpers.js:[2m52:17[22m[39m
[90m [2mΓ¥»[22m 
node_modules/@testing-library/dom/dist/query-helpers.js:[2m95:19[22m[39m
[36m [2mΓ¥»[22m 
src/components/__tests__/ChatBubble.test.tsx:[2m403:21[22m[39m
    [90m401|[39m       )[33m;[39m
    [90m402|[39m       [34mexpect[39m(screen[33m.[39m[34mgetByTestId[39
m([32m'thinking-block'[39m))[33m.[39m[34mtoBeInTheDocument[39m()[33m;[3
9m
    [90m403|[39m       [34mexpect[39m(screen[33m.[39m[34mgetByTestId[39
m([32m'loading-label'[39m)[33m.[39mtextContent)[33m.[39m[34mtoBe[39m(
    [90m   |[39m                     [31m^[39m
    [90m404|[39m         [32m'Thinking...'[39m[33m,[39m
    [90m405|[39m       )[33m;[39m

[31m[2mΓÄ»ΓÄ»ΓÄ»ΓÄ»ΓÄ»ΓÄ»ΓÄ»ΓÄ»ΓÄ»ΓÄ»ΓÄ»ΓÄ»ΓÄ»ΓÄ»ΓÄ»ΓÄ»ΓÄ»ΓÄ»ΓÄ»ΓÄ»ΓÄ»[11/105
]ΓÄ»[22m[39m

[41m[1m FAIL [22m[49m src/components/__tests__/ChatBubble.test.tsx[2m > 
[22mChatBubble[2m > [22msearch sources footer[2m > [22mdoes not render 
the sources list by default; trigger button shows count
[31m[1mTestingLibraryElementError[22m: Unable to find an accessible element 
with the role "button" and name `/2 sources/`

Here are the accessible roles:

  paragraph:

  Name "":
  [36m<p />[31m

  --------------------------------------------------
  link:

  Name "A":
  [36m<a[31m
    [33mclass[31m=[32m"text-[10px] px-2 py-0.5 rounded bg-white/5 
text-blue-400 hover:bg-white/10 truncate max-w-[200px]"[31m
    [33mhref[31m=[32m"https://a"[31m
    [33mrel[31m=[32m"noopener noreferrer"[31m
    [33mtarget[31m=[32m"_blank"[31m
    [33mtitle[31m=[32m"https://a"[31m
  [36m/>[31m

  Name "B":
  [36m<a[31m
    [33mclass[31m=[32m"text-[10px] px-2 py-0.5 rounded bg-white/5 
text-blue-400 hover:bg-white/10 truncate max-w-[200px]"[31m
    [33mhref[31m=[32m"https://b"[31m
    [33mrel[31m=[32m"noopener noreferrer"[31m
    [33mtarget[31m=[32m"_blank"[31m
    [33mtitle[31m=[32m"https://b"[31m
  [36m/>[31m

  --------------------------------------------------
  button:

  Name "Copy message":
  [36m<button[31m
    [33maria-label[31m=[32m"Copy message"[31m
    [33mclass[31m=[32m"transition-opacity duration-150 text-white/40 
hover:text-white/70 p-0.5 rounded cursor-pointer"[31m
  [36m/>[31m

  --------------------------------------------------

Ignored nodes: comments, script, style
[36m<body>[31m
  [36m<div>[31m
    [36m<div[31m
      [33mclass[31m=[32m"flex w-full justify-start"[31m
    [36m>[31m
      [36m<div[31m
        [33mclass[31m=[32m"flex flex-col w-full"[31m
      [36m>[31m
        [36m<div[31m
          [33mclass[31m=[32m"text-sm leading-relaxed select-text py-1"[31m
        [36m>[31m
          [36m<span[31m
            [33mclass[31m=[32m"markdown-body "[31m
          [36m>[31m
            [36m<div[31m
              [33mclass[31m=[32m"space-y-4 whitespace-normal 
[&>*:first-child]:mt-0 [&>*:last-child]:mb-0"[31m
            [36m>[31m
              [36m<p>[31m
                [0manswer[0m
              [36m</p>[31m
            [36m</div>[31m
          [36m</span>[31m
        [36m</div>[31m
        [36m<div[31m
          [33mclass[31m=[32m"mt-1.5 flex flex-wrap gap-1.5"[31m
        [36m>[31m
          [36m<a[31m
            [33mclass[31m=[32m"text-[10px] px-2 py-0.5 rounded bg-white/5 
text-blue-400 hover:bg-white/10 truncate max-w-[200px]"[31m
            [33mhref[31m=[32m"https://a"[31m
            [33mrel[31m=[32m"noopener noreferrer"[31m
            [33mtarget[31m=[32m"_blank"[31m
            [33mtitle[31m=[32m"https://a"[31m
          [36m>[31m
            [0mA[0m
          [36m</a>[31m
          [36m<a[31m
            [33mclass[31m=[32m"text-[10px] px-2 py-0.5 rounded bg-white/5 
text-blue-400 hover:bg-white/10 truncate max-w-[200px]"[31m
            [33mhref[31m=[32m"https://b"[31m
            [33mrel[31m=[32m"noopener noreferrer"[31m
            [33mtarget[31m=[32m"_blank"[31m
            [33mtitle[31m=[32m"https://b"[31m
          [36m>[31m
            [0mB[0m
          [36m</a>[31m
        [36m</div>[31m
        [36m<div[31m
          [33mclass[31m=[32m"h-6 flex items-center"[31m
        [36m>[31m
          [36m<div[31m
            [33mclass[31m=[32m"flex w-full justify-start"[31m
          [36m>[31m
            [36m<button[31m
              [33maria-label[31m=[32m"Copy message"[31m
              [33mclass[31m=[32m"transition-opacity duration-150 
text-white/40 hover:text-white/70 p-0.5 rounded cursor-pointer"[31m
            [36m>[31m
              [36m<span[31m
                [33mclass[31m=[32m"flex"[31m
              [36m>[31m
                [36m<svg[31m
                  [33maria-hidden[31m=[32m"true"[31m
                  [33mfill[31m=[32m"none"[31m
                  [33mheight[31m=[32m"14"[31m
                  [33mstroke[31m=[32m"currentColor"[31m
                  [33mstroke-linecap[31m=[32m"round"[31m
                  [33mstroke-linejoin[31m=[32m"round"[31m
                  [33mstroke-width[31m=[32m"2"[31m
                  [33mviewBox[31m=[32m"0 0 24 24"[31m
                  [33mwidth[31m=[32m"14"[31m
                [36m>[31m
                  [36m<rect[31m
                    [33mheight[31m=[32m"13"[31m
                    [33mrx[31m=[32m"2"[31m
                    [33mry[31m=[32m"2"[31m
                    [33mwidth[31m=[32m"13"[31m
                    [33mx[31m=[32m"9"[31m
                    [33my[31m=[32m"9"[31m
                  [36m/>[31m
                  [36m<path[31m
                    [33md[31m=[32m"M5 15H4a2 2 0 0 1-2-2V4a2 2 0 0 1 
2-2h9a2 2 0 0 1 2 2v1"[31m
                  [36m/>[31m
                [36m</svg>[31m
              [36m</span>[31m
            [36m</button>[31m
          [36m</div>[31m
        [36m</div>[31m
      [36m</div>[31m
    [36m</div>[31m
  [36m</div>[31m
[36m</body>[31m[39m
[90m [2mΓ¥»[22m Object.getElementError 
node_modules/@testing-library/dom/dist/config.js:[2m37:19[22m[39m
[90m [2mΓ¥»[22m 
node_modules/@testing-library/dom/dist/query-helpers.js:[2m76:38[22m[39m
[90m [2mΓ¥»[22m 
node_modules/@testing-library/dom/dist/query-helpers.js:[2m52:17[22m[39m
[90m [2mΓ¥»[22m 
node_modules/@testing-library/dom/dist/query-helpers.js:[2m95:19[22m[39m
[36m [2mΓ¥»[22m 
src/components/__tests__/ChatBubble.test.tsx:[2m460:30[22m[39m
    [90m458|[39m       )[33m;[39m
    [90m459|[39m       [34mexpect[39m(screen[33m.[39m[34mqueryByTestId[
39m([32m'search-sources'[39m))[33m.[39m[34mtoBeNull[39m()[33m;[39m
    [90m460|[39m       const trigger = screen.getByRole('button', { name: /2 
sources/ }ΓÇª
    [90m   |[39m                              [31m^[39m
    [90m461|[39m       [34mexpect[39m(trigger[33m.[39m[34mgetAttribute[
39m([32m'aria-expanded'[39m))[33m.[39m[34mtoBe[39m([32m'false'[39m)[33
m;[39m
    [90m462|[39m     })[33m;[39m

[31m[2mΓÄ»ΓÄ»ΓÄ»ΓÄ»ΓÄ»ΓÄ»ΓÄ»ΓÄ»ΓÄ»ΓÄ»ΓÄ»ΓÄ»ΓÄ»ΓÄ»ΓÄ»ΓÄ»ΓÄ»ΓÄ»ΓÄ»ΓÄ»ΓÄ»[12/105
]ΓÄ»[22m[39m

[41m[1m FAIL [22m[49m src/components/__tests__/ChatBubble.test.tsx[2m > 
[22mChatBubble[2m > [22msearch sources footer[2m > [22mtoggling the 
trigger expands and collapses the sources list
[31m[1mTestingLibraryElementError[22m: Unable to find an accessible element 
with the role "button" and name `/1 source/`

Here are the accessible roles:

  paragraph:

  Name "":
  [36m<p />[31m

  --------------------------------------------------
  link:

  Name "A":
  [36m<a[31m
    [33mclass[31m=[32m"text-[10px] px-2 py-0.5 rounded bg-white/5 
text-blue-400 hover:bg-white/10 truncate max-w-[200px]"[31m
    [33mhref[31m=[32m"https://a"[31m
    [33mrel[31m=[32m"noopener noreferrer"[31m
    [33mtarget[31m=[32m"_blank"[31m
    [33mtitle[31m=[32m"https://a"[31m
  [36m/>[31m

  --------------------------------------------------
  button:

  Name "Copy message":
  [36m<button[31m
    [33maria-label[31m=[32m"Copy message"[31m
    [33mclass[31m=[32m"transition-opacity duration-150 text-white/40 
hover:text-white/70 p-0.5 rounded cursor-pointer"[31m
  [36m/>[31m

  --------------------------------------------------

Ignored nodes: comments, script, style
[36m<body>[31m
  [36m<div>[31m
    [36m<div[31m
      [33mclass[31m=[32m"flex w-full justify-start"[31m
    [36m>[31m
      [36m<div[31m
        [33mclass[31m=[32m"flex flex-col w-full"[31m
      [36m>[31m
        [36m<div[31m
          [33mclass[31m=[32m"text-sm leading-relaxed select-text py-1"[31m
        [36m>[31m
          [36m<span[31m
            [33mclass[31m=[32m"markdown-body "[31m
          [36m>[31m
            [36m<div[31m
              [33mclass[31m=[32m"space-y-4 whitespace-normal 
[&>*:first-child]:mt-0 [&>*:last-child]:mb-0"[31m
            [36m>[31m
              [36m<p>[31m
                [0manswer[0m
              [36m</p>[31m
            [36m</div>[31m
          [36m</span>[31m
        [36m</div>[31m
        [36m<div[31m
          [33mclass[31m=[32m"mt-1.5 flex flex-wrap gap-1.5"[31m
        [36m>[31m
          [36m<a[31m
            [33mclass[31m=[32m"text-[10px] px-2 py-0.5 rounded bg-white/5 
text-blue-400 hover:bg-white/10 truncate max-w-[200px]"[31m
            [33mhref[31m=[32m"https://a"[31m
            [33mrel[31m=[32m"noopener noreferrer"[31m
            [33mtarget[31m=[32m"_blank"[31m
            [33mtitle[31m=[32m"https://a"[31m
          [36m>[31m
            [0mA[0m
          [36m</a>[31m
        [36m</div>[31m
        [36m<div[31m
          [33mclass[31m=[32m"h-6 flex items-center"[31m
        [36m>[31m
          [36m<div[31m
            [33mclass[31m=[32m"flex w-full justify-start"[31m
          [36m>[31m
            [36m<button[31m
              [33maria-label[31m=[32m"Copy message"[31m
              [33mclass[31m=[32m"transition-opacity duration-150 
text-white/40 hover:text-white/70 p-0.5 rounded cursor-pointer"[31m
            [36m>[31m
              [36m<span[31m
                [33mclass[31m=[32m"flex"[31m
              [36m>[31m
                [36m<svg[31m
                  [33maria-hidden[31m=[32m"true"[31m
                  [33mfill[31m=[32m"none"[31m
                  [33mheight[31m=[32m"14"[31m
                  [33mstroke[31m=[32m"currentColor"[31m
                  [33mstroke-linecap[31m=[32m"round"[31m
                  [33mstroke-linejoin[31m=[32m"round"[31m
                  [33mstroke-width[31m=[32m"2"[31m
                  [33mviewBox[31m=[32m"0 0 24 24"[31m
                  [33mwidth[31m=[32m"14"[31m
                [36m>[31m
                  [36m<rect[31m
                    [33mheight[31m=[32m"13"[31m
                    [33mrx[31m=[32m"2"[31m
                    [33mry[31m=[32m"2"[31m
                    [33mwidth[31m=[32m"13"[31m
                    [33mx[31m=[32m"9"[31m
                    [33my[31m=[32m"9"[31m
                  [36m/>[31m
                  [36m<path[31m
                    [33md[31m=[32m"M5 15H4a2 2 0 0 1-2-2V4a2 2 0 0 1 
2-2h9a2 2 0 0 1 2 2v1"[31m
                  [36m/>[31m
                [36m</svg>[31m
              [36m</span>[31m
            [36m</button>[31m
          [36m</div>[31m
        [36m</div>[31m
      [36m</div>[31m
    [36m</div>[31m
  [36m</div>[31m
[36m</body>[31m[39m
[90m [2mΓ¥»[22m Object.getElementError 
node_modules/@testing-library/dom/dist/config.js:[2m37:19[22m[39m
[90m [2mΓ¥»[22m 
node_modules/@testing-library/dom/dist/query-helpers.js:[2m76:38[22m[39m
[90m [2mΓ¥»[22m 
node_modules/@testing-library/dom/dist/query-helpers.js:[2m52:17[22m[39m
[90m [2mΓ¥»[22m 
node_modules/@testing-library/dom/dist/query-helpers.js:[2m95:19[22m[39m
[36m [2mΓ¥»[22m 
src/components/__tests__/ChatBubble.test.tsx:[2m473:30[22m[39m
    [90m471|[39m         [33m/[39m[33m>[39m[33m,[39m
    [90m472|[39m       )[33m;[39m
    [90m473|[39m       [35mconst[39m trigger [33m=[39m 
screen[33m.[39m[34mgetByRole[39m([32m'button'[39m[33m,[39m { 
name[33m:[39m [36m/1 source/[39m })[33m;[39m
    [90m   |[39m                              [31m^[39m
    [90m474|[39m       
fireEvent[33m.[39m[34mclick[39m(trigger)[33m;[39m
    [90m475|[39m       [34mexpect[39m(screen[33m.[39m[34mgetByTestId[39
m([32m'search-sources'[39m))[33m.[39m[34mtoBeInTheDocument[39m()[33m;[3
9m

[31m[2mΓÄ»ΓÄ»ΓÄ»ΓÄ»ΓÄ»ΓÄ»ΓÄ»ΓÄ»ΓÄ»ΓÄ»ΓÄ»ΓÄ»ΓÄ»ΓÄ»ΓÄ»ΓÄ»ΓÄ»ΓÄ»ΓÄ»ΓÄ»ΓÄ»[13/105
]ΓÄ»[22m[39m

[41m[1m FAIL [22m[49m src/components/__tests__/ChatBubble.test.tsx[2m > 
[22mChatBubble[2m > [22msearch sources footer[2m > [22mrenders source 
rows with numbered position, title, domain, and title-only tooltip
[31m[1mError[22m: Unable to fire a "click" event - please provide a DOM 
element.[39m
[90m [2mΓ¥»[22m createEvent 
node_modules/@testing-library/dom/dist/events.js:[2m27:11[22m[39m
[90m [2mΓ¥»[22m Function.createEvent.<computed> [as click] 
node_modules/@testing-library/dom/dist/events.js:[2m106:38[22m[39m
[90m [2mΓ¥»[22m Function.fireEvent.<computed> [as click] 
node_modules/@testing-library/dom/dist/events.js:[2m110:68[22m[39m
[90m [2mΓ¥»[22m Function.fireEvent.<computed> [as click] 
node_modules/@testing-library/react/dist/fire-event.js:[2m15:52[22m[39m
[36m [2mΓ¥»[22m openSources 
src/components/__tests__/ChatBubble.test.tsx:[2m15:13[22m[39m
    [90m 13|[39m     [32m'button.sources-trigger'[39m[33m,[39m
    [90m 14|[39m   ) [35mas[39m [33mHTMLButtonElement[39m[33m;[39m
    [90m 15|[39m   fireEvent[33m.[39m[34mclick[39m(trigger)[33m;[39m
    [90m   |[39m             [31m^[39m
    [90m 16|[39m }
    [90m 17|[39m
[90m [2mΓ¥»[22m 
src/components/__tests__/ChatBubble.test.tsx:[2m493:7[22m[39m

[31m[2mΓÄ»ΓÄ»ΓÄ»ΓÄ»ΓÄ»ΓÄ»ΓÄ»ΓÄ»ΓÄ»ΓÄ»ΓÄ»ΓÄ»ΓÄ»ΓÄ»ΓÄ»ΓÄ»ΓÄ»ΓÄ»ΓÄ»ΓÄ»ΓÄ»[14/105
]ΓÄ»[22m[39m

[41m[1m FAIL [22m[49m src/components/__tests__/ChatBubble.test.tsx[2m > 
[22mChatBubble[2m > [22msearch sources footer[2m > [22mfalls back to URL 
text when title is empty
[31m[1mError[22m: Unable to fire a "click" event - please provide a DOM 
element.[39m
[90m [2mΓ¥»[22m createEvent 
node_modules/@testing-library/dom/dist/events.js:[2m27:11[22m[39m
[90m [2mΓ¥»[22m Function.createEvent.<computed> [as click] 
node_modules/@testing-library/dom/dist/events.js:[2m106:38[22m[39m
[90m [2mΓ¥»[22m Function.fireEvent.<computed> [as click] 
node_modules/@testing-library/dom/dist/events.js:[2m110:68[22m[39m
[90m [2mΓ¥»[22m Function.fireEvent.<computed> [as click] 
node_modules/@testing-library/react/dist/fire-event.js:[2m15:52[22m[39m
[36m [2mΓ¥»[22m openSources 
src/components/__tests__/ChatBubble.test.tsx:[2m15:13[22m[39m
    [90m 13|[39m     [32m'button.sources-trigger'[39m[33m,[39m
    [90m 14|[39m   ) [35mas[39m [33mHTMLButtonElement[39m[33m;[39m
    [90m 15|[39m   fireEvent[33m.[39m[34mclick[39m(trigger)[33m;[39m
    [90m   |[39m             [31m^[39m
    [90m 16|[39m }
    [90m 17|[39m
[90m [2mΓ¥»[22m 
src/components/__tests__/ChatBubble.test.tsx:[2m521:7[22m[39m

[31m[2mΓÄ»ΓÄ»ΓÄ»ΓÄ»ΓÄ»ΓÄ»ΓÄ»ΓÄ»ΓÄ»ΓÄ»ΓÄ»ΓÄ»ΓÄ»ΓÄ»ΓÄ»ΓÄ»ΓÄ»ΓÄ»ΓÄ»ΓÄ»ΓÄ»[15/105
]ΓÄ»[22m[39m

[41m[1m FAIL [22m[49m src/components/__tests__/ChatBubble.test.tsx[2m > 
[22mChatBubble[2m > [22msearch sources footer[2m > [22minvokes open_url 
with the source URL when a row is clicked
[31m[1mError[22m: Unable to fire a "click" event - please provide a DOM 
element.[39m
[90m [2mΓ¥»[22m createEvent 
node_modules/@testing-library/dom/dist/events.js:[2m27:11[22m[39m
[90m [2mΓ¥»[22m Function.createEvent.<computed> [as click] 
node_modules/@testing-library/dom/dist/events.js:[2m106:38[22m[39m
[90m [2mΓ¥»[22m Function.fireEvent.<computed> [as click] 
node_modules/@testing-library/dom/dist/events.js:[2m110:68[22m[39m
[90m [2mΓ¥»[22m Function.fireEvent.<computed> [as click] 
node_modules/@testing-library/react/dist/fire-event.js:[2m15:52[22m[39m
[36m [2mΓ¥»[22m openSources 
src/components/__tests__/ChatBubble.test.tsx:[2m15:13[22m[39m
    [90m 13|[39m     [32m'button.sources-trigger'[39m[33m,[39m
    [90m 14|[39m   ) [35mas[39m [33mHTMLButtonElement[39m[33m;[39m
    [90m 15|[39m   fireEvent[33m.[39m[34mclick[39m(trigger)[33m;[39m
    [90m   |[39m             [31m^[39m
    [90m 16|[39m }
    [90m 17|[39m
[90m [2mΓ¥»[22m 
src/components/__tests__/ChatBubble.test.tsx:[2m536:7[22m[39m

[31m[2mΓÄ»ΓÄ»ΓÄ»ΓÄ»ΓÄ»ΓÄ»ΓÄ»ΓÄ»ΓÄ»ΓÄ»ΓÄ»ΓÄ»ΓÄ»ΓÄ»ΓÄ»ΓÄ»ΓÄ»ΓÄ»ΓÄ»ΓÄ»ΓÄ»[16/105
]ΓÄ»[22m[39m

[41m[1m FAIL [22m[49m src/components/__tests__/ChatBubble.test.tsx[2m > 
[22mChatBubble[2m > [22msearch sources footer[2m > [22mstrips www. prefix 
from domain in row display
[31m[1mError[22m: Unable to fire a "click" event - please provide a DOM 
element.[39m
[90m [2mΓ¥»[22m createEvent 
node_modules/@testing-library/dom/dist/events.js:[2m27:11[22m[39m
[90m [2mΓ¥»[22m Function.createEvent.<computed> [as click] 
node_modules/@testing-library/dom/dist/events.js:[2m106:38[22m[39m
[90m [2mΓ¥»[22m Function.fireEvent.<computed> [as click] 
node_modules/@testing-library/dom/dist/events.js:[2m110:68[22m[39m
[90m [2mΓ¥»[22m Function.fireEvent.<computed> [as click] 
node_modules/@testing-library/react/dist/fire-event.js:[2m15:52[22m[39m
[36m [2mΓ¥»[22m openSources 
src/components/__tests__/ChatBubble.test.tsx:[2m15:13[22m[39m
    [90m 13|[39m     [32m'button.sources-trigger'[39m[33m,[39m
    [90m 14|[39m   ) [35mas[39m [33mHTMLButtonElement[39m[33m;[39m
    [90m 15|[39m   fireEvent[33m.[39m[34mclick[39m(trigger)[33m;[39m
    [90m   |[39m             [31m^[39m
    [90m 16|[39m }
    [90m 17|[39m
[90m [2mΓ¥»[22m 
src/components/__tests__/ChatBubble.test.tsx:[2m573:7[22m[39m

[31m[2mΓÄ»ΓÄ»ΓÄ»ΓÄ»ΓÄ»ΓÄ»ΓÄ»ΓÄ»ΓÄ»ΓÄ»ΓÄ»ΓÄ»ΓÄ»ΓÄ»ΓÄ»ΓÄ»ΓÄ»ΓÄ»ΓÄ»ΓÄ»ΓÄ»[17/105
]ΓÄ»[22m[39m

[41m[1m FAIL [22m[49m src/components/__tests__/ChatBubble.test.tsx[2m > 
[22mChatBubble[2m > [22msearch sources footer[2m > [22mfalls back to raw 
URL for unparseable source URLs in row display
[31m[1mError[22m: Unable to fire a "click" event - please provide a DOM 
element.[39m
[90m [2mΓ¥»[22m createEvent 
node_modules/@testing-library/dom/dist/events.js:[2m27:11[22m[39m
[90m [2mΓ¥»[22m Function.createEvent.<computed> [as click] 
node_modules/@testing-library/dom/dist/events.js:[2m106:38[22m[39m
[90m [2mΓ¥»[22m Function.fireEvent.<computed> [as click] 
node_modules/@testing-library/dom/dist/events.js:[2m110:68[22m[39m
[90m [2mΓ¥»[22m Function.fireEvent.<computed> [as click] 
node_modules/@testing-library/react/dist/fire-event.js:[2m15:52[22m[39m
[36m [2mΓ¥»[22m openSources 
src/components/__tests__/ChatBubble.test.tsx:[2m15:13[22m[39m
    [90m 13|[39m     [32m'button.sources-trigger'[39m[33m,[39m
    [90m 14|[39m   ) [35mas[39m [33mHTMLButtonElement[39m[33m;[39m
    [90m 15|[39m   fireEvent[33m.[39m[34mclick[39m(trigger)[33m;[39m
    [90m   |[39m             [31m^[39m
    [90m 16|[39m }
    [90m 17|[39m
[90m [2mΓ¥»[22m 
src/components/__tests__/ChatBubble.test.tsx:[2m588:7[22m[39m

[31m[2mΓÄ»ΓÄ»ΓÄ»ΓÄ»ΓÄ»ΓÄ»ΓÄ»ΓÄ»ΓÄ»ΓÄ»ΓÄ»ΓÄ»ΓÄ»ΓÄ»ΓÄ»ΓÄ»ΓÄ»ΓÄ»ΓÄ»ΓÄ»ΓÄ»[18/105
]ΓÄ»[22m[39m

[41m[1m FAIL [22m[49m src/components/__tests__/ChatBubble.test.tsx[2m > 
[22mChatBubble[2m > [22msearch sources footer[2m > [22mrenders up to 
three letter avatars in the trigger
[31m[1mTypeError[22m: Cannot read properties of null (reading 
'querySelectorAll')[39m
[36m [2mΓ¥»[22m 
src/components/__tests__/ChatBubble.test.tsx:[2m624:31[22m[39m
    [90m622|[39m       )[33m;[39m
    [90m623|[39m       const trigger = 
container.querySelector('button.sources-trigger'ΓÇª
    [90m624|[39m       [35mconst[39m avatars [33m=[39m trigger[33m.[39m
[34mquerySelectorAll[39m([32m'span.rounded-full'[39m)[33m;[39m
    [90m   |[39m                               [31m^[39m
    [90m625|[39m       [90m// At most 3 avatars are shown even when there 
are more sources.[39m
    [90m626|[39m       [34mexpect[39m(avatars)[33m.[39m[34mtoHaveLength
[39m([34m3[39m)[33m;[39m

[31m[2mΓÄ»ΓÄ»ΓÄ»ΓÄ»ΓÄ»ΓÄ»ΓÄ»ΓÄ»ΓÄ»ΓÄ»ΓÄ»ΓÄ»ΓÄ»ΓÄ»ΓÄ»ΓÄ»ΓÄ»ΓÄ»ΓÄ»ΓÄ»ΓÄ»[19/105
]ΓÄ»[22m[39m

[41m[1m FAIL [22m[49m src/components/__tests__/ChatBubble.test.tsx[2m > 
[22mChatBubble[2m > [22msearch sources footer[2m > [22mshows the correct 
singular/plural count in the trigger label
[31m[1mTypeError[22m: Cannot read properties of null (reading 
'textContent')[39m
[36m [2mΓ¥»[22m 
src/components/__tests__/ChatBubble.test.tsx:[2m642:59[22m[39m
    [90m640|[39m       )[33m;[39m
    [90m641|[39m       [34mexpect[39m(
    [90m642|[39m         (container.querySelector('button.sources-trigger') 
as HTMLElemΓÇª
    [90m   |[39m                                                           
[31m^[39m
    [90m643|[39m           [33m.[39mtextContent[33m,[39m
    [90m644|[39m       )[33m.[39m[34mtoContain[39m([32m'1 
source'[39m)[33m;[39m

[31m[2mΓÄ»ΓÄ»ΓÄ»ΓÄ»ΓÄ»ΓÄ»ΓÄ»ΓÄ»ΓÄ»ΓÄ»ΓÄ»ΓÄ»ΓÄ»ΓÄ»ΓÄ»ΓÄ»ΓÄ»ΓÄ»ΓÄ»ΓÄ»ΓÄ»[20/105
]ΓÄ»[22m[39m

[41m[1m FAIL [22m[49m src/components/__tests__/ChatBubble.test.tsx[2m > 
[22mChatBubble[2m > [22msearch sources footer[2m > [22mgenerates a 
deterministic avatar color from the source domain
[31m[1mTypeError[22m: Cannot read properties of undefined (reading 
'style')[39m
[36m [2mΓ¥»[22m 
src/components/__tests__/ChatBubble.test.tsx:[2m679:25[22m[39m
    [90m677|[39m       ) [35mas[39m [33mHTMLElement[39m[][33m;[39m
    [90m678|[39m       [90m// Different domains produce different 
colors.[39m
    [90m679|[39m       
expect(avatars[0].style.background).not.toBe(avatars[1].style.baΓÇª
    [90m   |[39m                         [31m^[39m
    [90m680|[39m       [90m// Color is a linear-gradient string.[39m
    [90m681|[39m       [34mexpect[39m(avatars[[34m0[39m][33m.[39mstyle
[33m.[39mbackground)[33m.[39m[34mtoContain[39m([32m'linear-gradient'[39m
)[33m;[39m

[31m[2mΓÄ»ΓÄ»ΓÄ»ΓÄ»ΓÄ»ΓÄ»ΓÄ»ΓÄ»ΓÄ»ΓÄ»ΓÄ»ΓÄ»ΓÄ»ΓÄ»ΓÄ»ΓÄ»ΓÄ»ΓÄ»ΓÄ»ΓÄ»ΓÄ»[21/105
]ΓÄ»[22m[39m

[41m[1m FAIL [22m[49m src/components/__tests__/ChatBubble.test.tsx[2m > 
[22mChatBubble[2m > [22msearch sources footer[2m > [22mrenders first 
letter uppercased for each avatar
[31m[1mTypeError[22m: Cannot read properties of null (reading 
'textContent')[39m
[36m [2mΓ¥»[22m 
src/components/__tests__/ChatBubble.test.tsx:[2m698:21[22m[39m
    [90m696|[39m       )[33m![39m[33m;[39m
    [90m697|[39m       [90m// The domain "a.com" first character is "a", 
uppercased to "A".[39m
    [90m698|[39m       [34mexpect[39m(avatar[33m.[39mtextContent)[33m.[
39m[34mtoBe[39m([32m'A'[39m)[33m;[39m
    [90m   |[39m                     [31m^[39m
    [90m699|[39m     })[33m;[39m
    [90m700|[39m

[31m[2mΓÄ»ΓÄ»ΓÄ»ΓÄ»ΓÄ»ΓÄ»ΓÄ»ΓÄ»ΓÄ»ΓÄ»ΓÄ»ΓÄ»ΓÄ»ΓÄ»ΓÄ»ΓÄ»ΓÄ»ΓÄ»ΓÄ»ΓÄ»ΓÄ»[22/105
]ΓÄ»[22m[39m

[41m[1m FAIL [22m[49m src/components/__tests__/ChatBubble.test.tsx[2m > 
[22mChatBubble[2m > [22msearch sources footer[2m > [22mverifies avatar 
letter uses either domain first char or fallback
[31m[1mTypeError[22m: Cannot read properties of undefined (reading 
'textContent')[39m
[36m [2mΓ¥»[22m 
src/components/__tests__/ChatBubble.test.tsx:[2m721:25[22m[39m
    [90m719|[39m       )[33m;[39m
    [90m720|[39m       [90m// Both should render valid characters.[39m
    [90m721|[39m       [34mexpect[39m(avatars[[34m0[39m][33m.[39mtextCo
ntent)[33m.[39m[34mtoBe[39m([32m'A'[39m)[33m;[39m
    [90m   |[39m                         [31m^[39m
    [90m722|[39m       [34mexpect[39m(avatars[[34m1[39m][33m.[39mtextCo
ntent)[33m.[39m[34mtoBe[39m([32m'B'[39m)[33m;[39m
    [90m723|[39m       [90m// Verify they're both truthy single 
characters.[39m

[31m[2mΓÄ»ΓÄ»ΓÄ»ΓÄ»ΓÄ»ΓÄ»ΓÄ»ΓÄ»ΓÄ»ΓÄ»ΓÄ»ΓÄ»ΓÄ»ΓÄ»ΓÄ»ΓÄ»ΓÄ»ΓÄ»ΓÄ»ΓÄ»ΓÄ»[23/105
]ΓÄ»[22m[39m

[41m[1m FAIL [22m[49m src/components/__tests__/ChatBubble.test.tsx[2m > 
[22mChatBubble[2m > [22msearch warning icon[2m > [22mrenders the warning 
icon beside Sources when message has searchWarnings
[31m[1mTestingLibraryElementError[22m: Unable to find an accessible element 
with the role "img" and name `/warning/i`

Here are the accessible roles:

  paragraph:

  Name "":
  [36m<p />[31m

  --------------------------------------------------
  link:

  Name "A":
  [36m<a[31m
    [33mclass[31m=[32m"text-[10px] px-2 py-0.5 rounded bg-white/5 
text-blue-400 hover:bg-white/10 truncate max-w-[200px]"[31m
    [33mhref[31m=[32m"https://a.com"[31m
    [33mrel[31m=[32m"noopener noreferrer"[31m
    [33mtarget[31m=[32m"_blank"[31m
    [33mtitle[31m=[32m"https://a.com"[31m
  [36m/>[31m

  --------------------------------------------------
  button:

  Name "Copy message":
  [36m<button[31m
    [33maria-label[31m=[32m"Copy message"[31m
    [33mclass[31m=[32m"transition-opacity duration-150 text-white/40 
hover:text-white/70 p-0.5 rounded cursor-pointer"[31m
  [36m/>[31m

  --------------------------------------------------

Ignored nodes: comments, script, style
[36m<body>[31m
  [36m<div>[31m
    [36m<div[31m
      [33mclass[31m=[32m"flex w-full justify-start"[31m
    [36m>[31m
      [36m<div[31m
        [33mclass[31m=[32m"flex flex-col w-full"[31m
      [36m>[31m
        [36m<div[31m
          [33mclass[31m=[32m"flex flex-wrap gap-1.5 mb-2"[31m
        [36m>[31m
          [36m<span[31m
            [33mclass[31m=[32m"text-[10px] px-1.5 py-0.5 rounded 
bg-amber-900/30 text-amber-400"[31m
          [36m>[31m
            [0mCouldn't read full pages. Showing results from search snippets 
only.[0m
          [36m</span>[31m
        [36m</div>[31m
        [36m<div[31m
          [33mclass[31m=[32m"text-sm leading-relaxed select-text py-1"[31m
        [36m>[31m
          [36m<span[31m
            [33mclass[31m=[32m"markdown-body "[31m
          [36m>[31m
            [36m<div[31m
              [33mclass[31m=[32m"space-y-4 whitespace-normal 
[&>*:first-child]:mt-0 [&>*:last-child]:mb-0"[31m
            [36m>[31m
              [36m<p>[31m
                [0manswer[0m
              [36m</p>[31m
            [36m</div>[31m
          [36m</span>[31m
        [36m</div>[31m
        [36m<div[31m
          [33mclass[31m=[32m"mt-1.5 flex flex-wrap gap-1.5"[31m
        [36m>[31m
          [36m<a[31m
            [33mclass[31m=[32m"text-[10px] px-2 py-0.5 rounded bg-white/5 
text-blue-400 hover:bg-white/10 truncate max-w-[200px]"[31m
            [33mhref[31m=[32m"https://a.com"[31m
            [33mrel[31m=[32m"noopener noreferrer"[31m
            [33mtarget[31m=[32m"_blank"[31m
            [33mtitle[31m=[32m"https://a.com"[31m
          [36m>[31m
            [0mA[0m
          [36m</a>[31m
        [36m</div>[31m
        [36m<div[31m
          [33mclass[31m=[32m"h-6 flex items-center"[31m
        [36m>[31m
          [36m<div[31m
            [33mclass[31m=[32m"flex w-full justify-start"[31m
          [36m>[31m
            [36m<button[31m
              [33maria-label[31m=[32m"Copy message"[31m
              [33mclass[31m=[32m"transition-opacity duration-150 
text-white/40 hover:text-white/70 p-0.5 rounded cursor-pointer"[31m
            [36m>[31m
              [36m<span[31m
                [33mclass[31m=[32m"flex"[31m
              [36m>[31m
                [36m<svg[31m
                  [33maria-hidden[31m=[32m"true"[31m
                  [33mfill[31m=[32m"none"[31m
                  [33mheight[31m=[32m"14"[31m
                  [33mstroke[31m=[32m"currentColor"[31m
                  [33mstroke-linecap[31m=[32m"round"[31m
                  [33mstroke-linejoin[31m=[32m"round"[31m
                  [33mstroke-width[31m=[32m"2"[31m
                  [33mviewBox[31m=[32m"0 0 24 24"[31m
                  [33mwidth[31m=[32m"14"[31m
                [36m>[31m
                  [36m<rect[31m
                    [33mheight[31m=[32m"13"[31m
                    [33mrx[31m=[32m"2"[31m
                    [33mry[31m=[32m"2"[31m
                    [33mwidth[31m=[32m"13"[31m
                    [33mx[31m=[32m"9"[31m
                    [33my[31m=[32m"9"[31m
                  [36m/>[31m
                  [36m<path[31m
                    [33md[31m=[32m"M5 15H4a2 2 0 0 1-2-2V4a2 2 0 0 1 
2-2h9a2 2 0 0 1 2 2v1"[31m
                  [36m/>[31m
                [36m</svg>[31m
              [36m</span>[31m
            [36m</button>[31m
          [36m</div>[31m
        [36m</div>[31m
      [36m</div>[31m
    [36m</div>[31m
  [36m</div>[31m
[36m</body>[31m[39m
[90m [2mΓ¥»[22m Object.getElementError 
node_modules/@testing-library/dom/dist/config.js:[2m37:19[22m[39m
[90m [2mΓ¥»[22m 
node_modules/@testing-library/dom/dist/query-helpers.js:[2m76:38[22m[39m
[90m [2mΓ¥»[22m 
node_modules/@testing-library/dom/dist/query-helpers.js:[2m52:17[22m[39m
[90m [2mΓ¥»[22m 
node_modules/@testing-library/dom/dist/query-helpers.js:[2m95:19[22m[39m
[36m [2mΓ¥»[22m 
src/components/__tests__/ChatBubble.test.tsx:[2m740:21[22m[39m
    [90m738|[39m         [33m/[39m[33m>[39m[33m,[39m
    [90m739|[39m       )[33m;[39m
    [90m740|[39m       expect(screen.getByRole('img', { name: /warning/i 
})).toBeInTheDΓÇª
    [90m   |[39m                     [31m^[39m
    [90m741|[39m     })[33m;[39m
    [90m742|[39m

[31m[2mΓÄ»ΓÄ»ΓÄ»ΓÄ»ΓÄ»ΓÄ»ΓÄ»ΓÄ»ΓÄ»ΓÄ»ΓÄ»ΓÄ»ΓÄ»ΓÄ»ΓÄ»ΓÄ»ΓÄ»ΓÄ»ΓÄ»ΓÄ»ΓÄ»[24/105
]ΓÄ»[22m[39m

[41m[1m FAIL [22m[49m src/components/__tests__/ChatBubble.test.tsx[2m > 
[22mChatBubble[2m > [22msearch warning icon[2m > [22mrenders the warning 
icon even when there are no sources
[31m[1mTestingLibraryElementError[22m: Unable to find an accessible element 
with the role "img" and name `/error/i`

Here are the accessible roles:

  paragraph:

  Name "":
  [36m<p />[31m

  --------------------------------------------------
  button:

  Name "Copy message":
  [36m<button[31m
    [33maria-label[31m=[32m"Copy message"[31m
    [33mclass[31m=[32m"transition-opacity duration-150 text-white/40 
hover:text-white/70 p-0.5 rounded cursor-pointer"[31m
  [36m/>[31m

  --------------------------------------------------

Ignored nodes: comments, script, style
[36m<body>[31m
  [36m<div>[31m
    [36m<div[31m
      [33mclass[31m=[32m"flex w-full justify-start"[31m
    [36m>[31m
      [36m<div[31m
        [33mclass[31m=[32m"flex flex-col w-full"[31m
      [36m>[31m
        [36m<div[31m
          [33mclass[31m=[32m"flex flex-wrap gap-1.5 mb-2"[31m
        [36m>[31m
          [36m<span[31m
            [33mclass[31m=[32m"text-[10px] px-1.5 py-0.5 rounded 
bg-red-900/30 text-red-400"[31m
          [36m>[31m
            [0mNo search results found. Try rephrasing your question.[0m
          [36m</span>[31m
        [36m</div>[31m
        [36m<div[31m
          [33mclass[31m=[32m"text-sm leading-relaxed select-text py-1"[31m
        [36m>[31m
          [36m<span[31m
            [33mclass[31m=[32m"markdown-body "[31m
          [36m>[31m
            [36m<div[31m
              [33mclass[31m=[32m"space-y-4 whitespace-normal 
[&>*:first-child]:mt-0 [&>*:last-child]:mb-0"[31m
            [36m>[31m
              [36m<p>[31m
                [0manswer[0m
              [36m</p>[31m
            [36m</div>[31m
          [36m</span>[31m
        [36m</div>[31m
        [36m<div[31m
          [33mclass[31m=[32m"h-6 flex items-center"[31m
        [36m>[31m
          [36m<div[31m
            [33mclass[31m=[32m"flex w-full justify-start"[31m
          [36m>[31m
            [36m<button[31m
              [33maria-label[31m=[32m"Copy message"[31m
              [33mclass[31m=[32m"transition-opacity duration-150 
text-white/40 hover:text-white/70 p-0.5 rounded cursor-pointer"[31m
            [36m>[31m
              [36m<span[31m
                [33mclass[31m=[32m"flex"[31m
              [36m>[31m
                [36m<svg[31m
                  [33maria-hidden[31m=[32m"true"[31m
                  [33mfill[31m=[32m"none"[31m
                  [33mheight[31m=[32m"14"[31m
                  [33mstroke[31m=[32m"currentColor"[31m
                  [33mstroke-linecap[31m=[32m"round"[31m
                  [33mstroke-linejoin[31m=[32m"round"[31m
                  [33mstroke-width[31m=[32m"2"[31m
                  [33mviewBox[31m=[32m"0 0 24 24"[31m
                  [33mwidth[31m=[32m"14"[31m
                [36m>[31m
                  [36m<rect[31m
                    [33mheight[31m=[32m"13"[31m
                    [33mrx[31m=[32m"2"[31m
                    [33mry[31m=[32m"2"[31m
                    [33mwidth[31m=[32m"13"[31m
                    [33mx[31m=[32m"9"[31m
                    [33my[31m=[32m"9"[31m
                  [36m/>[31m
                  [36m<path[31m
                    [33md[31m=[32m"M5 15H4a2 2 0 0 1-2-2V4a2 2 0 0 1 
2-2h9a2 2 0 0 1 2 2v1"[31m
                  [36m/>[31m
                [36m</svg>[31m
              [36m</span>[31m
            [36m</button>[31m
          [36m</div>[31m
        [36m</div>[31m
      [36m</div>[31m
    [36m</div>[31m
  [36m</div>[31m
[36m</body>[31m[39m
[90m [2mΓ¥»[22m Object.getElementError 
node_modules/@testing-library/dom/dist/config.js:[2m37:19[22m[39m
[90m [2mΓ¥»[22m 
node_modules/@testing-library/dom/dist/query-helpers.js:[2m76:38[22m[39m
[90m [2mΓ¥»[22m 
node_modules/@testing-library/dom/dist/query-helpers.js:[2m52:17[22m[39m
[90m [2mΓ¥»[22m 
node_modules/@testing-library/dom/dist/query-helpers.js:[2m95:19[22m[39m
[36m [2mΓ¥»[22m 
src/components/__tests__/ChatBubble.test.tsx:[2m752:21[22m[39m
    [90m750|[39m         [33m/[39m[33m>[39m[33m,[39m
    [90m751|[39m       )[33m;[39m
    [90m752|[39m       expect(screen.getByRole('img', { name: /error/i 
})).toBeInTheDocΓÇª
    [90m   |[39m                     [31m^[39m
    [90m753|[39m     })[33m;[39m
    [90m754|[39m

[31m[2mΓÄ»ΓÄ»ΓÄ»ΓÄ»ΓÄ»ΓÄ»ΓÄ»ΓÄ»ΓÄ»ΓÄ»ΓÄ»ΓÄ»ΓÄ»ΓÄ»ΓÄ»ΓÄ»ΓÄ»ΓÄ»ΓÄ»ΓÄ»ΓÄ»[25/105
]ΓÄ»[22m[39m

[41m[1m FAIL [22m[49m src/components/__tests__/ChatBubble.test.tsx[2m > 
[22mChatBubble[2m > [22msearch warning icon[2m > [22mapplies 
search-bubble--error class when any warning is error-severity
[31m[1mTestingLibraryElementError[22m: Unable to find an element by: 
[data-testid="chat-bubble"]

Ignored nodes: comments, script, style
[36m<body>[31m
  [36m<div>[31m
    [36m<div[31m
      [33mclass[31m=[32m"flex w-full justify-start"[31m
    [36m>[31m
      [36m<div[31m
        [33mclass[31m=[32m"flex flex-col w-full"[31m
      [36m>[31m
        [36m<div[31m
          [33mclass[31m=[32m"flex flex-wrap gap-1.5 mb-2"[31m
        [36m>[31m
          [36m<span[31m
            [33mclass[31m=[32m"text-[10px] px-1.5 py-0.5 rounded 
bg-red-900/30 text-red-400"[31m
          [36m>[31m
            [0mSomething went wrong while analyzing your question. Try 
again.[0m
          [36m</span>[31m
        [36m</div>[31m
        [36m<div[31m
          [33mclass[31m=[32m"text-sm leading-relaxed select-text py-1"[31m
        [36m>[31m
          [36m<span[31m
            [33mclass[31m=[32m"markdown-body "[31m
          [36m>[31m
            [36m<div[31m
              [33mclass[31m=[32m"space-y-4 whitespace-normal 
[&>*:first-child]:mt-0 [&>*:last-child]:mb-0"[31m
            [36m>[31m
              [36m<p>[31m
                [0manswer[0m
              [36m</p>[31m
            [36m</div>[31m
          [36m</span>[31m
        [36m</div>[31m
        [36m<div[31m
          [33mclass[31m=[32m"h-6 flex items-center"[31m
        [36m>[31m
          [36m<div[31m
            [33mclass[31m=[32m"flex w-full justify-start"[31m
          [36m>[31m
            [36m<button[31m
              [33maria-label[31m=[32m"Copy message"[31m
              [33mclass[31m=[32m"transition-opacity duration-150 
text-white/40 hover:text-white/70 p-0.5 rounded cursor-pointer"[31m
            [36m>[31m
              [36m<span[31m
                [33mclass[31m=[32m"flex"[31m
              [36m>[31m
                [36m<svg[31m
                  [33maria-hidden[31m=[32m"true"[31m
                  [33mfill[31m=[32m"none"[31m
                  [33mheight[31m=[32m"14"[31m
                  [33mstroke[31m=[32m"currentColor"[31m
                  [33mstroke-linecap[31m=[32m"round"[31m
                  [33mstroke-linejoin[31m=[32m"round"[31m
                  [33mstroke-width[31m=[32m"2"[31m
                  [33mviewBox[31m=[32m"0 0 24 24"[31m
                  [33mwidth[31m=[32m"14"[31m
                [36m>[31m
                  [36m<rect[31m
                    [33mheight[31m=[32m"13"[31m
                    [33mrx[31m=[32m"2"[31m
                    [33mry[31m=[32m"2"[31m
                    [33mwidth[31m=[32m"13"[31m
                    [33mx[31m=[32m"9"[31m
                    [33my[31m=[32m"9"[31m
                  [36m/>[31m
                  [36m<path[31m
                    [33md[31m=[32m"M5 15H4a2 2 0 0 1-2-2V4a2 2 0 0 1 
2-2h9a2 2 0 0 1 2 2v1"[31m
                  [36m/>[31m
                [36m</svg>[31m
              [36m</span>[31m
            [36m</button>[31m
          [36m</div>[31m
        [36m</div>[31m
      [36m</div>[31m
    [36m</div>[31m
  [36m</div>[31m
[36m</body>[31m[39m
[90m [2mΓ¥»[22m Object.getElementError 
node_modules/@testing-library/dom/dist/config.js:[2m37:19[22m[39m
[90m [2mΓ¥»[22m 
node_modules/@testing-library/dom/dist/query-helpers.js:[2m76:38[22m[39m
[90m [2mΓ¥»[22m 
node_modules/@testing-library/dom/dist/query-helpers.js:[2m52:17[22m[39m
[90m [2mΓ¥»[22m 
node_modules/@testing-library/dom/dist/query-helpers.js:[2m95:19[22m[39m
[36m [2mΓ¥»[22m 
src/components/__tests__/ChatBubble.test.tsx:[2m788:29[22m[39m
    [90m786|[39m         [33m/[39m[33m>[39m[33m,[39m
    [90m787|[39m       )[33m;[39m
    [90m788|[39m       [35mconst[39m bubble [33m=[39m 
screen[33m.[39m[34mgetByTestId[39m([32m'chat-bubble'[39m)[33m;[39m
    [90m   |[39m                             [31m^[39m
    [90m789|[39m       [34mexpect[39m(bubble[33m.[39mclassName)[33m.[39
m[34mtoContain[39m([32m'search-bubble--error'[39m)[33m;[39m
    [90m790|[39m     })[33m;[39m

[31m[2mΓÄ»ΓÄ»ΓÄ»ΓÄ»ΓÄ»ΓÄ»ΓÄ»ΓÄ»ΓÄ»ΓÄ»ΓÄ»ΓÄ»ΓÄ»ΓÄ»ΓÄ»ΓÄ»ΓÄ»ΓÄ»ΓÄ»ΓÄ»ΓÄ»[26/105
]ΓÄ»[22m[39m

[41m[1m FAIL [22m[49m src/components/__tests__/ChatBubble.test.tsx[2m > 
[22mChatBubble[2m > [22msearch warning icon[2m > [22mdoes not apply 
search-bubble--error class for warn-severity warnings
[31m[1mTestingLibraryElementError[22m: Unable to find an element by: 
[data-testid="chat-bubble"]

Ignored nodes: comments, script, style
[36m<body>[31m
  [36m<div>[31m
    [36m<div[31m
      [33mclass[31m=[32m"flex w-full justify-start"[31m
    [36m>[31m
      [36m<div[31m
        [33mclass[31m=[32m"flex flex-col w-full"[31m
      [36m>[31m
        [36m<div[31m
          [33mclass[31m=[32m"flex flex-wrap gap-1.5 mb-2"[31m
        [36m>[31m
          [36m<span[31m
            [33mclass[31m=[32m"text-[10px] px-1.5 py-0.5 rounded 
bg-amber-900/30 text-amber-400"[31m
          [36m>[31m
            [0mCouldn't read full pages. Showing results from search snippets 
only.[0m
          [36m</span>[31m
        [36m</div>[31m
        [36m<div[31m
          [33mclass[31m=[32m"text-sm leading-relaxed select-text py-1"[31m
        [36m>[31m
          [36m<span[31m
            [33mclass[31m=[32m"markdown-body "[31m
          [36m>[31m
            [36m<div[31m
              [33mclass[31m=[32m"space-y-4 whitespace-normal 
[&>*:first-child]:mt-0 [&>*:last-child]:mb-0"[31m
            [36m>[31m
              [36m<p>[31m
                [0manswer[0m
              [36m</p>[31m
            [36m</div>[31m
          [36m</span>[31m
        [36m</div>[31m
        [36m<div[31m
          [33mclass[31m=[32m"h-6 flex items-center"[31m
        [36m>[31m
          [36m<div[31m
            [33mclass[31m=[32m"flex w-full justify-start"[31m
          [36m>[31m
            [36m<button[31m
              [33maria-label[31m=[32m"Copy message"[31m
              [33mclass[31m=[32m"transition-opacity duration-150 
text-white/40 hover:text-white/70 p-0.5 rounded cursor-pointer"[31m
            [36m>[31m
              [36m<span[31m
                [33mclass[31m=[32m"flex"[31m
              [36m>[31m
                [36m<svg[31m
                  [33maria-hidden[31m=[32m"true"[31m
                  [33mfill[31m=[32m"none"[31m
                  [33mheight[31m=[32m"14"[31m
                  [33mstroke[31m=[32m"currentColor"[31m
                  [33mstroke-linecap[31m=[32m"round"[31m
                  [33mstroke-linejoin[31m=[32m"round"[31m
                  [33mstroke-width[31m=[32m"2"[31m
                  [33mviewBox[31m=[32m"0 0 24 24"[31m
                  [33mwidth[31m=[32m"14"[31m
                [36m>[31m
                  [36m<rect[31m
                    [33mheight[31m=[32m"13"[31m
                    [33mrx[31m=[32m"2"[31m
                    [33mry[31m=[32m"2"[31m
                    [33mwidth[31m=[32m"13"[31m
                    [33mx[31m=[32m"9"[31m
                    [33my[31m=[32m"9"[31m
                  [36m/>[31m
                  [36m<path[31m
                    [33md[31m=[32m"M5 15H4a2 2 0 0 1-2-2V4a2 2 0 0 1 
2-2h9a2 2 0 0 1 2 2v1"[31m
                  [36m/>[31m
                [36m</svg>[31m
              [36m</span>[31m
            [36m</button>[31m
          [36m</div>[31m
        [36m</div>[31m
      [36m</div>[31m
    [36m</div>[31m
  [36m</div>[31m
[36m</body>[31m[39m
[90m [2mΓ¥»[22m Object.getElementError 
node_modules/@testing-library/dom/dist/config.js:[2m37:19[22m[39m
[90m [2mΓ¥»[22m 
node_modules/@testing-library/dom/dist/query-helpers.js:[2m76:38[22m[39m
[90m [2mΓ¥»[22m 
node_modules/@testing-library/dom/dist/query-helpers.js:[2m52:17[22m[39m
[90m [2mΓ¥»[22m 
node_modules/@testing-library/dom/dist/query-helpers.js:[2m95:19[22m[39m
[36m [2mΓ¥»[22m 
src/components/__tests__/ChatBubble.test.tsx:[2m801:29[22m[39m
    [90m799|[39m         [33m/[39m[33m>[39m[33m,[39m
    [90m800|[39m       )[33m;[39m
    [90m801|[39m       [35mconst[39m bubble [33m=[39m 
screen[33m.[39m[34mgetByTestId[39m([32m'chat-bubble'[39m)[33m;[39m
    [90m   |[39m                             [31m^[39m
    [90m802|[39m       [34mexpect[39m(bubble[33m.[39mclassName)[33m.[39
mnot[33m.[39m[34mtoContain[39m([32m'search-bubble--error'[39m)[33m;[39m
    [90m803|[39m     })[33m;[39m

[31m[2mΓÄ»ΓÄ»ΓÄ»ΓÄ»ΓÄ»ΓÄ»ΓÄ»ΓÄ»ΓÄ»ΓÄ»ΓÄ»ΓÄ»ΓÄ»ΓÄ»ΓÄ»ΓÄ»ΓÄ»ΓÄ»ΓÄ»ΓÄ»ΓÄ»[27/105
]ΓÄ»[22m[39m

[41m[1m FAIL [22m[49m src/components/__tests__/ChatBubble.test.tsx[2m > 
[22mChatBubble[2m > [22msearch warning icon[2m > [22mdoes not apply 
search-bubble--error class when no warnings
[31m[1mTestingLibraryElementError[22m: Unable to find an element by: 
[data-testid="chat-bubble"]

Ignored nodes: comments, script, style
[36m<body>[31m
  [36m<div>[31m
    [36m<div[31m
      [33mclass[31m=[32m"flex w-full justify-start"[31m
    [36m>[31m
      [36m<div[31m
        [33mclass[31m=[32m"flex flex-col w-full"[31m
      [36m>[31m
        [36m<div[31m
          [33mclass[31m=[32m"text-sm leading-relaxed select-text py-1"[31m
        [36m>[31m
          [36m<span[31m
            [33mclass[31m=[32m"markdown-body "[31m
          [36m>[31m
            [36m<div[31m
              [33mclass[31m=[32m"space-y-4 whitespace-normal 
[&>*:first-child]:mt-0 [&>*:last-child]:mb-0"[31m
            [36m>[31m
              [36m<p>[31m
                [0manswer[0m
              [36m</p>[31m
            [36m</div>[31m
          [36m</span>[31m
        [36m</div>[31m
        [36m<div[31m
          [33mclass[31m=[32m"h-6 flex items-center"[31m
        [36m>[31m
          [36m<div[31m
            [33mclass[31m=[32m"flex w-full justify-start"[31m
          [36m>[31m
            [36m<button[31m
              [33maria-label[31m=[32m"Copy message"[31m
              [33mclass[31m=[32m"transition-opacity duration-150 
text-white/40 hover:text-white/70 p-0.5 rounded cursor-pointer"[31m
            [36m>[31m
              [36m<span[31m
                [33mclass[31m=[32m"flex"[31m
              [36m>[31m
                [36m<svg[31m
                  [33maria-hidden[31m=[32m"true"[31m
                  [33mfill[31m=[32m"none"[31m
                  [33mheight[31m=[32m"14"[31m
                  [33mstroke[31m=[32m"currentColor"[31m
                  [33mstroke-linecap[31m=[32m"round"[31m
                  [33mstroke-linejoin[31m=[32m"round"[31m
                  [33mstroke-width[31m=[32m"2"[31m
                  [33mviewBox[31m=[32m"0 0 24 24"[31m
                  [33mwidth[31m=[32m"14"[31m
                [36m>[31m
                  [36m<rect[31m
                    [33mheight[31m=[32m"13"[31m
                    [33mrx[31m=[32m"2"[31m
                    [33mry[31m=[32m"2"[31m
                    [33mwidth[31m=[32m"13"[31m
                    [33mx[31m=[32m"9"[31m
                    [33my[31m=[32m"9"[31m
                  [36m/>[31m
                  [36m<path[31m
                    [33md[31m=[32m"M5 15H4a2 2 0 0 1-2-2V4a2 2 0 0 1 
2-2h9a2 2 0 0 1 2 2v1"[31m
                  [36m/>[31m
                [36m</svg>[31m
              [36m</span>[31m
            [36m</button>[31m
          [36m</div>[31m
        [36m</div>[31m
      [36m</div>[31m
    [36m</div>[31m
  [36m</div>[31m
[36m</body>[31m[39m
[90m [2mΓ¥»[22m Object.getElementError 
node_modules/@testing-library/dom/dist/config.js:[2m37:19[22m[39m
[90m [2mΓ¥»[22m 
node_modules/@testing-library/dom/dist/query-helpers.js:[2m76:38[22m[39m
[90m [2mΓ¥»[22m 
node_modules/@testing-library/dom/dist/query-helpers.js:[2m52:17[22m[39m
[90m [2mΓ¥»[22m 
node_modules/@testing-library/dom/dist/query-helpers.js:[2m95:19[22m[39m
[36m [2mΓ¥»[22m 
src/components/__tests__/ChatBubble.test.tsx:[2m807:29[22m[39m
    [90m805|[39m     it('does not apply search-bubble--error class when no 
warnings', (ΓÇª
    [90m806|[39m       render(<ChatBubble role="assistant" content="answer" 
index={0} /ΓÇª
    [90m807|[39m       [35mconst[39m bubble [33m=[39m 
screen[33m.[39m[34mgetByTestId[39m([32m'chat-bubble'[39m)[33m;[39m
    [90m   |[39m                             [31m^[39m
    [90m808|[39m       [34mexpect[39m(bubble[33m.[39mclassName)[33m.[39
mnot[33m.[39m[34mtoContain[39m([32m'search-bubble--error'[39m)[33m;[39m
    [90m809|[39m     })[33m;[39m

[31m[2mΓÄ»ΓÄ»ΓÄ»ΓÄ»ΓÄ»ΓÄ»ΓÄ»ΓÄ»ΓÄ»ΓÄ»ΓÄ»ΓÄ»ΓÄ»ΓÄ»ΓÄ»ΓÄ»ΓÄ»ΓÄ»ΓÄ»ΓÄ»ΓÄ»[28/105
]ΓÄ»[22m[39m

[41m[1m FAIL [22m[49m src/components/__tests__/ChatBubble.test.tsx[2m > 
[22mChatBubble[2m > [22minline citation wrapping and hover linking[2m > 
[22mwraps plain-text [N] citations in anchor elements with data-url
[31m[1mAssertionError[22m: expected  to have a length of 3 but got +0[39m

[32m- Expected[39m
[31m+ Received[39m

[32m- 3[39m
[31m+ 0[39m

[36m [2mΓ¥»[22m 
src/components/__tests__/ChatBubble.test.tsx:[2m829:23[22m[39m
    [90m827|[39m       [35mconst[39m anchors [33m=[39m container[33m.[3
9m[34mquerySelectorAll[39m([32m'a.citation-link'[39m)[33m;[39m
    [90m828|[39m       [90m// Three citations ([1], [2], [2]) should all be 
wrapped.[39m
    [90m829|[39m       [34mexpect[39m(anchors)[33m.[39m[34mtoHaveLength
[39m([34m3[39m)[33m;[39m
    [90m   |[39m                       [31m^[39m
    [90m830|[39m       [34mexpect[39m(anchors[[34m0[39m][33m.[39m[34mg
etAttribute[39m([32m'data-citation'[39m))[33m.[39m[34mtoBe[39m([32m'1'
[39m)[33m;[39m
    [90m831|[39m       [34mexpect[39m(anchors[[34m0[39m][33m.[39m[34mg
etAttribute[39m([32m'data-url'[39m))[33m.[39m[34mtoBe[39m(

[31m[2mΓÄ»ΓÄ»ΓÄ»ΓÄ»ΓÄ»ΓÄ»ΓÄ»ΓÄ»ΓÄ»ΓÄ»ΓÄ»ΓÄ»ΓÄ»ΓÄ»ΓÄ»ΓÄ»ΓÄ»ΓÄ»ΓÄ»ΓÄ»ΓÄ»[29/105
]ΓÄ»[22m[39m

[41m[1m FAIL [22m[49m src/components/__tests__/ChatBubble.test.tsx[2m > 
[22mChatBubble[2m > [22minline citation wrapping and hover linking[2m > 
[22mskips [N] markers that reference a source index past the end of the array
[31m[1mAssertionError[22m: expected  to have a length of 1 but got +0[39m

[32m- Expected[39m
[31m+ Received[39m

[32m- 1[39m
[31m+ 0[39m

[36m [2mΓ¥»[22m 
src/components/__tests__/ChatBubble.test.tsx:[2m849:23[22m[39m
    [90m847|[39m       )[33m;[39m
    [90m848|[39m       [35mconst[39m anchors [33m=[39m container[33m.[3
9m[34mquerySelectorAll[39m([32m'a.citation-link'[39m)[33m;[39m
    [90m849|[39m       [34mexpect[39m(anchors)[33m.[39m[34mtoHaveLength
[39m([34m1[39m)[33m;[39m
    [90m   |[39m                       [31m^[39m
    [90m850|[39m       [34mexpect[39m(anchors[[34m0[39m][33m.[39m[34mg
etAttribute[39m([32m'data-citation'[39m))[33m.[39m[34mtoBe[39m([32m'1'
[39m)[33m;[39m
    [90m851|[39m     })[33m;[39m

[31m[2mΓÄ»ΓÄ»ΓÄ»ΓÄ»ΓÄ»ΓÄ»ΓÄ»ΓÄ»ΓÄ»ΓÄ»ΓÄ»ΓÄ»ΓÄ»ΓÄ»ΓÄ»ΓÄ»ΓÄ»ΓÄ»ΓÄ»ΓÄ»ΓÄ»[30/105
]ΓÄ»[22m[39m

[41m[1m FAIL [22m[49m src/components/__tests__/ChatBubble.test.tsx[2m > 
[22mChatBubble[2m > [22minline citation wrapping and hover linking[2m > 
[22mdoes not re-wrap on re-render (idempotent)
[31m[1mAssertionError[22m: expected  to have a length of 1 but got +0[39m

[32m- Expected[39m
[31m+ Received[39m

[32m- 1[39m
[31m+ 0[39m

[36m [2mΓ¥»[22m 
src/components/__tests__/ChatBubble.test.tsx:[2m862:61[22m[39m
    [90m860|[39m         [33m/[39m[33m>[39m[33m,[39m
    [90m861|[39m       )[33m;[39m
    [90m862|[39m       
expect(container.querySelectorAll('a.citation-link')).toHaveLengΓÇª
    [90m   |[39m                                                             
[31m^[39m
    [90m863|[39m       [34mrerender[39m(
    [90m864|[39m         [33m<[39m[33mChatBubble[39m

[31m[2mΓÄ»ΓÄ»ΓÄ»ΓÄ»ΓÄ»ΓÄ»ΓÄ»ΓÄ»ΓÄ»ΓÄ»ΓÄ»ΓÄ»ΓÄ»ΓÄ»ΓÄ»ΓÄ»ΓÄ»ΓÄ»ΓÄ»ΓÄ»ΓÄ»[31/105
]ΓÄ»[22m[39m

[41m[1m FAIL [22m[49m src/components/__tests__/ChatBubble.test.tsx[2m > 
[22mChatBubble[2m > [22minline citation wrapping and hover linking[2m > 
[22mtoggles data-active-citation on the bubble when a citation is hovered
[31m[1mError[22m: Unable to fire a "mouseover" event - please provide a DOM 
element.[39m
[90m [2mΓ¥»[22m createEvent 
node_modules/@testing-library/dom/dist/events.js:[2m27:11[22m[39m
[90m [2mΓ¥»[22m Function.createEvent.<computed> [as mouseOver] 
node_modules/@testing-library/dom/dist/events.js:[2m106:38[22m[39m
[90m [2mΓ¥»[22m Function.fireEvent.<computed> [as mouseOver] 
node_modules/@testing-library/dom/dist/events.js:[2m110:68[22m[39m
[90m [2mΓ¥»[22m Function.fireEvent.<computed> [as mouseOver] 
node_modules/@testing-library/react/dist/fire-event.js:[2m15:52[22m[39m
[36m [2mΓ¥»[22m 
src/components/__tests__/ChatBubble.test.tsx:[2m909:17[22m[39m
    [90m907|[39m       const anchor = 
container.querySelector('a.citation-link') as HTMΓÇª
    [90m908|[39m
    [90m909|[39m       
fireEvent[33m.[39m[34mmouseOver[39m(anchor)[33m;[39m
    [90m   |[39m                 [31m^[39m
    [90m910|[39m       [34mexpect[39m(bubble[33m.[39m[34mgetAttribute[3
9m([32m'data-active-citation'[39m))[33m.[39m[34mtoBe[39m([32m'1'[39m)[
33m;[39m
    [90m911|[39m

[31m[2mΓÄ»ΓÄ»ΓÄ»ΓÄ»ΓÄ»ΓÄ»ΓÄ»ΓÄ»ΓÄ»ΓÄ»ΓÄ»ΓÄ»ΓÄ»ΓÄ»ΓÄ»ΓÄ»ΓÄ»ΓÄ»ΓÄ»ΓÄ»ΓÄ»[32/105
]ΓÄ»[22m[39m

[41m[1m FAIL [22m[49m src/components/__tests__/ChatBubble.test.tsx[2m > 
[22mChatBubble[2m > [22minline citation wrapping and hover linking[2m > 
[22mtoggles data-active-citation when a source row is hovered
[31m[1mError[22m: Unable to fire a "click" event - please provide a DOM 
element.[39m
[90m [2mΓ¥»[22m createEvent 
node_modules/@testing-library/dom/dist/events.js:[2m27:11[22m[39m
[90m [2mΓ¥»[22m Function.createEvent.<computed> [as click] 
node_modules/@testing-library/dom/dist/events.js:[2m106:38[22m[39m
[90m [2mΓ¥»[22m Function.fireEvent.<computed> [as click] 
node_modules/@testing-library/dom/dist/events.js:[2m110:68[22m[39m
[90m [2mΓ¥»[22m Function.fireEvent.<computed> [as click] 
node_modules/@testing-library/react/dist/fire-event.js:[2m15:52[22m[39m
[36m [2mΓ¥»[22m openSources 
src/components/__tests__/ChatBubble.test.tsx:[2m15:13[22m[39m
    [90m 13|[39m     [32m'button.sources-trigger'[39m[33m,[39m
    [90m 14|[39m   ) [35mas[39m [33mHTMLButtonElement[39m[33m;[39m
    [90m 15|[39m   fireEvent[33m.[39m[34mclick[39m(trigger)[33m;[39m
    [90m   |[39m             [31m^[39m
    [90m 16|[39m }
    [90m 17|[39m
[90m [2mΓ¥»[22m 
src/components/__tests__/ChatBubble.test.tsx:[2m925:7[22m[39m

[31m[2mΓÄ»ΓÄ»ΓÄ»ΓÄ»ΓÄ»ΓÄ»ΓÄ»ΓÄ»ΓÄ»ΓÄ»ΓÄ»ΓÄ»ΓÄ»ΓÄ»ΓÄ»ΓÄ»ΓÄ»ΓÄ»ΓÄ»ΓÄ»ΓÄ»[33/105
]ΓÄ»[22m[39m

[41m[1m FAIL [22m[49m src/components/__tests__/ChatBubble.test.tsx[2m > 
[22mChatBubble[2m > [22minline citation wrapping and hover linking[2m > 
[22mopens the URL via open_url when a citation is clicked
[31m[1mError[22m: Unable to fire a "click" event - please provide a DOM 
element.[39m
[90m [2mΓ¥»[22m createEvent 
node_modules/@testing-library/dom/dist/events.js:[2m27:11[22m[39m
[90m [2mΓ¥»[22m Function.createEvent.<computed> [as click] 
node_modules/@testing-library/dom/dist/events.js:[2m106:38[22m[39m
[90m [2mΓ¥»[22m Function.fireEvent.<computed> [as click] 
node_modules/@testing-library/dom/dist/events.js:[2m110:68[22m[39m
[90m [2mΓ¥»[22m Function.fireEvent.<computed> [as click] 
node_modules/@testing-library/react/dist/fire-event.js:[2m15:52[22m[39m
[36m [2mΓ¥»[22m 
src/components/__tests__/ChatBubble.test.tsx:[2m949:17[22m[39m
    [90m947|[39m       )[33m;[39m
    [90m948|[39m       const anchor = 
container.querySelector('a.citation-link') as HTMΓÇª
    [90m949|[39m       fireEvent[33m.[39m[34mclick[39m(anchor)[33m;[39m
    [90m   |[39m                 [31m^[39m
    [90m950|[39m       [34mexpect[39m(invoke)[33m.[39m[34mtoHaveBeenCall
edWith[39m([32m'open_url'[39m[33m,[39m {
    [90m951|[39m         url[33m:[39m 
[32m'https://doc.rust-lang.org'[39m[33m,[39m

[31m[2mΓÄ»ΓÄ»ΓÄ»ΓÄ»ΓÄ»ΓÄ»ΓÄ»ΓÄ»ΓÄ»ΓÄ»ΓÄ»ΓÄ»ΓÄ»ΓÄ»ΓÄ»ΓÄ»ΓÄ»ΓÄ»ΓÄ»ΓÄ»ΓÄ»[34/105
]ΓÄ»[22m[39m

[41m[1m FAIL [22m[49m src/components/__tests__/ChatBubble.test.tsx[2m > 
[22mChatBubble[2m > [22minline citation wrapping and hover linking[2m > 
[22mwraps citation at the very start of text and handles text ending in 
citation
[31m[1mAssertionError[22m: expected  to have a length of 2 but got +0[39m

[32m- Expected[39m
[31m+ Received[39m

[32m- 2[39m
[31m+ 0[39m

[36m [2mΓ¥»[22m 
src/components/__tests__/ChatBubble.test.tsx:[2m965:23[22m[39m
    [90m963|[39m       )[33m;[39m
    [90m964|[39m       [35mconst[39m anchors [33m=[39m container[33m.[3
9m[34mquerySelectorAll[39m([32m'a.citation-link'[39m)[33m;[39m
    [90m965|[39m       [34mexpect[39m(anchors)[33m.[39m[34mtoHaveLength
[39m([34m2[39m)[33m;[39m
    [90m   |[39m                       [31m^[39m
    [90m966|[39m       [34mexpect[39m(anchors[[34m0[39m][33m.[39mtextCo
ntent)[33m.[39m[34mtoBe[39m([32m'[1]'[39m)[33m;[39m
    [90m967|[39m     })[33m;[39m

[31m[2mΓÄ»ΓÄ»ΓÄ»ΓÄ»ΓÄ»ΓÄ»ΓÄ»ΓÄ»ΓÄ»ΓÄ»ΓÄ»ΓÄ»ΓÄ»ΓÄ»ΓÄ»ΓÄ»ΓÄ»ΓÄ»ΓÄ»ΓÄ»ΓÄ»[35/105
]ΓÄ»[22m[39m

[41m[1m FAIL [22m[49m src/components/__tests__/ChatBubble.test.tsx[2m > 
[22mChatBubble[2m > [22minline citation wrapping and hover linking[2m > 
[22mfalls back to URL for citation title when source has empty title
[31m[1mTypeError[22m: Cannot read properties of null (reading 
'getAttribute')[39m
[36m [2mΓ¥»[22m 
src/components/__tests__/ChatBubble.test.tsx:[2m993:21[22m[39m
    [90m991|[39m       )[33m;[39m
    [90m992|[39m       [35mconst[39m anchor [33m=[39m container[33m.[39
m[34mquerySelector[39m([32m'a.citation-link'[39m)[33m![39m[33m;[39m
    [90m993|[39m       [34mexpect[39m(anchor[33m.[39m[34mgetAttribute[3
9m([32m'title'[39m))[33m.[39m[34mtoBe[39m([32m'https://bare.com'[39m)[
33m;[39m
    [90m   |[39m                     [31m^[39m
    [90m994|[39m     })[33m;[39m
    [90m995|[39m

[31m[2mΓÄ»ΓÄ»ΓÄ»ΓÄ»ΓÄ»ΓÄ»ΓÄ»ΓÄ»ΓÄ»ΓÄ»ΓÄ»ΓÄ»ΓÄ»ΓÄ»ΓÄ»ΓÄ»ΓÄ»ΓÄ»ΓÄ»ΓÄ»ΓÄ»[36/105
]ΓÄ»[22m[39m

[41m[1m FAIL [22m[49m src/components/__tests__/ChatBubble.test.tsx[2m > 
[22mChatBubble[2m > [22minline citation wrapping and hover linking[2m > 
[22mmouse events on non-citation targets do not toggle the active attribute
[31m[1mError[22m: Unable to fire a "mouseover" event - please provide a DOM 
element.[39m
[90m [2mΓ¥»[22m createEvent 
node_modules/@testing-library/dom/dist/events.js:[2m27:11[22m[39m
[90m [2mΓ¥»[22m Function.createEvent.<computed> [as mouseOver] 
node_modules/@testing-library/dom/dist/events.js:[2m106:38[22m[39m
[90m [2mΓ¥»[22m Function.fireEvent.<computed> [as mouseOver] 
node_modules/@testing-library/dom/dist/events.js:[2m110:68[22m[39m
[90m [2mΓ¥»[22m Function.fireEvent.<computed> [as mouseOver] 
node_modules/@testing-library/react/dist/fire-event.js:[2m15:52[22m[39m
[36m [2mΓ¥»[22m 
src/components/__tests__/ChatBubble.test.tsx:[2m1006:17[22m[39m
    [90m1004|[39m       )[33m;[39m
    [90m1005|[39m       const bubble = 
container.querySelector('.search-bubble') as HTMLΓÇª
    [90m1006|[39m       
fireEvent[33m.[39m[34mmouseOver[39m(bubble)[33m;[39m
    [90m   |[39m                 [31m^[39m
    [90m1007|[39m       
fireEvent[33m.[39m[34mmouseOut[39m(bubble)[33m;[39m
    [90m1008|[39m       
fireEvent[33m.[39m[34mclick[39m(bubble)[33m;[39m

[31m[2mΓÄ»ΓÄ»ΓÄ»ΓÄ»ΓÄ»ΓÄ»ΓÄ»ΓÄ»ΓÄ»ΓÄ»ΓÄ»ΓÄ»ΓÄ»ΓÄ»ΓÄ»ΓÄ»ΓÄ»ΓÄ»ΓÄ»ΓÄ»ΓÄ»[37/105
]ΓÄ»[22m[39m

[41m[1m FAIL [22m[49m src/components/__tests__/ChatBubble.test.tsx[2m > 
[22mChatBubble[2m > [22msandboxUnavailable[2m > [22mdoes not render 
ErrorCard when sandboxUnavailable is true
[31m[1mAssertionError[22m: expected <div data-error-bar="true" 
ΓÇª(3)></div> to be null[39m

[32m- Expected:[39m
null

[31m+ Received:[39m
<div
  class="w-[2.5px] rounded-sm flex-shrink-0 self-stretch min-h-[36px]"
  data-error-bar="true"
  data-kind="Other"
  style="background: rgba(255, 255, 255, 0.2);"
/>

[36m [2mΓ¥»[22m 
src/components/__tests__/ChatBubble.test.tsx:[2m1046:59[22m[39m
    [90m1044|[39m         [33m/[39m[33m>[39m[33m,[39m
    [90m1045|[39m       )[33m;[39m
    [90m1046|[39m       [34mexpect[39m(container[33m.[39m[34mquerySelect
or[39m([32m'[data-error-bar]'[39m))[33m.[39m[34mtoBeNull[39m()[33m;[39
m
    [90m   |[39m                                                           
[31m^[39m
    [90m1047|[39m       
expect(screen.getByTestId('sandbox-setup-card')).toBeInTheDocumeΓÇª
    [90m1048|[39m     })[33m;[39m

[31m[2mΓÄ»ΓÄ»ΓÄ»ΓÄ»ΓÄ»ΓÄ»ΓÄ»ΓÄ»ΓÄ»ΓÄ»ΓÄ»ΓÄ»ΓÄ»ΓÄ»ΓÄ»ΓÄ»ΓÄ»ΓÄ»ΓÄ»ΓÄ»ΓÄ»[38/105
]ΓÄ»[22m[39m

[41m[1m FAIL [22m[49m src/components/__tests__/ChatBubble.test.tsx[2m > 
[22mChatBubble[2m > [22msandboxUnavailable[2m > [22mhides the action bar 
(copy button / sources) when sandboxUnavailable
[31m[1mAssertionError[22m: expected <button ΓÇª(2)>ΓÇª(1)</button> to be 
null[39m

[32m- Expected:[39m
null

[31m+ Received:[39m
<button
  aria-label="Copy message"
  class="transition-opacity duration-150 text-white/40 hover:text-white/70 
p-0.5 rounded cursor-pointer"
>
  <span
    class="flex"
  >
    <svg
      aria-hidden="true"
      fill="none"
      height="14"
      stroke="currentColor"
      stroke-linecap="round"
      stroke-linejoin="round"
      stroke-width="2"
      viewBox="0 0 24 24"
      width="14"
    >
      <rect
        height="13"
        rx="2"
        ry="2"
        width="13"
        x="9"
        y="9"
      />
      <path
        d="M5 15H4a2 2 0 0 1-2-2V4a2 2 0 0 1 2-2h9a2 2 0 0 1 2 2v1"
      />
    </svg>
  </span>
</button>

[36m [2mΓ¥»[22m 
src/components/__tests__/ChatBubble.test.tsx:[2m1054:70[22m[39m
    [90m1052|[39m         <ChatBubble role="assistant" content="" index={0} 
sandboxUnavaΓÇª
    [90m1053|[39m       )[33m;[39m
    [90m1054|[39m       expect(screen.queryByRole('button', { name: 'Copy 
message' })).tΓÇª
    [90m   |[39m                                                             
         [31m^[39m
    [90m1055|[39m     })[33m;[39m
    [90m1056|[39m   })[33m;[39m

[31m[2mΓÄ»ΓÄ»ΓÄ»ΓÄ»ΓÄ»ΓÄ»ΓÄ»ΓÄ»ΓÄ»ΓÄ»ΓÄ»ΓÄ»ΓÄ»ΓÄ»ΓÄ»ΓÄ»ΓÄ»ΓÄ»ΓÄ»ΓÄ»ΓÄ»[39/105
]ΓÄ»[22m[39m

[41m[1m FAIL [22m[49m src/components/__tests__/ChatBubble.test.tsx[2m > 
[22mChatBubble[2m > [22msearch trace[2m > [22mrenders SearchTraceBlock 
when searchTraces has items
[31m[1mTestingLibraryElementError[22m: Unable to find an element by: 
[data-testid="search-trace-block"]

Ignored nodes: comments, script, style
[36m<body>[31m
  [36m<div>[31m
    [36m<div[31m
      [33mclass[31m=[32m"flex w-full justify-start"[31m
    [36m>[31m
      [36m<div[31m
        [33mclass[31m=[32m"flex flex-col w-full"[31m
      [36m>[31m
        [36m<div[31m
          [33mclass[31m=[32m"text-sm leading-relaxed select-text py-1"[31m
        [36m>[31m
          [36m<span[31m
            [33mclass[31m=[32m"markdown-body "[31m
          [36m>[31m
            [36m<div[31m
              [33mclass[31m=[32m"space-y-4 whitespace-normal 
[&>*:first-child]:mt-0 [&>*:last-child]:mb-0"[31m
            [36m>[31m
              [36m<p>[31m
                [0manswer[0m
              [36m</p>[31m
            [36m</div>[31m
          [36m</span>[31m
        [36m</div>[31m
        [36m<div[31m
          [33mclass[31m=[32m"h-6 flex items-center"[31m
        [36m>[31m
          [36m<div[31m
            [33mclass[31m=[32m"flex w-full justify-start"[31m
          [36m>[31m
            [36m<button[31m
              [33maria-label[31m=[32m"Copy message"[31m
              [33mclass[31m=[32m"transition-opacity duration-150 
text-white/40 hover:text-white/70 p-0.5 rounded cursor-pointer"[31m
            [36m>[31m
              [36m<span[31m
                [33mclass[31m=[32m"flex"[31m
              [36m>[31m
                [36m<svg[31m
                  [33maria-hidden[31m=[32m"true"[31m
                  [33mfill[31m=[32m"none"[31m
                  [33mheight[31m=[32m"14"[31m
                  [33mstroke[31m=[32m"currentColor"[31m
                  [33mstroke-linecap[31m=[32m"round"[31m
                  [33mstroke-linejoin[31m=[32m"round"[31m
                  [33mstroke-width[31m=[32m"2"[31m
                  [33mviewBox[31m=[32m"0 0 24 24"[31m
                  [33mwidth[31m=[32m"14"[31m
                [36m>[31m
                  [36m<rect[31m
                    [33mheight[31m=[32m"13"[31m
                    [33mrx[31m=[32m"2"[31m
                    [33mry[31m=[32m"2"[31m
                    [33mwidth[31m=[32m"13"[31m
                    [33mx[31m=[32m"9"[31m
                    [33my[31m=[32m"9"[31m
                  [36m/>[31m
                  [36m<path[31m
                    [33md[31m=[32m"M5 15H4a2 2 0 0 1-2-2V4a2 2 0 0 1 
2-2h9a2 2 0 0 1 2 2v1"[31m
                  [36m/>[31m
                [36m</svg>[31m
              [36m</span>[31m
            [36m</button>[31m
          [36m</div>[31m
        [36m</div>[31m
      [36m</div>[31m
    [36m</div>[31m
  [36m</div>[31m
[36m</body>[31m[39m
[90m [2mΓ¥»[22m Object.getElementError 
node_modules/@testing-library/dom/dist/config.js:[2m37:19[22m[39m
[90m [2mΓ¥»[22m 
node_modules/@testing-library/dom/dist/query-helpers.js:[2m76:38[22m[39m
[90m [2mΓ¥»[22m 
node_modules/@testing-library/dom/dist/query-helpers.js:[2m52:17[22m[39m
[90m [2mΓ¥»[22m 
node_modules/@testing-library/dom/dist/query-helpers.js:[2m95:19[22m[39m
[36m [2mΓ¥»[22m 
src/components/__tests__/ChatBubble.test.tsx:[2m1086:21[22m[39m
    [90m1084|[39m         [33m/[39m[33m>[39m[33m,[39m
    [90m1085|[39m       )[33m;[39m
    [90m1086|[39m       
expect(screen.getByTestId('search-trace-block')).toBeInTheDocumeΓÇª
    [90m   |[39m                     [31m^[39m
    [90m1087|[39m     })[33m;[39m
    [90m1088|[39m

[31m[2mΓÄ»ΓÄ»ΓÄ»ΓÄ»ΓÄ»ΓÄ»ΓÄ»ΓÄ»ΓÄ»ΓÄ»ΓÄ»ΓÄ»ΓÄ»ΓÄ»ΓÄ»ΓÄ»ΓÄ»ΓÄ»ΓÄ»ΓÄ»ΓÄ»[40/105
]ΓÄ»[22m[39m

[41m[1m FAIL [22m[49m src/components/__tests__/ChatBubble.test.tsx[2m > 
[22mChatBubble[2m > [22msearch trace[2m > [22mrenders SearchTraceBlock in 
loading state when isSearching with no traces
[31m[1mTestingLibraryElementError[22m: Unable to find an element by: 
[data-testid="search-trace-block"]

Ignored nodes: comments, script, style
[36m<body>[31m
  [36m<div>[31m
    [36m<div[31m
      [33mclass[31m=[32m"flex w-full justify-start"[31m
    [36m>[31m
      [36m<div[31m
        [33mclass[31m=[32m"flex flex-col w-full"[31m
      [36m>[31m
        [36m<div[31m
          [33mclass[31m=[32m"text-sm leading-relaxed select-text py-1"[31m
        [36m>[31m
          [36m<span[31m
            [33mclass[31m=[32m"markdown-body "[31m
          [36m>[31m
            [36m<div[31m
              [33mclass[31m=[32m"space-y-4 whitespace-normal 
[&>*:first-child]:mt-0 [&>*:last-child]:mb-0"[31m
            [36m/>[31m
          [36m</span>[31m
        [36m</div>[31m
        [36m<div[31m
          [33mclass[31m=[32m"h-6 flex items-center"[31m
        [36m>[31m
          [36m<div[31m
            [33mclass[31m=[32m"flex w-full justify-start"[31m
          [36m>[31m
            [36m<button[31m
              [33maria-label[31m=[32m"Copy message"[31m
              [33mclass[31m=[32m"transition-opacity duration-150 
text-white/40 hover:text-white/70 p-0.5 rounded cursor-pointer"[31m
            [36m>[31m
              [36m<span[31m
                [33mclass[31m=[32m"flex"[31m
              [36m>[31m
                [36m<svg[31m
                  [33maria-hidden[31m=[32m"true"[31m
                  [33mfill[31m=[32m"none"[31m
                  [33mheight[31m=[32m"14"[31m
                  [33mstroke[31m=[32m"currentColor"[31m
                  [33mstroke-linecap[31m=[32m"round"[31m
                  [33mstroke-linejoin[31m=[32m"round"[31m
                  [33mstroke-width[31m=[32m"2"[31m
                  [33mviewBox[31m=[32m"0 0 24 24"[31m
                  [33mwidth[31m=[32m"14"[31m
                [36m>[31m
                  [36m<rect[31m
                    [33mheight[31m=[32m"13"[31m
                    [33mrx[31m=[32m"2"[31m
                    [33mry[31m=[32m"2"[31m
                    [33mwidth[31m=[32m"13"[31m
                    [33mx[31m=[32m"9"[31m
                    [33my[31m=[32m"9"[31m
                  [36m/>[31m
                  [36m<path[31m
                    [33md[31m=[32m"M5 15H4a2 2 0 0 1-2-2V4a2 2 0 0 1 
2-2h9a2 2 0 0 1 2 2v1"[31m
                  [36m/>[31m
                [36m</svg>[31m
              [36m</span>[31m
            [36m</button>[31m
          [36m</div>[31m
        [36m</div>[31m
      [36m</div>[31m
    [36m</div>[31m
  [36m</div>[31m
[36m</body>[31m[39m
[90m [2mΓ¥»[22m Object.getElementError 
node_modules/@testing-library/dom/dist/config.js:[2m37:19[22m[39m
[90m [2mΓ¥»[22m 
node_modules/@testing-library/dom/dist/query-helpers.js:[2m76:38[22m[39m
[90m [2mΓ¥»[22m 
node_modules/@testing-library/dom/dist/query-helpers.js:[2m52:17[22m[39m
[90m [2mΓ¥»[22m 
node_modules/@testing-library/dom/dist/query-helpers.js:[2m95:19[22m[39m
[36m [2mΓ¥»[22m 
src/components/__tests__/ChatBubble.test.tsx:[2m1091:21[22m[39m
    [90m1089|[39m     it('renders SearchTraceBlock in loading state when 
isSearching witΓÇª
    [90m1090|[39m       render(<ChatBubble role="assistant" content="" 
index={0} isSearcΓÇª
    [90m1091|[39m       
expect(screen.getByTestId('search-trace-block')).toBeInTheDocumeΓÇª
    [90m   |[39m                     [31m^[39m
    [90m1092|[39m       
expect(screen.getByTestId('search-trace-loading')).toBeInTheDocuΓÇª
    [90m1093|[39m     })[33m;[39m

[31m[2mΓÄ»ΓÄ»ΓÄ»ΓÄ»ΓÄ»ΓÄ»ΓÄ»ΓÄ»ΓÄ»ΓÄ»ΓÄ»ΓÄ»ΓÄ»ΓÄ»ΓÄ»ΓÄ»ΓÄ»ΓÄ»ΓÄ»ΓÄ»ΓÄ»[41/105
]ΓÄ»[22m[39m

[41m[1m FAIL [22m[49m src/components/__tests__/ChatBubble.test.tsx[2m > 
[22mChatBubble[2m > [22msearch trace[2m > [22mrenders SearchTraceBlock 
above thinking block
[31m[1mTestingLibraryElementError[22m: Unable to find an element by: 
[data-testid="search-trace-block"]

Ignored nodes: comments, script, style
[36m<body>[31m
  [36m<div>[31m
    [36m<div[31m
      [33mclass[31m=[32m"flex w-full justify-start"[31m
    [36m>[31m
      [36m<div[31m
        [33mclass[31m=[32m"flex flex-col w-full"[31m
      [36m>[31m
        [36m<div[31m
          [33mclass[31m=[32m"text-sm leading-relaxed select-text py-1"[31m
        [36m>[31m
          [36m<div[31m
            [33mclass[31m=[32m"mb-2"[31m
            [33mdata-testid[31m=[32m"thinking-block"[31m
          [36m>[31m
            [36m<button[31m
              [33maria-expanded[31m=[32m"false"[31m
              [33maria-label[31m=[32m"Toggle thinking details"[31m
              [33mclass[31m=[32m"flex items-center gap-2 cursor-pointer 
bg-transparent border-none p-0 text-left w-full"[31m
              [33mtype[31m=[32m"button"[31m
            [36m>[31m
              [36m<span[31m
                [33mclass[31m=[32m"text-[10px] text-text-secondary 
inline-block transition-transform duration-150"[31m
                [33mdata-testid[31m=[32m"thinking-chevron"[31m
                [33mstyle[31m=[32m"transform: rotate(90deg);"[31m
              [36m>[31m
                [0mΓû▓[0m
              [36m</span>[31m
              [36m<span[31m
                [33mclass[31m=[32m"text-sm text-text-secondary/60"[31m
              [36m>[31m
                [0mThought process[0m
              [36m</span>[31m
            [36m</button>[31m
          [36m</div>[31m
          [36m<span[31m
            [33mclass[31m=[32m"markdown-body "[31m
          [36m>[31m
            [36m<div[31m
              [33mclass[31m=[32m"space-y-4 whitespace-normal 
[&>*:first-child]:mt-0 [&>*:last-child]:mb-0"[31m
            [36m>[31m
              [36m<p>[31m
                [0manswer[0m
              [36m</p>[31m
            [36m</div>[31m
          [36m</span>[31m
        [36m</div>[31m
        [36m<div[31m
          [33mclass[31m=[32m"h-6 flex items-center"[31m
        [36m>[31m
          [36m<div[31m
            [33mclass[31m=[32m"flex w-full justify-start"[31m
          [36m>[31m
            [36m<button[31m
              [33maria-label[31m=[32m"Copy message"[31m
              [33mclass[31m=[32m"transition-opacity duration-150 
text-white/40 hover:text-white/70 p-0.5 rounded cursor-pointer"[31m
            [36m>[31m
              [36m<span[31m
                [33mclass[31m=[32m"flex"[31m
              [36m>[31m
                [36m<svg[31m
                  [33maria-hidden[31m=[32m"true"[31m
                  [33mfill[31m=[32m"none"[31m
                  [33mheight[31m=[32m"14"[31m
                  [33mstroke[31m=[32m"currentColor"[31m
                  [33mstroke-linecap[31m=[32m"round"[31m
                  [33mstroke-linejoin[31m=[32m"round"[31m
                  [33mstroke-width[31m=[32m"2"[31m
                  [33mviewBox[31m=[32m"0 0 24 24"[31m
                  [33mwidth[31m=[32m"14"[31m
                [36m>[31m
                  [36m<rect[31m
                    [33mheight[31m=[32m"13"[31m
                    [33mrx[31m=[32m"2"[31m
                    [33mry[31m=[32m"2"[31m
                    [33mwidth[31m=[32m"13"[31m
                    [33mx[31m=[32m"9"[31m
                    [33my[31m=[32m"9"[31m
                  [36m/>[31m
                  [36m<path[31m
                    [33md[31m=[32m"M5 15H4a2 2 0 0 1-2-2V4a2 2 0 0 1 
2-2h9a2 2 0 0 1 2 2v1"[31m
                  [36m/>[31m
                [36m</svg>[31m
              [36m</span>[31m
            [36m</button>[31m
          [36m</div>[31m
        [36m</div>[31m
      [36m</div>[31m
    [36m</div>[31m
  [36m</div>[31m
[36m</body>[31m[39m
[90m [2mΓ¥»[22m Object.getElementError 
node_modules/@testing-library/dom/dist/config.js:[2m37:19[22m[39m
[90m [2mΓ¥»[22m 
node_modules/@testing-library/dom/dist/query-helpers.js:[2m76:38[22m[39m
[90m [2mΓ¥»[22m 
node_modules/@testing-library/dom/dist/query-helpers.js:[2m52:17[22m[39m
[90m [2mΓ¥»[22m 
node_modules/@testing-library/dom/dist/query-helpers.js:[2m95:19[22m[39m
[36m [2mΓ¥»[22m 
src/components/__tests__/ChatBubble.test.tsx:[2m1106:33[22m[39m
    [90m1104|[39m         [33m/[39m[33m>[39m[33m,[39m
    [90m1105|[39m       )[33m;[39m
    [90m1106|[39m       [35mconst[39m traceBlock [33m=[39m screen[33m.[
39m[34mgetByTestId[39m([32m'search-trace-block'[39m)[33m;[39m
    [90m   |[39m                                 [31m^[39m
    [90m1107|[39m       [35mconst[39m thinkingBlock [33m=[39m 
screen[33m.[39m[34mgetByTestId[39m([32m'thinking-block'[39m)[33m;[39m
    [90m1108|[39m       [34mexpect[39m(

[31m[2mΓÄ»ΓÄ»ΓÄ»ΓÄ»ΓÄ»ΓÄ»ΓÄ»ΓÄ»ΓÄ»ΓÄ»ΓÄ»ΓÄ»ΓÄ»ΓÄ»ΓÄ»ΓÄ»ΓÄ»ΓÄ»ΓÄ»ΓÄ»ΓÄ»[42/105
]ΓÄ»[22m[39m

[41m[1m FAIL [22m[49m src/components/__tests__/ChatBubble.test.tsx[2m > 
[22mChatBubble[2m > [22mmodel attribution[2m > [22mrenders the 
attribution chip when modelName is provided on assistant messages
[31m[1mTestingLibraryElementError[22m: Unable to find an element by: 
[data-testid="model-attribution"]

Ignored nodes: comments, script, style
[36m<body>[31m
  [36m<div>[31m
    [36m<div[31m
      [33mclass[31m=[32m"flex w-full justify-start"[31m
    [36m>[31m
      [36m<div[31m
        [33mclass[31m=[32m"flex flex-col w-full"[31m
      [36m>[31m
        [36m<div[31m
          [33mclass[31m=[32m"text-sm leading-relaxed select-text py-1"[31m
        [36m>[31m
          [36m<span[31m
            [33mclass[31m=[32m"markdown-body "[31m
          [36m>[31m
            [36m<div[31m
              [33mclass[31m=[32m"space-y-4 whitespace-normal 
[&>*:first-child]:mt-0 [&>*:last-child]:mb-0"[31m
            [36m>[31m
              [36m<p>[31m
                [0mHello there[0m
              [36m</p>[31m
            [36m</div>[31m
          [36m</span>[31m
        [36m</div>[31m
        [36m<div[31m
          [33mclass[31m=[32m"h-6 flex items-center"[31m
        [36m>[31m
          [36m<div[31m
            [33mclass[31m=[32m"flex w-full justify-start"[31m
          [36m>[31m
            [36m<button[31m
              [33maria-label[31m=[32m"Copy message"[31m
              [33mclass[31m=[32m"transition-opacity duration-150 
text-white/40 hover:text-white/70 p-0.5 rounded cursor-pointer"[31m
            [36m>[31m
              [36m<span[31m
                [33mclass[31m=[32m"flex"[31m
              [36m>[31m
                [36m<svg[31m
                  [33maria-hidden[31m=[32m"true"[31m
                  [33mfill[31m=[32m"none"[31m
                  [33mheight[31m=[32m"14"[31m
                  [33mstroke[31m=[32m"currentColor"[31m
                  [33mstroke-linecap[31m=[32m"round"[31m
                  [33mstroke-linejoin[31m=[32m"round"[31m
                  [33mstroke-width[31m=[32m"2"[31m
                  [33mviewBox[31m=[32m"0 0 24 24"[31m
                  [33mwidth[31m=[32m"14"[31m
                [36m>[31m
                  [36m<rect[31m
                    [33mheight[31m=[32m"13"[31m
                    [33mrx[31m=[32m"2"[31m
                    [33mry[31m=[32m"2"[31m
                    [33mwidth[31m=[32m"13"[31m
                    [33mx[31m=[32m"9"[31m
                    [33my[31m=[32m"9"[31m
                  [36m/>[31m
                  [36m<path[31m
                    [33md[31m=[32m"M5 15H4a2 2 0 0 1-2-2V4a2 2 0 0 1 
2-2h9a2 2 0 0 1 2 2v1"[31m
                  [36m/>[31m
                [36m</svg>[31m
              [36m</span>[31m
            [36m</button>[31m
          [36m</div>[31m
        [36m</div>[31m
      [36m</div>[31m
    [36m</div>[31m
  [36m</div>[31m
[36m</body>[31m[39m
[90m [2mΓ¥»[22m Object.getElementError 
node_modules/@testing-library/dom/dist/config.js:[2m37:19[22m[39m
[90m [2mΓ¥»[22m 
node_modules/@testing-library/dom/dist/query-helpers.js:[2m76:38[22m[39m
[90m [2mΓ¥»[22m 
node_modules/@testing-library/dom/dist/query-helpers.js:[2m52:17[22m[39m
[90m [2mΓ¥»[22m 
node_modules/@testing-library/dom/dist/query-helpers.js:[2m95:19[22m[39m
[36m [2mΓ¥»[22m 
src/components/__tests__/ChatBubble.test.tsx:[2m1125:27[22m[39m
    [90m1123|[39m         [33m/[39m[33m>[39m[33m,[39m
    [90m1124|[39m       )[33m;[39m
    [90m1125|[39m       [35mconst[39m chip [33m=[39m screen[33m.[39m[3
4mgetByTestId[39m([32m'model-attribution'[39m)[33m;[39m
    [90m   |[39m                           [31m^[39m
    [90m1126|[39m       
[34mexpect[39m(chip)[33m.[39m[34mtoBeInTheDocument[39m()[33m;[39m
    [90m1127|[39m       [34mexpect[39m(chip)[33m.[39m[34mtoHaveTextConte
nt[39m([32m'gemma4:e2b'[39m)[33m;[39m

[31m[2mΓÄ»ΓÄ»ΓÄ»ΓÄ»ΓÄ»ΓÄ»ΓÄ»ΓÄ»ΓÄ»ΓÄ»ΓÄ»ΓÄ»ΓÄ»ΓÄ»ΓÄ»ΓÄ»ΓÄ»ΓÄ»ΓÄ»ΓÄ»ΓÄ»[43/105
]ΓÄ»[22m[39m

[41m[1m FAIL [22m[49m src/components/__tests__/ChatBubble.test.tsx[2m > 
[22mChatBubble[2m > [22mRender-time legacy artifact scrub[2m > [22mhides 
leaked special tokens from assistant markdown output
[31m[1mAssertionError[22m: expected '<|im_start|>assistant\nHello 
there<|iΓÇª' not to contain '<|im_start|>'[39m

Expected: [32m"<|im_start|>"[39m
Received: [31m"<|im_start|>[7massistant\nHello there<|im_end|>[27m"[39m

[36m [2mΓ¥»[22m 
src/components/__tests__/ChatBubble.test.tsx:[2m1200:41[22m[39m
    [90m1198|[39m       [90m// the raw special tokens, regardless of where 
they appeared.[39m
    [90m1199|[39m       [34mexpect[39m(container[33m.[39mtextContent)[33
m.[39m[34mtoContain[39m([32m'Hello there'[39m)[33m;[39m
    [90m1200|[39m       [34mexpect[39m(container[33m.[39mtextContent)[33
m.[39mnot[33m.[39m[34mtoContain[39m([32m'<|im_start|>'[39m)[33m;[39m
    [90m   |[39m                                         [31m^[39m
    [90m1201|[39m       [34mexpect[39m(container[33m.[39mtextContent)[33
m.[39mnot[33m.[39m[34mtoContain[39m([32m'<|im_end|>'[39m)[33m;[39m
    [90m1202|[39m     })[33m;[39m

[31m[2mΓÄ»ΓÄ»ΓÄ»ΓÄ»ΓÄ»ΓÄ»ΓÄ»ΓÄ»ΓÄ»ΓÄ»ΓÄ»ΓÄ»ΓÄ»ΓÄ»ΓÄ»ΓÄ»ΓÄ»ΓÄ»ΓÄ»ΓÄ»ΓÄ»[44/105
]ΓÄ»[22m[39m

[41m[1m FAIL [22m[49m 
src/components/__tests__/CommandSuggestion.test.tsx[2m > 
[22mCommandSuggestion[2m > [22mrenders a distinct icon for /search (not the 
screen monitor icon)
[31m[1mAssertionError[22m: expected '<rect x="1" y="2" width="14" 
height="ΓÇª' not to be '<rect x="1" y="2" width="14" height="ΓÇª' // Object.is 
equality[39m
[36m [2mΓ¥»[22m 
src/components/__tests__/CommandSuggestion.test.tsx:[2m240:38[22m[39m
    [90m238|[39m     [35mconst[39m searchSvg [33m=[39m 
searchContainer[33m.[39m[34mquerySelector[39m([32m'svg'[39m)[33m;[39m
    [90m239|[39m     [35mconst[39m screenSvg [33m=[39m 
screenContainer[33m.[39m[34mquerySelector[39m([32m'svg'[39m)[33m;[39m
    [90m240|[39m     [34mexpect[39m(searchSvg[33m?.[39minnerHTML)[33m.[
39mnot[33m.[39m[34mtoBe[39m(screenSvg[33m?.[39minnerHTML)[33m;[39m
    [90m   |[39m                                      [31m^[39m
    [90m241|[39m   })[33m;[39m
    [90m242|[39m

[31m[2mΓÄ»ΓÄ»ΓÄ»ΓÄ»ΓÄ»ΓÄ»ΓÄ»ΓÄ»ΓÄ»ΓÄ»ΓÄ»ΓÄ»ΓÄ»ΓÄ»ΓÄ»ΓÄ»ΓÄ»ΓÄ»ΓÄ»ΓÄ»ΓÄ»[45/105
]ΓÄ»[22m[39m

[41m[1m FAIL [22m[49m 
src/components/__tests__/CommandSuggestion.test.tsx[2m > 
[22mCommandSuggestion[2m > [22mscrolls the highlighted row into view when 
keyboard selection changes
[31m[1mAssertionError[22m: expected "vi.fn()" to be called with arguments: 
[ { block: 'nearest' } ][90m

Number of calls: [1m0[22m
[31m[39m
[36m [2mΓ¥»[22m 
src/components/__tests__/CommandSuggestion.test.tsx:[2m314:30[22m[39m
    [90m312|[39m       )[33m;[39m
    [90m313|[39m
    [90m314|[39m       expect(scrollIntoView).toHaveBeenCalledWith({ block: 
'nearest' }ΓÇª
    [90m   |[39m                              [31m^[39m
    [90m315|[39m     } [35mfinally[39m {
    [90m316|[39m       [35mif[39m (originalScrollIntoView) {

[31m[2mΓÄ»ΓÄ»ΓÄ»ΓÄ»ΓÄ»ΓÄ»ΓÄ»ΓÄ»ΓÄ»ΓÄ»ΓÄ»ΓÄ»ΓÄ»ΓÄ»ΓÄ»ΓÄ»ΓÄ»ΓÄ»ΓÄ»ΓÄ»ΓÄ»[46/105
]ΓÄ»[22m[39m

[41m[1m FAIL [22m[49m 
src/components/__tests__/SandboxSetupCard.test.tsx[2m > 
[22mSandboxSetupCard[2m > [22mshows the setup message and button
[31m[1mTestingLibraryElementError[22m: Unable to find an element with the 
text: /to enable local agentic search./i. This could be because the text is 
broken up by multiple elements. In this case, you can provide a function for 
your text matcher to make your matcher more flexible.

Ignored nodes: comments, script, style
[36m<body>[31m
  [36m<div>[31m
    [36m<div[31m
      [33mclass[31m=[32m"flex items-stretch gap-3 px-1 py-2 rounded-md 
bg-white/[0.025]"[31m
      [33mdata-testid[31m=[32m"sandbox-setup-card"[31m
    [36m>[31m
      [36m<div[31m
        [33mclass[31m=[32m"w-[2.5px] rounded-sm flex-shrink-0 self-stretch 
min-h-[36px]"[31m
        [33mdata-warning-bar[31m=[32m"true"[31m
        [33mstyle[31m=[32m"background: rgb(245, 158, 11);"[31m
      [36m/>[31m
      [36m<div>[31m
        [36m<p[31m
          [33mclass[31m=[32m"text-[12.5px] font-[590] text-white/[0.82] 
leading-snug tracking-[-0.01em]"[31m
        [36m>[31m
          [0mSearch service is offline[0m
        [36m</p>[31m
        [36m<p[31m
          [33mclass[31m=[32m"text-[11.5px] text-white/[0.38] leading-snug 
mt-0.5"[31m
        [36m>[31m
          [0mRun [0m
          [36m<code[31m
            [33mclass[31m=[32m"text-white/50 bg-white/[0.06] px-1 rounded 
text-[11px]"[31m
          [36m>[31m
            [0mdocker compose up -d[0m
          [36m</code>[31m
          [0m in the [0m
          [36m<code[31m
            [33mclass[31m=[32m"text-white/50 bg-white/[0.06] px-1 rounded 
text-[11px]"[31m
          [36m>[31m
            [0msandbox/[0m
          [36m</code>[31m
          [0m folder, or follow the[0m
          [0m [0m
          [36m<button[31m
            [33mclass[31m=[32m"text-white/50 underline decoration-white/20 
underline-offset-2 hover:text-white/70 transition-colors cursor-pointer"[31m
            [33mtype[31m=[32m"button"[31m
          [36m>[31m
            [0mSetup Guide[0m
          [36m</button>[31m
          [0m.[0m
        [36m</p>[31m
      [36m</div>[31m
    [36m</div>[31m
  [36m</div>[31m
[36m</body>[31m[39m
[90m [2mΓ¥»[22m Object.getElementError 
node_modules/@testing-library/dom/dist/config.js:[2m37:19[22m[39m
[90m [2mΓ¥»[22m 
node_modules/@testing-library/dom/dist/query-helpers.js:[2m76:38[22m[39m
[90m [2mΓ¥»[22m 
node_modules/@testing-library/dom/dist/query-helpers.js:[2m52:17[22m[39m
[90m [2mΓ¥»[22m 
node_modules/@testing-library/dom/dist/query-helpers.js:[2m95:19[22m[39m
[36m [2mΓ¥»[22m 
src/components/__tests__/SandboxSetupCard.test.tsx:[2m29:14[22m[39m
    [90m 27|[39m     )[33m.[39m[34mtoBeInTheDocument[39m()[33m;[39m
    [90m 28|[39m     [34mexpect[39m(
    [90m 29|[39m       screen[33m.[39m[34mgetByText[39m([36m/to enable 
local agentic search./i[39m)[33m,[39m
    [90m   |[39m              [31m^[39m
    [90m 30|[39m     )[33m.[39m[34mtoBeInTheDocument[39m()[33m;[39m
    [90m 31|[39m   })[33m;[39m

[31m[2mΓÄ»ΓÄ»ΓÄ»ΓÄ»ΓÄ»ΓÄ»ΓÄ»ΓÄ»ΓÄ»ΓÄ»ΓÄ»ΓÄ»ΓÄ»ΓÄ»ΓÄ»ΓÄ»ΓÄ»ΓÄ»ΓÄ»ΓÄ»ΓÄ»[47/105
]ΓÄ»[22m[39m

[41m[1m FAIL [22m[49m 
src/components/__tests__/SandboxSetupCard.test.tsx[2m > 
[22mSandboxSetupCard[2m > [22minvokes open_url when the button is clicked
[31m[1mAssertionError[22m: expected "vi.fn()" to be called with arguments: 
[ 'open_url', ΓÇª(1) ][90m

Received:

[1m  1st vi.fn() call:

[22m[2m  [[22m
[2m    "open_url",[22m
[2m    {[22m
[32m-     "url": "https://github.com/ayzekhdawy/windowsMate-Thuki#step-2-setup
-the-search-sandbox-optional-required-for-search",[90m
[31m+     "url": 
"https://github.com/ayzekhdawy/windowsMate-Thuki#search-sandbox-setup",[90m
[2m    },[22m
[2m  ][22m
[31m[90m

Number of calls: [1m1[22m
[31m[39m
[36m [2mΓ¥»[22m 
src/components/__tests__/SandboxSetupCard.test.tsx:[2m37:20[22m[39m
    [90m 35|[39m     const button = screen.getByRole('button', { name: 
/Setup Guide/i }ΓÇª
    [90m 36|[39m     fireEvent[33m.[39m[34mclick[39m(button)[33m;[39m
    [90m 37|[39m     [34mexpect[39m(invoke)[33m.[39m[34mtoHaveBeenCalled
With[39m([32m'open_url'[39m[33m,[39m {
    [90m   |[39m                    [31m^[39m
    [90m 38|[39m       url: 
'https://github.com/ayzekhdawy/windowsMate-Thuki#step-2-setΓÇª
    [90m 39|[39m     })[33m;[39m

[31m[2mΓÄ»ΓÄ»ΓÄ»ΓÄ»ΓÄ»ΓÄ»ΓÄ»ΓÄ»ΓÄ»ΓÄ»ΓÄ»ΓÄ»ΓÄ»ΓÄ»ΓÄ»ΓÄ»ΓÄ»ΓÄ»ΓÄ»ΓÄ»ΓÄ»[48/105
]ΓÄ»[22m[39m

[41m[1m FAIL [22m[49m src/components/__tests__/ThinkingBlock.test.tsx[2m 
> [22mThinkingBlock[2m > [22mshows the pending placeholder label before 
thinking tokens arrive
[31m[1mTestingLibraryElementError[22m: Unable to find an element by: 
[data-testid="loading-label"]

Ignored nodes: comments, script, style
[36m<body>[31m
  [36m<div />[31m
[36m</body>[31m[39m
[90m [2mΓ¥»[22m Object.getElementError 
node_modules/@testing-library/dom/dist/config.js:[2m37:19[22m[39m
[90m [2mΓ¥»[22m 
node_modules/@testing-library/dom/dist/query-helpers.js:[2m76:38[22m[39m
[90m [2mΓ¥»[22m 
node_modules/@testing-library/dom/dist/query-helpers.js:[2m52:17[22m[39m
[90m [2mΓ¥»[22m 
node_modules/@testing-library/dom/dist/query-helpers.js:[2m95:19[22m[39m
[36m [2mΓ¥»[22m 
src/components/__tests__/ThinkingBlock.test.tsx:[2m15:26[22m[39m
    [90m 13|[39m   it('shows the pending placeholder label before thinking 
tokens arrivΓÇª
    [90m 14|[39m     [34mrender[39m([33m<[39m[33mThinkingBlock[39m 
[33misThinking[39m[33m=[39m[33m{[39m[35mfalse[39m[33m}[39m 
[33misPending[39m [33m/[39m[33m>[39m)[33m;[39m
    [90m 15|[39m     [35mconst[39m label [33m=[39m 
screen[33m.[39m[34mgetByTestId[39m([32m'loading-label'[39m)[33m;[39m
    [90m   |[39m                          [31m^[39m
    [90m 16|[39m     
[34mexpect[39m(label)[33m.[39m[34mtoBeInTheDocument[39m()[33m;[39m
    [90m 17|[39m     [34mexpect[39m(label[33m.[39mtextContent)[33m.[39m
[34mtoBe[39m([32m'Warming up...'[39m)[33m;[39m

[31m[2mΓÄ»ΓÄ»ΓÄ»ΓÄ»ΓÄ»ΓÄ»ΓÄ»ΓÄ»ΓÄ»ΓÄ»ΓÄ»ΓÄ»ΓÄ»ΓÄ»ΓÄ»ΓÄ»ΓÄ»ΓÄ»ΓÄ»ΓÄ»ΓÄ»[49/105
]ΓÄ»[22m[39m

[41m[1m FAIL [22m[49m src/components/__tests__/ThinkingBlock.test.tsx[2m 
> [22mThinkingBlock[2m > [22mshows a clickable "Thinking..." summary while 
isThinking
[31m[1mTestingLibraryElementError[22m: Unable to find an element by: 
[data-testid="loading-label"]

Ignored nodes: comments, script, style
[36m<body>[31m
  [36m<div>[31m
    [36m<div[31m
      [33mclass[31m=[32m"mb-2"[31m
      [33mdata-testid[31m=[32m"thinking-block"[31m
    [36m>[31m
      [36m<button[31m
        [33maria-expanded[31m=[32m"false"[31m
        [33maria-label[31m=[32m"Toggle thinking details"[31m
        [33mclass[31m=[32m"flex items-center gap-2 cursor-pointer 
bg-transparent border-none p-0 text-left w-full"[31m
        [33mtype[31m=[32m"button"[31m
      [36m>[31m
        [36m<span[31m
          [33mclass[31m=[32m"text-[10px] text-text-secondary inline-block 
transition-transform duration-150"[31m
          [33mdata-testid[31m=[32m"thinking-chevron"[31m
          [33mstyle[31m=[32m"transform: rotate(90deg);"[31m
        [36m>[31m
          [0mΓû▓[0m
        [36m</span>[31m
        [36m<span[31m
          [33mclass[31m=[32m"text-sm text-text-secondary"[31m
          [33mdata-testid[31m=[32m"thinking-label"[31m
        [36m>[31m
          [36m<span[31m
            [33mclass[31m=[32m"inline-block thinking-sweep-char"[31m
            [33mstyle[31m=[32m"animation-delay: 0ms;"[31m
          [36m>[31m
            [0mT[0m
          [36m</span>[31m
          [36m<span[31m
            [33mclass[31m=[32m"inline-block thinking-sweep-char"[31m
            [33mstyle[31m=[32m"animation-delay: 80ms;"[31m
          [36m>[31m
            [0mh[0m
          [36m</span>[31m
          [36m<span[31m
            [33mclass[31m=[32m"inline-block thinking-sweep-char"[31m
            [33mstyle[31m=[32m"animation-delay: 160ms;"[31m
          [36m>[31m
            [0mi[0m
          [36m</span>[31m
          [36m<span[31m
            [33mclass[31m=[32m"inline-block thinking-sweep-char"[31m
            [33mstyle[31m=[32m"animation-delay: 240ms;"[31m
          [36m>[31m
            [0mn[0m
          [36m</span>[31m
          [36m<span[31m
            [33mclass[31m=[32m"inline-block thinking-sweep-char"[31m
            [33mstyle[31m=[32m"animation-delay: 320ms;"[31m
          [36m>[31m
            [0mk[0m
          [36m</span>[31m
          [36m<span[31m
            [33mclass[31m=[32m"inline-block thinking-sweep-char"[31m
            [33mstyle[31m=[32m"animation-delay: 400ms;"[31m
          [36m>[31m
            [0mi[0m
          [36m</span>[31m
          [36m<span[31m
            [33mclass[31m=[32m"inline-block thinking-sweep-char"[31m
            [33mstyle[31m=[32m"animation-delay: 480ms;"[31m
          [36m>[31m
            [0mn[0m
          [36m</span>[31m
          [36m<span[31m
            [33mclass[31m=[32m"inline-block thinking-sweep-char"[31m
            [33mstyle[31m=[32m"animation-delay: 560ms;"[31m
          [36m>[31m
            [0mg[0m
          [36m</span>[31m
          [36m<span[31m
            [33mclass[31m=[32m"inline-block thinking-sweep-char"[31m
            [33mstyle[31m=[32m"animation-delay: 640ms;"[31m
          [36m>[31m
            [0m.[0m
          [36m</span>[31m
          [36m<span[31m
            [33mclass[31m=[32m"inline-block thinking-sweep-char"[31m
            [33mstyle[31m=[32m"animation-delay: 720ms;"[31m
          [36m>[31m
            [0m.[0m
          [36m</span>[31m
          [36m<span[31m
            [33mclass[31m=[32m"inline-block thinking-sweep-char"[31m
            [33mstyle[31m=[32m"animation-delay: 800ms;"[31m
          [36m>[31m
            [0m.[0m
          [36m</span>[31m
        [36m</span>[31m
      [36m</button>[31m
    [36m</div>[31m
  [36m</div>[31m
[36m</body>[31m[39m
[90m [2mΓ¥»[22m Object.getElementError 
node_modules/@testing-library/dom/dist/config.js:[2m37:19[22m[39m
[90m [2mΓ¥»[22m 
node_modules/@testing-library/dom/dist/query-helpers.js:[2m76:38[22m[39m
[90m [2mΓ¥»[22m 
node_modules/@testing-library/dom/dist/query-helpers.js:[2m52:17[22m[39m
[90m [2mΓ¥»[22m 
node_modules/@testing-library/dom/dist/query-helpers.js:[2m95:19[22m[39m
[36m [2mΓ¥»[22m 
src/components/__tests__/ThinkingBlock.test.tsx:[2m29:26[22m[39m
    [90m 27|[39m   it('shows a clickable "Thinking..." summary while 
isThinking', () =>ΓÇª
    [90m 28|[39m     render(<ThinkingBlock thinkingContent="Working on it" 
isThinking={ΓÇª
    [90m 29|[39m     [35mconst[39m label [33m=[39m 
screen[33m.[39m[34mgetByTestId[39m([32m'loading-label'[39m)[33m;[39m
    [90m   |[39m                          [31m^[39m
    [90m 30|[39m     
[34mexpect[39m(label)[33m.[39m[34mtoBeInTheDocument[39m()[33m;[39m
    [90m 31|[39m     [34mexpect[39m(label[33m.[39mtextContent)[33m.[39m
[34mtoBe[39m([32m'Thinking...'[39m)[33m;[39m

[31m[2mΓÄ»ΓÄ»ΓÄ»ΓÄ»ΓÄ»ΓÄ»ΓÄ»ΓÄ»ΓÄ»ΓÄ»ΓÄ»ΓÄ»ΓÄ»ΓÄ»ΓÄ»ΓÄ»ΓÄ»ΓÄ»ΓÄ»ΓÄ»ΓÄ»[50/105
]ΓÄ»[22m[39m

[41m[1m FAIL [22m[49m src/components/__tests__/ThinkingBlock.test.tsx[2m 
> [22mThinkingBlock[2m > [22mshows "Thought process" in collapsed state 
when done
[31m[1mTestingLibraryElementError[22m: Unable to find an element by: 
[data-testid="thinking-summary-label"]

Ignored nodes: comments, script, style
[36m<body>[31m
  [36m<div>[31m
    [36m<div[31m
      [33mclass[31m=[32m"mb-2"[31m
      [33mdata-testid[31m=[32m"thinking-block"[31m
    [36m>[31m
      [36m<button[31m
        [33maria-expanded[31m=[32m"false"[31m
        [33maria-label[31m=[32m"Toggle thinking details"[31m
        [33mclass[31m=[32m"flex items-center gap-2 cursor-pointer 
bg-transparent border-none p-0 text-left w-full"[31m
        [33mtype[31m=[32m"button"[31m
      [36m>[31m
        [36m<span[31m
          [33mclass[31m=[32m"text-[10px] text-text-secondary inline-block 
transition-transform duration-150"[31m
          [33mdata-testid[31m=[32m"thinking-chevron"[31m
          [33mstyle[31m=[32m"transform: rotate(90deg);"[31m
        [36m>[31m
          [0mΓû▓[0m
        [36m</span>[31m
        [36m<span[31m
          [33mclass[31m=[32m"text-sm text-text-secondary/60"[31m
        [36m>[31m
          [0mThought process[0m
        [36m</span>[31m
      [36m</button>[31m
    [36m</div>[31m
  [36m</div>[31m
[36m</body>[31m[39m
[90m [2mΓ¥»[22m Object.getElementError 
node_modules/@testing-library/dom/dist/config.js:[2m37:19[22m[39m
[90m [2mΓ¥»[22m 
node_modules/@testing-library/dom/dist/query-helpers.js:[2m76:38[22m[39m
[90m [2mΓ¥»[22m 
node_modules/@testing-library/dom/dist/query-helpers.js:[2m52:17[22m[39m
[90m [2mΓ¥»[22m 
node_modules/@testing-library/dom/dist/query-helpers.js:[2m95:19[22m[39m
[36m [2mΓ¥»[22m 
src/components/__tests__/ThinkingBlock.test.tsx:[2m45:19[22m[39m
    [90m 43|[39m       <ThinkingBlock thinkingContent="Some reasoning." 
isThinking={falΓÇª
    [90m 44|[39m     )[33m;[39m
    [90m 45|[39m     
expect(screen.getByTestId('thinking-summary-label').textContent).tΓÇª
    [90m   |[39m                   [31m^[39m
    [90m 46|[39m       [32m'Thought process'[39m[33m,[39m
    [90m 47|[39m     )[33m;[39m

[31m[2mΓÄ»ΓÄ»ΓÄ»ΓÄ»ΓÄ»ΓÄ»ΓÄ»ΓÄ»ΓÄ»ΓÄ»ΓÄ»ΓÄ»ΓÄ»ΓÄ»ΓÄ»ΓÄ»ΓÄ»ΓÄ»ΓÄ»ΓÄ»ΓÄ»[51/105
]ΓÄ»[22m[39m

[41m[1m FAIL [22m[49m src/components/__tests__/TipBar.test.tsx[2m > 
[22mTipBar[2m > [22mrenders nothing when suppressed
[31m[1mAssertionError[22m: expected <div ΓÇª(2)>ΓÇª(2)</div> to be null[39m

[32m- Expected:[39m
null

[31m+ Received:[39m
<div
  class="flex items-center justify-center gap-1.5 border-t border-white/5 px-4 
py-[5px]"
  data-testid="tip-bar"
>
  <span
    class="text-[9px] font-bold tracking-widest uppercase text-[#ff8d5c] 
bg-[#ff8d5c]/10 rounded px-1.5 py-0.5 flex-shrink-0"
  >
    TIP
  </span>
  <span
    class="text-[10px]"
    data-testid="tip-text"
    style="color: rgb(138, 138, 142);"
  >
    <span
      data-ci="0"
    />
    <span
      data-ci="1"
    />
    <span
      data-ci="2"
    />
    <span
      data-ci="3"
    />
    <span
      data-ci="4"
    />
  </span>
</div>

[36m [2mΓ¥»[22m 
src/components/__tests__/TipBar.test.tsx:[2m103:34[22m[39m
    [90m101|[39m   [34mit[39m([32m'renders nothing when 
suppressed'[39m[33m,[39m () [33m=>[39m {
    [90m102|[39m     const { container } = render(<TipBar tip="hello" 
tipKey={0} suppreΓÇª
    [90m103|[39m     [34mexpect[39m(container[33m.[39mfirstChild)[33m.[
39m[34mtoBeNull[39m()[33m;[39m
    [90m   |[39m                                  [31m^[39m
    [90m104|[39m   })[33m;[39m
    [90m105|[39m })[33m;[39m

[31m[2mΓÄ»ΓÄ»ΓÄ»ΓÄ»ΓÄ»ΓÄ»ΓÄ»ΓÄ»ΓÄ»ΓÄ»ΓÄ»ΓÄ»ΓÄ»ΓÄ»ΓÄ»ΓÄ»ΓÄ»ΓÄ»ΓÄ»ΓÄ»ΓÄ»[52/105
]ΓÄ»[22m[39m

[41m[1m FAIL [22m[49m src/components/__tests__/Tooltip.test.tsx[2m > 
[22mTooltip[2m > [22mhides on mouseDown so the tooltip does not overlap a 
popup the click opens
[31m[1mError[22m: 
[2mexpect([22m[31melement[31m[2m).not.toBeInTheDocument()[22m

[31mexpected document not to contain element, found <div
  class="relative rounded-lg border border-surface-border bg-surface-base 
px-2.5 py-1.5 text-[11px] text-text-primary whitespace-nowrap"
>
  Choose model
</div> instead[31m[39m
[36m [2mΓ¥»[22m 
src/components/__tests__/Tooltip.test.tsx:[2m125:52[22m[39m
    [90m123|[39m     
[34mexpect[39m(screen[33m.[39m[34mgetByText[39m([32m'Choose 
model'[39m))[33m.[39m[34mtoBeInTheDocument[39m()[33m;[39m
    [90m124|[39m     
fireEvent[33m.[39m[34mmouseDown[39m(wrapper)[33m;[39m
    [90m125|[39m     
[34mexpect[39m(screen[33m.[39m[34mqueryByText[39m([32m'Choose 
model'[39m))[33m.[39mnot[33m.[39m[34mtoBeInTheDocument[39m()[33m;[39m
    [90m   |[39m                                                    
[31m^[39m
    [90m126|[39m   })[33m;[39m
    [90m127|[39m

[31m[2mΓÄ»ΓÄ»ΓÄ»ΓÄ»ΓÄ»ΓÄ»ΓÄ»ΓÄ»ΓÄ»ΓÄ»ΓÄ»ΓÄ»ΓÄ»ΓÄ»ΓÄ»ΓÄ»ΓÄ»ΓÄ»ΓÄ»ΓÄ»ΓÄ»[53/105
]ΓÄ»[22m[39m

[41m[1m FAIL [22m[49m src/components/__tests__/Tooltip.test.tsx[2m > 
[22mTooltip[2m > [22mapplies extra className to the wrapper div
[31m[1mAssertionError[22m: expected false to be true // Object.is 
equality[39m

[32m- Expected[39m
[31m+ Received[39m

[32m- true[39m
[31m+ false[39m

[36m [2mΓ¥»[22m 
src/components/__tests__/Tooltip.test.tsx:[2m148:51[22m[39m
    [90m146|[39m     )[33m;[39m
    [90m147|[39m     [35mconst[39m wrapper [33m=[39m 
container[33m.[39mfirstElementChild[33m;[39m
    [90m148|[39m     [34mexpect[39m(wrapper[33m?.[39mclassList[33m.[39m
[34mcontains[39m([32m'flex-1'[39m))[33m.[39m[34mtoBe[39m([35mtrue[39m
)[33m;[39m
    [90m   |[39m                                                   
[31m^[39m
    [90m149|[39m     [34mexpect[39m(wrapper[33m?.[39mclassList[33m.[39m
[34mcontains[39m([32m'min-w-0'[39m))[33m.[39m[34mtoBe[39m([35mtrue[39
m)[33m;[39m
    [90m150|[39m     [34mexpect[39m(wrapper[33m?.[39mclassList[33m.[39m
[34mcontains[39m([32m'inline-flex'[39m))[33m.[39m[34mtoBe[39m([35mtrue
[39m)[33m;[39m

[31m[2mΓÄ»ΓÄ»ΓÄ»ΓÄ»ΓÄ»ΓÄ»ΓÄ»ΓÄ»ΓÄ»ΓÄ»ΓÄ»ΓÄ»ΓÄ»ΓÄ»ΓÄ»ΓÄ»ΓÄ»ΓÄ»ΓÄ»ΓÄ»ΓÄ»[54/105
]ΓÄ»[22m[39m

[41m[1m FAIL [22m[49m src/components/__tests__/Tooltip.test.tsx[2m > 
[22mTooltip[2m > [22mrenders multiline tooltips at a fixed 225px width so 
the box stays directly below the trigger near edges
[31m[1mAssertionError[22m: expected null not to be null[39m
[36m [2mΓ¥»[22m 
src/components/__tests__/Tooltip.test.tsx:[2m170:23[22m[39m
    [90m168|[39m     [90m// wrapper) carries the explicit 225px width 
style.[39m
    [90m169|[39m     [35mconst[39m inner [33m=[39m fixedBox[33m?.[39m[
34mquerySelector[39m([32m'div[style*="width"]'[39m)[33m;[39m
    [90m170|[39m     
[34mexpect[39m(inner)[33m.[39mnot[33m.[39m[34mtoBeNull[39m()[33m;[39m
    [90m   |[39m                       [31m^[39m
    [90m171|[39m     [34mexpect[39m((inner [35mas[39m [33mHTMLElement[3
9m)[33m.[39mstyle[33m.[39mwidth)[33m.[39m[34mtoBe[39m([32m'225px'[39m
)[33m;[39m
    [90m172|[39m   })[33m;[39m

[31m[2mΓÄ»ΓÄ»ΓÄ»ΓÄ»ΓÄ»ΓÄ»ΓÄ»ΓÄ»ΓÄ»ΓÄ»ΓÄ»ΓÄ»ΓÄ»ΓÄ»ΓÄ»ΓÄ»ΓÄ»ΓÄ»ΓÄ»ΓÄ»ΓÄ»[55/105
]ΓÄ»[22m[39m

[41m[1m FAIL [22m[49m src/hooks/__tests__/useModelSelection.test.tsx[2m > 
[22museModelSelection[2m > [22mloads active and installed models from the 
backend
[31m[1mAssertionError[22m: expected undefined to be 'gemma4:e2b' // 
Object.is equality[39m

[32m- Expected:[39m
"gemma4:e2b"

[31m+ Received:[39m
undefined

[36m [2mΓ¥»[22m 
src/hooks/__tests__/useModelSelection.test.tsx:[2m21:40[22m[39m
    [90m 19|[39m     [35mawait[39m [34mact[39m([35masync[39m () 
[33m=>[39m {})[33m;[39m
    [90m 20|[39m
    [90m 21|[39m     [34mexpect[39m(result[33m.[39mcurrent[33m.[39macti
veModel)[33m.[39m[34mtoBe[39m([32m'gemma4:e2b'[39m)[33m;[39m
    [90m   |[39m                                        [31m^[39m
    [90m 22|[39m     [34mexpect[39m(result[33m.[39mcurrent[33m.[39mavai
lableModels)[33m.[39m[34mtoEqual[39m([
    [90m 23|[39m       [32m'gemma4:e2b'[39m[33m,[39m

[31m[2mΓÄ»ΓÄ»ΓÄ»ΓÄ»ΓÄ»ΓÄ»ΓÄ»ΓÄ»ΓÄ»ΓÄ»ΓÄ»ΓÄ»ΓÄ»ΓÄ»ΓÄ»ΓÄ»ΓÄ»ΓÄ»ΓÄ»ΓÄ»ΓÄ»[56/105
]ΓÄ»[22m[39m

[41m[1m FAIL [22m[49m src/hooks/__tests__/useModelSelection.test.tsx[2m > 
[22museModelSelection[2m > [22mstarts with a null active model before the 
first refresh resolves
[31m[1mAssertionError[22m: expected undefined to be null[39m

[32m- Expected:[39m
null

[31m+ Received:[39m
undefined

[36m [2mΓ¥»[22m 
src/hooks/__tests__/useModelSelection.test.tsx:[2m32:40[22m[39m
    [90m 30|[39m     invoke.mockImplementationOnce(() => new 
Promise<unknown>(() => {})ΓÇª
    [90m 31|[39m     [35mconst[39m { result } [33m=[39m 
[34mrenderHook[39m(() [33m=>[39m [34museModelSelection[39m())[33m;[39m
    [90m 32|[39m     [34mexpect[39m(result[33m.[39mcurrent[33m.[39macti
veModel)[33m.[39m[34mtoBeNull[39m()[33m;[39m
    [90m   |[39m                                        [31m^[39m
    [90m 33|[39m     [34mexpect[39m(result[33m.[39mcurrent[33m.[39mavai
lableModels)[33m.[39m[34mtoEqual[39m([])[33m;[39m
    [90m 34|[39m     // Optimistic default avoids a cold-start flash of the 
unreachableΓÇª

[31m[2mΓÄ»ΓÄ»ΓÄ»ΓÄ»ΓÄ»ΓÄ»ΓÄ»ΓÄ»ΓÄ»ΓÄ»ΓÄ»ΓÄ»ΓÄ»ΓÄ»ΓÄ»ΓÄ»ΓÄ»ΓÄ»ΓÄ»ΓÄ»ΓÄ»[57/105
]ΓÄ»[22m[39m

[41m[1m FAIL [22m[49m src/hooks/__tests__/useModelSelection.test.tsx[2m > 
[22museModelSelection[2m > [22maccepts a null active payload from the 
backend (no model selected)
[31m[1mAssertionError[22m: expected undefined to be null[39m

[32m- Expected:[39m
null

[31m+ Received:[39m
undefined

[36m [2mΓ¥»[22m 
src/hooks/__tests__/useModelSelection.test.tsx:[2m53:40[22m[39m
    [90m 51|[39m     [35mawait[39m [34mact[39m([35masync[39m () 
[33m=>[39m {})[33m;[39m
    [90m 52|[39m
    [90m 53|[39m     [34mexpect[39m(result[33m.[39mcurrent[33m.[39macti
veModel)[33m.[39m[34mtoBeNull[39m()[33m;[39m
    [90m   |[39m                                        [31m^[39m
    [90m 54|[39m     [34mexpect[39m(result[33m.[39mcurrent[33m.[39mavai
lableModels)[33m.[39m[34mtoEqual[39m([])[33m;[39m
    [90m 55|[39m     [34mexpect[39m(result[33m.[39mcurrent[33m.[39molla
maReachable)[33m.[39m[34mtoBe[39m([35mtrue[39m)[33m;[39m

[31m[2mΓÄ»ΓÄ»ΓÄ»ΓÄ»ΓÄ»ΓÄ»ΓÄ»ΓÄ»ΓÄ»ΓÄ»ΓÄ»ΓÄ»ΓÄ»ΓÄ»ΓÄ»ΓÄ»ΓÄ»ΓÄ»ΓÄ»ΓÄ»ΓÄ»[58/105
]ΓÄ»[22m[39m

[41m[1m FAIL [22m[49m src/hooks/__tests__/useModelSelection.test.tsx[2m > 
[22museModelSelection[2m > [22mmarks Ollama unreachable when the backend 
reports it cannot connect
[31m[1mAssertionError[22m: expected undefined to be null[39m

[32m- Expected:[39m
null

[31m+ Received:[39m
undefined

[36m [2mΓ¥»[22m 
src/hooks/__tests__/useModelSelection.test.tsx:[2m71:40[22m[39m
    [90m 69|[39m     [35mawait[39m [34mact[39m([35masync[39m () 
[33m=>[39m {})[33m;[39m
    [90m 70|[39m
    [90m 71|[39m     [34mexpect[39m(result[33m.[39mcurrent[33m.[39macti
veModel)[33m.[39m[34mtoBeNull[39m()[33m;[39m
    [90m   |[39m                                        [31m^[39m
    [90m 72|[39m     [34mexpect[39m(result[33m.[39mcurrent[33m.[39mavai
lableModels)[33m.[39m[34mtoEqual[39m([])[33m;[39m
    [90m 73|[39m     [34mexpect[39m(result[33m.[39mcurrent[33m.[39molla
maReachable)[33m.[39m[34mtoBe[39m([35mfalse[39m)[33m;[39m

[31m[2mΓÄ»ΓÄ»ΓÄ»ΓÄ»ΓÄ»ΓÄ»ΓÄ»ΓÄ»ΓÄ»ΓÄ»ΓÄ»ΓÄ»ΓÄ»ΓÄ»ΓÄ»ΓÄ»ΓÄ»ΓÄ»ΓÄ»ΓÄ»ΓÄ»[59/105
]ΓÄ»[22m[39m

[41m[1m FAIL [22m[49m src/hooks/__tests__/useModelSelection.test.tsx[2m > 
[22museModelSelection[2m > [22mpersists a new active model and updates 
local state
[31m[1mTypeError[22m: result.current.setActiveModel is not a function[39m
[36m [2mΓ¥»[22m 
src/hooks/__tests__/useModelSelection.test.tsx:[2m89:28[22m[39m
    [90m 87|[39m
    [90m 88|[39m     [35mawait[39m [34mact[39m([35masync[39m () 
[33m=>[39m {
    [90m 89|[39m       [35mawait[39m result[33m.[39mcurrent[33m.[39m[3
4msetActiveModel[39m([32m'qwen2.5:7b'[39m)[33m;[39m
    [90m   |[39m                            [31m^[39m
    [90m 90|[39m     })[33m;[39m
    [90m 91|[39m
[90m [2mΓ¥»[22m 
node_modules/@testing-library/react/dist/act-compat.js:[2m47:24[22m[39m
[90m [2mΓ¥»[22m process.env.NODE_ENV.exports.act 
node_modules/react/cjs/react.development.js:[2m814:22[22m[39m
[90m [2mΓ¥»[22m 
node_modules/@testing-library/react/dist/act-compat.js:[2m46:25[22m[39m
[90m [2mΓ¥»[22m 
src/hooks/__tests__/useModelSelection.test.tsx:[2m88:11[22m[39m

[31m[2mΓÄ»ΓÄ»ΓÄ»ΓÄ»ΓÄ»ΓÄ»ΓÄ»ΓÄ»ΓÄ»ΓÄ»ΓÄ»ΓÄ»ΓÄ»ΓÄ»ΓÄ»ΓÄ»ΓÄ»ΓÄ»ΓÄ»ΓÄ»ΓÄ»[60/105
]ΓÄ»[22m[39m

[41m[1m FAIL [22m[49m src/hooks/__tests__/useModelSelection.test.tsx[2m > 
[22museModelSelection[2m > [22mclears available models and marks 
unreachable when backend fetch rejects
[31m[1mAssertionError[22m: expected undefined to deeply equal [][39m

[32m- Expected:[39m
[]

[31m+ Received:[39m
undefined

[36m [2mΓ¥»[22m 
src/hooks/__tests__/useModelSelection.test.tsx:[2m104:44[22m[39m
    [90m102|[39m     [35mawait[39m [34mact[39m([35masync[39m () 
[33m=>[39m {})[33m;[39m
    [90m103|[39m
    [90m104|[39m     [34mexpect[39m(result[33m.[39mcurrent[33m.[39mavai
lableModels)[33m.[39m[34mtoEqual[39m([])[33m;[39m
    [90m   |[39m                                            [31m^[39m
    [90m105|[39m     [34mexpect[39m(result[33m.[39mcurrent[33m.[39macti
veModel)[33m.[39m[34mtoBeNull[39m()[33m;[39m
    [90m106|[39m     // A rejected IPC call is treated as unreachable: we 
cannot trust ΓÇª

[31m[2mΓÄ»ΓÄ»ΓÄ»ΓÄ»ΓÄ»ΓÄ»ΓÄ»ΓÄ»ΓÄ»ΓÄ»ΓÄ»ΓÄ»ΓÄ»ΓÄ»ΓÄ»ΓÄ»ΓÄ»ΓÄ»ΓÄ»ΓÄ»ΓÄ»[61/105
]ΓÄ»[22m[39m

[41m[1m FAIL [22m[49m src/hooks/__tests__/useModelSelection.test.tsx[2m > 
[22museModelSelection[2m > [22mfalls back to empty state when payload shape 
is invalid
[31m[1mAssertionError[22m: expected undefined to deeply equal [][39m

[32m- Expected:[39m
[]

[31m+ Received:[39m
undefined

[36m [2mΓ¥»[22m 
src/hooks/__tests__/useModelSelection.test.tsx:[2m117:44[22m[39m
    [90m115|[39m     [35mawait[39m [34mact[39m([35masync[39m () 
[33m=>[39m {})[33m;[39m
    [90m116|[39m
    [90m117|[39m     [34mexpect[39m(result[33m.[39mcurrent[33m.[39mavai
lableModels)[33m.[39m[34mtoEqual[39m([])[33m;[39m
    [90m   |[39m                                            [31m^[39m
    [90m118|[39m     [34mexpect[39m(result[33m.[39mcurrent[33m.[39macti
veModel)[33m.[39m[34mtoBeNull[39m()[33m;[39m
    [90m119|[39m     // A malformed payload is also treated as unreachable: 
the hook caΓÇª

[31m[2mΓÄ»ΓÄ»ΓÄ»ΓÄ»ΓÄ»ΓÄ»ΓÄ»ΓÄ»ΓÄ»ΓÄ»ΓÄ»ΓÄ»ΓÄ»ΓÄ»ΓÄ»ΓÄ»ΓÄ»ΓÄ»ΓÄ»ΓÄ»ΓÄ»[62/105
]ΓÄ»[22m[39m

[41m[1m FAIL [22m[49m src/hooks/__tests__/useModelSelection.test.tsx[2m > 
[22museModelSelection[2m > [22mre-fetches models when refreshModels is 
called
[31m[1mTypeError[22m: result.current.refreshModels is not a function[39m
[36m [2mΓ¥»[22m 
src/hooks/__tests__/useModelSelection.test.tsx:[2m142:28[22m[39m
    [90m140|[39m
    [90m141|[39m     [35mawait[39m [34mact[39m([35masync[39m () 
[33m=>[39m {
    [90m142|[39m       [35mawait[39m 
result[33m.[39mcurrent[33m.[39m[34mrefreshModels[39m()[33m;[39m
    [90m   |[39m                            [31m^[39m
    [90m143|[39m     })[33m;[39m
    [90m144|[39m
[90m [2mΓ¥»[22m 
node_modules/@testing-library/react/dist/act-compat.js:[2m47:24[22m[39m
[90m [2mΓ¥»[22m process.env.NODE_ENV.exports.act 
node_modules/react/cjs/react.development.js:[2m814:22[22m[39m
[90m [2mΓ¥»[22m 
node_modules/@testing-library/react/dist/act-compat.js:[2m46:25[22m[39m
[90m [2mΓ¥»[22m 
src/hooks/__tests__/useModelSelection.test.tsx:[2m141:11[22m[39m

[31m[2mΓÄ»ΓÄ»ΓÄ»ΓÄ»ΓÄ»ΓÄ»ΓÄ»ΓÄ»ΓÄ»ΓÄ»ΓÄ»ΓÄ»ΓÄ»ΓÄ»ΓÄ»ΓÄ»ΓÄ»ΓÄ»ΓÄ»ΓÄ»ΓÄ»[63/105
]ΓÄ»[22m[39m

[41m[1m FAIL [22m[49m src/hooks/__tests__/useModelSelection.test.tsx[2m > 
[22museModelSelection[2m > [22mrejects null payloads from the backend
[31m[1mAssertionError[22m: expected undefined to deeply equal [][39m

[32m- Expected:[39m
[]

[31m+ Received:[39m
undefined

[36m [2mΓ¥»[22m 
src/hooks/__tests__/useModelSelection.test.tsx:[2m158:44[22m[39m
    [90m156|[39m     [35mawait[39m [34mact[39m([35masync[39m () 
[33m=>[39m {})[33m;[39m
    [90m157|[39m
    [90m158|[39m     [34mexpect[39m(result[33m.[39mcurrent[33m.[39mavai
lableModels)[33m.[39m[34mtoEqual[39m([])[33m;[39m
    [90m   |[39m                                            [31m^[39m
    [90m159|[39m     [34mexpect[39m(result[33m.[39mcurrent[33m.[39macti
veModel)[33m.[39m[34mtoBeNull[39m()[33m;[39m
    [90m160|[39m   })[33m;[39m

[31m[2mΓÄ»ΓÄ»ΓÄ»ΓÄ»ΓÄ»ΓÄ»ΓÄ»ΓÄ»ΓÄ»ΓÄ»ΓÄ»ΓÄ»ΓÄ»ΓÄ»ΓÄ»ΓÄ»ΓÄ»ΓÄ»ΓÄ»ΓÄ»ΓÄ»[64/105
]ΓÄ»[22m[39m

[41m[1m FAIL [22m[49m src/hooks/__tests__/useModelSelection.test.tsx[2m > 
[22museModelSelection[2m > [22mrejects non-object payloads from the backend
[31m[1mAssertionError[22m: expected undefined to deeply equal [][39m

[32m- Expected:[39m
[]

[31m+ Received:[39m
undefined

[36m [2mΓ¥»[22m 
src/hooks/__tests__/useModelSelection.test.tsx:[2m168:44[22m[39m
    [90m166|[39m     [35mawait[39m [34mact[39m([35masync[39m () 
[33m=>[39m {})[33m;[39m
    [90m167|[39m
    [90m168|[39m     [34mexpect[39m(result[33m.[39mcurrent[33m.[39mavai
lableModels)[33m.[39m[34mtoEqual[39m([])[33m;[39m
    [90m   |[39m                                            [31m^[39m
    [90m169|[39m     [34mexpect[39m(result[33m.[39mcurrent[33m.[39macti
veModel)[33m.[39m[34mtoBeNull[39m()[33m;[39m
    [90m170|[39m   })[33m;[39m

[31m[2mΓÄ»ΓÄ»ΓÄ»ΓÄ»ΓÄ»ΓÄ»ΓÄ»ΓÄ»ΓÄ»ΓÄ»ΓÄ»ΓÄ»ΓÄ»ΓÄ»ΓÄ»ΓÄ»ΓÄ»ΓÄ»ΓÄ»ΓÄ»ΓÄ»[65/105
]ΓÄ»[22m[39m

[41m[1m FAIL [22m[49m src/hooks/__tests__/useModelSelection.test.tsx[2m > 
[22museModelSelection[2m > [22mrejects payloads whose `all` array contains 
non-string entries
[31m[1mAssertionError[22m: expected undefined to deeply equal [][39m

[32m- Expected:[39m
[]

[31m+ Received:[39m
undefined

[36m [2mΓ¥»[22m 
src/hooks/__tests__/useModelSelection.test.tsx:[2m182:44[22m[39m
    [90m180|[39m     [35mawait[39m [34mact[39m([35masync[39m () 
[33m=>[39m {})[33m;[39m
    [90m181|[39m
    [90m182|[39m     [34mexpect[39m(result[33m.[39mcurrent[33m.[39mavai
lableModels)[33m.[39m[34mtoEqual[39m([])[33m;[39m
    [90m   |[39m                                            [31m^[39m
    [90m183|[39m     [34mexpect[39m(result[33m.[39mcurrent[33m.[39macti
veModel)[33m.[39m[34mtoBeNull[39m()[33m;[39m
    [90m184|[39m   })[33m;[39m

[31m[2mΓÄ»ΓÄ»ΓÄ»ΓÄ»ΓÄ»ΓÄ»ΓÄ»ΓÄ»ΓÄ»ΓÄ»ΓÄ»ΓÄ»ΓÄ»ΓÄ»ΓÄ»ΓÄ»ΓÄ»ΓÄ»ΓÄ»ΓÄ»ΓÄ»[66/105
]ΓÄ»[22m[39m

[41m[1m FAIL [22m[49m src/hooks/__tests__/useModelSelection.test.tsx[2m > 
[22museModelSelection[2m > [22mrejects payloads with non-boolean 
ollamaReachable
[31m[1mAssertionError[22m: expected undefined to deeply equal [][39m

[32m- Expected:[39m
[]

[31m+ Received:[39m
undefined

[36m [2mΓ¥»[22m 
src/hooks/__tests__/useModelSelection.test.tsx:[2m199:44[22m[39m
    [90m197|[39m     [35mawait[39m [34mact[39m([35masync[39m () 
[33m=>[39m {})[33m;[39m
    [90m198|[39m
    [90m199|[39m     [34mexpect[39m(result[33m.[39mcurrent[33m.[39mavai
lableModels)[33m.[39m[34mtoEqual[39m([])[33m;[39m
    [90m   |[39m                                            [31m^[39m
    [90m200|[39m     [34mexpect[39m(result[33m.[39mcurrent[33m.[39macti
veModel)[33m.[39m[34mtoBeNull[39m()[33m;[39m
    [90m201|[39m     [34mexpect[39m(result[33m.[39mcurrent[33m.[39molla
maReachable)[33m.[39m[34mtoBe[39m([35mfalse[39m)[33m;[39m

[31m[2mΓÄ»ΓÄ»ΓÄ»ΓÄ»ΓÄ»ΓÄ»ΓÄ»ΓÄ»ΓÄ»ΓÄ»ΓÄ»ΓÄ»ΓÄ»ΓÄ»ΓÄ»ΓÄ»ΓÄ»ΓÄ»ΓÄ»ΓÄ»ΓÄ»[67/105
]ΓÄ»[22m[39m

[41m[1m FAIL [22m[49m src/hooks/__tests__/useModelSelection.test.tsx[2m > 
[22museModelSelection[2m > [22msurfaces backend errors and leaves active 
model unchanged on rejection
[31m[1mAssertionError[22m: expected [Function] to throw error including 
'Model is not installed in Ollama: mysΓÇª' but got 
'result.current.setActiveModel is not ΓÇª'[39m

Expected: [32m"Model is not installed in Ollama: mystery"[39m
Received: [31m"result.current.setActiveModel is not a function"[39m

[36m [2mΓ¥»[22m 
src/hooks/__tests__/useModelSelection.test.tsx:[2m222:6[22m[39m
    [90m220|[39m         [35mawait[39m result[33m.[39mcurrent[33m.[39m
[34msetActiveModel[39m([32m'mystery'[39m)[33m;[39m
    [90m221|[39m       })[33m,[39m
    [90m222|[39m     
)[33m.[39mrejects[33m.[39m[34mtoThrow[39m([32m'Model is not installed 
in Ollama: mystery'[39m)[33m;[39m
    [90m   |[39m      [31m^[39m
    [90m223|[39m
    [90m224|[39m     [34mexpect[39m(result[33m.[39mcurrent[33m.[39macti
veModel)[33m.[39m[34mtoBe[39m([32m'gemma4:e2b'[39m)[33m;[39m

[31m[2mΓÄ»ΓÄ»ΓÄ»ΓÄ»ΓÄ»ΓÄ»ΓÄ»ΓÄ»ΓÄ»ΓÄ»ΓÄ»ΓÄ»ΓÄ»ΓÄ»ΓÄ»ΓÄ»ΓÄ»ΓÄ»ΓÄ»ΓÄ»ΓÄ»[68/105
]ΓÄ»[22m[39m

[41m[1m FAIL [22m[49m src/hooks/__tests__/useModelSelection.test.tsx[2m > 
[22museModelSelection[2m > [22mclears active model when a later refresh 
returns a malformed payload
[31m[1mAssertionError[22m: expected undefined to be 'gemma4:e2b' // 
Object.is equality[39m

[32m- Expected:[39m
"gemma4:e2b"

[31m+ Received:[39m
undefined

[36m [2mΓ¥»[22m 
src/hooks/__tests__/useModelSelection.test.tsx:[2m238:40[22m[39m
    [90m236|[39m     [35mconst[39m { result } [33m=[39m 
[34mrenderHook[39m(() [33m=>[39m [34museModelSelection[39m())[33m;[39m
    [90m237|[39m     [35mawait[39m [34mact[39m([35masync[39m () 
[33m=>[39m {})[33m;[39m
    [90m238|[39m     [34mexpect[39m(result[33m.[39mcurrent[33m.[39macti
veModel)[33m.[39m[34mtoBe[39m([32m'gemma4:e2b'[39m)[33m;[39m
    [90m   |[39m                                        [31m^[39m
    [90m239|[39m
    [90m240|[39m     [35mawait[39m [34mact[39m([35masync[39m () 
[33m=>[39m {

[31m[2mΓÄ»ΓÄ»ΓÄ»ΓÄ»ΓÄ»ΓÄ»ΓÄ»ΓÄ»ΓÄ»ΓÄ»ΓÄ»ΓÄ»ΓÄ»ΓÄ»ΓÄ»ΓÄ»ΓÄ»ΓÄ»ΓÄ»ΓÄ»ΓÄ»[69/105
]ΓÄ»[22m[39m

[41m[1m FAIL [22m[49m src/hooks/__tests__/useModelSelection.test.tsx[2m > 
[22museModelSelection[2m > [22mdrops a stale setActiveModel resolution when 
a newer call supersedes it
[31m[1mTypeError[22m: result.current.setActiveModel is not a function[39m
[36m [2mΓ¥»[22m 
src/hooks/__tests__/useModelSelection.test.tsx:[2m270:36[22m[39m
    [90m268|[39m     [35mlet[39m slowPromise[33m:[39m 
[33mPromise[39m[33m<[39m[35mvoid[39m[33m>[39m[33m;[39m
    [90m269|[39m     [35mawait[39m [34mact[39m([35masync[39m () 
[33m=>[39m {
    [90m270|[39m       slowPromise [33m=[39m result[33m.[39mcurrent[33m.
[39m[34msetActiveModel[39m([32m'B'[39m)[33m;[39m
    [90m   |[39m                                    [31m^[39m
    [90m271|[39m       [35mawait[39m result[33m.[39mcurrent[33m.[39m[3
4msetActiveModel[39m([32m'C'[39m)[33m;[39m
    [90m272|[39m     })[33m;[39m
[90m [2mΓ¥»[22m 
node_modules/@testing-library/react/dist/act-compat.js:[2m47:24[22m[39m
[90m [2mΓ¥»[22m process.env.NODE_ENV.exports.act 
node_modules/react/cjs/react.development.js:[2m814:22[22m[39m
[90m [2mΓ¥»[22m 
node_modules/@testing-library/react/dist/act-compat.js:[2m46:25[22m[39m
[90m [2mΓ¥»[22m 
src/hooks/__tests__/useModelSelection.test.tsx:[2m269:11[22m[39m

[31m[2mΓÄ»ΓÄ»ΓÄ»ΓÄ»ΓÄ»ΓÄ»ΓÄ»ΓÄ»ΓÄ»ΓÄ»ΓÄ»ΓÄ»ΓÄ»ΓÄ»ΓÄ»ΓÄ»ΓÄ»ΓÄ»ΓÄ»ΓÄ»ΓÄ»[70/105
]ΓÄ»[22m[39m

[41m[1m FAIL [22m[49m src/hooks/__tests__/useModelSelection.test.tsx[2m > 
[22museModelSelection[2m > [22mdrops a stale setActiveModel rejection when 
a newer call supersedes it
[31m[1mTypeError[22m: result.current.setActiveModel is not a function[39m
[36m [2mΓ¥»[22m 
src/hooks/__tests__/useModelSelection.test.tsx:[2m308:36[22m[39m
    [90m306|[39m     [35mlet[39m slowPromise[33m:[39m 
[33mPromise[39m[33m<[39m[35mvoid[39m[33m>[39m[33m;[39m
    [90m307|[39m     [35mawait[39m [34mact[39m([35masync[39m () 
[33m=>[39m {
    [90m308|[39m       slowPromise [33m=[39m result[33m.[39mcurrent[33m.
[39m[34msetActiveModel[39m([32m'B'[39m)[33m;[39m
    [90m   |[39m                                    [31m^[39m
    [90m309|[39m       [35mawait[39m result[33m.[39mcurrent[33m.[39m[3
4msetActiveModel[39m([32m'C'[39m)[33m;[39m
    [90m310|[39m     })[33m;[39m
[90m [2mΓ¥»[22m 
node_modules/@testing-library/react/dist/act-compat.js:[2m47:24[22m[39m
[90m [2mΓ¥»[22m process.env.NODE_ENV.exports.act 
node_modules/react/cjs/react.development.js:[2m814:22[22m[39m
[90m [2mΓ¥»[22m 
node_modules/@testing-library/react/dist/act-compat.js:[2m46:25[22m[39m
[90m [2mΓ¥»[22m 
src/hooks/__tests__/useModelSelection.test.tsx:[2m307:11[22m[39m

[31m[2mΓÄ»ΓÄ»ΓÄ»ΓÄ»ΓÄ»ΓÄ»ΓÄ»ΓÄ»ΓÄ»ΓÄ»ΓÄ»ΓÄ»ΓÄ»ΓÄ»ΓÄ»ΓÄ»ΓÄ»ΓÄ»ΓÄ»ΓÄ»ΓÄ»[71/105
]ΓÄ»[22m[39m

[41m[1m FAIL [22m[49m src/hooks/__tests__/useUpdater.test.tsx[2m > 
[22museUpdater[2m > [22mfills notes_url fallback when server returns null
[31m[1mAssertionError[22m: expected 
'https://github.com/quiet-node/thuki/rΓÇª' to be 
'https://github.com/ayzekhdawy/windowsΓÇª' // Object.is equality

Ignored nodes: comments, script, style
[36m<html>[31m
  [36m<head />[31m
  [36m<body>[31m
    [36m<div />[31m
  [36m</body>[31m
[36m</html>[31m[39m

Expected: [32m"https://github.com/[7mayzekhdawy/windowsMate-T[27mhuki/releas
es/tag/v0.8.0"[39m
Received: 
[31m"https://github.com/[7mquiet-node/t[27mhuki/releases/tag/v0.8.0"[39m

[36m [2mΓ¥»[22m src/hooks/__tests__/useUpdater.test.tsx:[2m142:54[22m[39m
    [90m140|[39m     [35mconst[39m { result } [33m=[39m 
[34mrenderHook[39m(() [33m=>[39m [34museUpdater[39m())[33m;[39m
    [90m141|[39m     [35mawait[39m [34mwaitFor[39m(() [33m=>[39m
    [90m142|[39m       [34mexpect[39m(result[33m.[39mcurrent[33m.[39mst
ate[33m.[39mupdate[33m?.[39mnotes_url)[33m.[39m[34mtoBe[39m(
    [90m   |[39m                                                      
[31m^[39m
    [90m143|[39m         
'https://github.com/ayzekhdawy/windowsMate-Thuki/releases/tag/ΓÇª
    [90m144|[39m       )[33m,[39m
[90m [2mΓ¥»[22m runWithExpensiveErrorDiagnosticsDisabled 
node_modules/@testing-library/dom/dist/config.js:[2m47:12[22m[39m
[90m [2mΓ¥»[22m checkCallback 
node_modules/@testing-library/dom/dist/wait-for.js:[2m124:77[22m[39m
[90m [2mΓ¥»[22m Timeout.checkRealTimersCallback 
node_modules/@testing-library/dom/dist/wait-for.js:[2m118:16[22m[39m

[31m[2mΓÄ»ΓÄ»ΓÄ»ΓÄ»ΓÄ»ΓÄ»ΓÄ»ΓÄ»ΓÄ»ΓÄ»ΓÄ»ΓÄ»ΓÄ»ΓÄ»ΓÄ»ΓÄ»ΓÄ»ΓÄ»ΓÄ»ΓÄ»ΓÄ»[72/105
]ΓÄ»[22m[39m

[41m[1m FAIL [22m[49m src/hooks/__tests__/useUpdater.test.tsx[2m > 
[22museUpdater[2m > [22mfills notes_url fallback when update-available 
event has null notes_url
[31m[1mAssertionError[22m: expected 
'https://github.com/quiet-node/thuki/rΓÇª' to be 
'https://github.com/ayzekhdawy/windowsΓÇª' // Object.is equality

Ignored nodes: comments, script, style
[36m<html>[31m
  [36m<head />[31m
  [36m<body>[31m
    [36m<div />[31m
  [36m</body>[31m
[36m</html>[31m[39m

Expected: [32m"https://github.com/[7mayzekhdawy/windowsMate-T[27mhuki/releas
es/tag/v0.8.0"[39m
Received: 
[31m"https://github.com/[7mquiet-node/t[27mhuki/releases/tag/v0.8.0"[39m

[36m [2mΓ¥»[22m src/hooks/__tests__/useUpdater.test.tsx:[2m171:54[22m[39m
    [90m169|[39m     })[33m;[39m
    [90m170|[39m     [35mawait[39m [34mwaitFor[39m(() [33m=>[39m
    [90m171|[39m       [34mexpect[39m(result[33m.[39mcurrent[33m.[39mst
ate[33m.[39mupdate[33m?.[39mnotes_url)[33m.[39m[34mtoBe[39m(
    [90m   |[39m                                                      
[31m^[39m
    [90m172|[39m         
'https://github.com/ayzekhdawy/windowsMate-Thuki/releases/tag/ΓÇª
    [90m173|[39m       )[33m,[39m
[90m [2mΓ¥»[22m runWithExpensiveErrorDiagnosticsDisabled 
node_modules/@testing-library/dom/dist/config.js:[2m47:12[22m[39m
[90m [2mΓ¥»[22m checkCallback 
node_modules/@testing-library/dom/dist/wait-for.js:[2m124:77[22m[39m
[90m [2mΓ¥»[22m Timeout.checkRealTimersCallback 
node_modules/@testing-library/dom/dist/wait-for.js:[2m118:16[22m[39m

[31m[2mΓÄ»ΓÄ»ΓÄ»ΓÄ»ΓÄ»ΓÄ»ΓÄ»ΓÄ»ΓÄ»ΓÄ»ΓÄ»ΓÄ»ΓÄ»ΓÄ»ΓÄ»ΓÄ»ΓÄ»ΓÄ»ΓÄ»ΓÄ»ΓÄ»[73/105
]ΓÄ»[22m[39m

[41m[1m FAIL [22m[49m src/hooks/__tests__/useUpdater.test.tsx[2m > 
[22museUpdater[2m > [22mfills notes_url fallback when checkNow returns null 
notes_url
[31m[1mAssertionError[22m: expected 
'https://github.com/quiet-node/thuki/rΓÇª' to be 
'https://github.com/ayzekhdawy/windowsΓÇª' // Object.is equality[39m

Expected: [32m"https://github.com/[7mayzekhdawy/windowsMate-T[27mhuki/releas
es/tag/v0.8.0"[39m
Received: 
[31m"https://github.com/[7mquiet-node/t[27mhuki/releases/tag/v0.8.0"[39m

[36m [2mΓ¥»[22m src/hooks/__tests__/useUpdater.test.tsx:[2m188:52[22m[39m
    [90m186|[39m       [35mawait[39m 
result[33m.[39mcurrent[33m.[39m[34mcheckNow[39m()[33m;[39m
    [90m187|[39m     })[33m;[39m
    [90m188|[39m     [34mexpect[39m(result[33m.[39mcurrent[33m.[39mstat
e[33m.[39mupdate[33m?.[39mnotes_url)[33m.[39m[34mtoBe[39m(
    [90m   |[39m                                                    
[31m^[39m
    [90m189|[39m       
'https://github.com/ayzekhdawy/windowsMate-Thuki/releases/tag/v0ΓÇª
    [90m190|[39m     )[33m;[39m

[31m[2mΓÄ»ΓÄ»ΓÄ»ΓÄ»ΓÄ»ΓÄ»ΓÄ»ΓÄ»ΓÄ»ΓÄ»ΓÄ»ΓÄ»ΓÄ»ΓÄ»ΓÄ»ΓÄ»ΓÄ»ΓÄ»ΓÄ»ΓÄ»ΓÄ»[74/105
]ΓÄ»[22m[39m

[41m[1m FAIL [22m[49m src/view/__tests__/AskBarView.test.tsx[2m > 
[22mAskBarView[2m > [22mshows logo at 40px in input bar mode (w-10 h-10 
rounded-xl classes)
[31m[1mAssertionError[22m: expected false to be true // Object.is 
equality[39m

[32m- Expected[39m
[31m+ Received[39m

[32m- true[39m
[31m+ false[39m

[36m [2mΓ¥»[22m src/view/__tests__/AskBarView.test.tsx:[2m175:52[22m[39m
    [90m173|[39m     [34mexpect[39m(logo[33m?.[39mclassList[33m.[39m[3
4mcontains[39m([32m'w-10'[39m))[33m.[39m[34mtoBe[39m([35mtrue[39m)[33
m;[39m
    [90m174|[39m     [34mexpect[39m(logo[33m?.[39mclassList[33m.[39m[3
4mcontains[39m([32m'h-10'[39m))[33m.[39m[34mtoBe[39m([35mtrue[39m)[33
m;[39m
    [90m175|[39m     [34mexpect[39m(logo[33m?.[39mclassList[33m.[39m[3
4mcontains[39m([32m'rounded-xl'[39m))[33m.[39m[34mtoBe[39m([35mtrue[39
m)[33m;[39m
    [90m   |[39m                                                    
[31m^[39m
    [90m176|[39m   })[33m;[39m
    [90m177|[39m

[31m[2mΓÄ»ΓÄ»ΓÄ»ΓÄ»ΓÄ»ΓÄ»ΓÄ»ΓÄ»ΓÄ»ΓÄ»ΓÄ»ΓÄ»ΓÄ»ΓÄ»ΓÄ»ΓÄ»ΓÄ»ΓÄ»ΓÄ»ΓÄ»ΓÄ»[75/105
]ΓÄ»[22m[39m

[41m[1m FAIL [22m[49m src/view/__tests__/AskBarView.test.tsx[2m > 
[22mAskBarView[2m > [22mscreenshot button[2m > [22mhas hover classes when 
below max images
[31m[1mAssertionError[22m: expected 'shrink-0 w-7 h-7 flex items-center 
juΓÇª' to contain 'hover:text-primary'[39m

Expected: [32m"hover:text-primary"[39m
Received: [31m"[7mshrink-0 w-7 h-7 flex items-center justify-center 
rounded-lg text-text-secondary [27mhover:text-[7mtext-[27mprimary[7m 
hover:bg-white/8 transition-colors duration-150 disabled:opacity-40 
disabled:cursor-default cursor-pointer[27m"[39m

[36m [2mΓ¥»[22m src/view/__tests__/AskBarView.test.tsx:[2m1154:29[22m[39m
    [90m1152|[39m       )[33m;[39m
    [90m1153|[39m       const btn = screen.getByRole('button', { name: 'Take 
screenshot'ΓÇª
    [90m1154|[39m       [34mexpect[39m(btn[33m.[39mclassName)[33m.[39m
[34mtoContain[39m([32m'hover:text-primary'[39m)[33m;[39m
    [90m   |[39m                             [31m^[39m
    [90m1155|[39m       [34mexpect[39m(btn[33m.[39mclassName)[33m.[39m
[34mtoContain[39m([32m'hover:bg-primary/10'[39m)[33m;[39m
    [90m1156|[39m     })[33m;[39m

[31m[2mΓÄ»ΓÄ»ΓÄ»ΓÄ»ΓÄ»ΓÄ»ΓÄ»ΓÄ»ΓÄ»ΓÄ»ΓÄ»ΓÄ»ΓÄ»ΓÄ»ΓÄ»ΓÄ»ΓÄ»ΓÄ»ΓÄ»ΓÄ»ΓÄ»[76/105
]ΓÄ»[22m[39m

[41m[1m FAIL [22m[49m src/view/__tests__/AskBarView.test.tsx[2m > 
[22mAskBarView[2m > [22mcommand suggestion popover[2m > [22mclicking a 
suggestion row calls setQuery with trigger + space
[31m[1mAssertionError[22m: expected "vi.fn()" to be called with arguments: 
[ '/search ' ][90m

Received:

[1m  1st vi.fn() call:

[22m[2m  [[22m
[32m-   "/search ",[90m
[31m+   "/screen ",[90m
[2m  ][22m
[31m[90m

Number of calls: [1m1[22m
[31m[39m
[36m [2mΓ¥»[22m src/view/__tests__/AskBarView.test.tsx:[2m1484:24[22m[39m
    [90m1482|[39m       [35mconst[39m options [33m=[39m 
screen[33m.[39m[34mgetAllByRole[39m([32m'option'[39m)[33m;[39m
    [90m1483|[39m       
fireEvent[33m.[39m[34mmouseDown[39m(options[[34m0[39m])[33m;[39m
    [90m1484|[39m       [34mexpect[39m(setQuery)[33m.[39m[34mtoHaveBeenC
alledWith[39m([32m'/search '[39m)[33m;[39m
    [90m   |[39m                        [31m^[39m
    [90m1485|[39m     })[33m;[39m
    [90m1486|[39m

[31m[2mΓÄ»ΓÄ»ΓÄ»ΓÄ»ΓÄ»ΓÄ»ΓÄ»ΓÄ»ΓÄ»ΓÄ»ΓÄ»ΓÄ»ΓÄ»ΓÄ»ΓÄ»ΓÄ»ΓÄ»ΓÄ»ΓÄ»ΓÄ»ΓÄ»[77/105
]ΓÄ»[22m[39m

[41m[1m FAIL [22m[49m src/view/__tests__/AskBarView.test.tsx[2m > 
[22mAskBarView[2m > [22mcapability gate UI[2m > [22mrenders the 
capability mismatch strip when message provided
[31m[1mTestingLibraryElementError[22m[39m: Unable to find an element by: 
[data-testid="capability-mismatch-strip"]

Ignored nodes: comments, script, style
[36m<body>[39m
  [36m<div>[39m
    [36m<div[39m
      [33mclass[39m=[32m"flex flex-col w-full shrink-0 "[39m
    [36m>[39m
      [36m<div[39m
        [33mclass[39m=[32m"relative"[39m
      [36m>[39m
        [36m<div[39m
          [33mclass[39m=[32m"flex items-center w-full px-3 py-2.5 
gap-2"[39m
        [36m>[39m
          [36m<img[39m
            [33malt[39m=[32m"Mate"[39m
            [33mclass[39m=[32m"shrink-0 transition-all duration-300 
ease-out w-10 h-10 rounded-lg"[39m
            [33mdraggable[39m=[32m"false"[39m
            [33msrc[39m=[32m"/thuki-logo.png"[39m
          [36m/>[39m
          [36m<div[39m
            [33mclass[39m=[32m"relative flex-1 min-w-0"[39m
          [36m>[39m
            [36m<div[39m
              [33maria-hidden[39m=[32m"true"[39m
              [33mclass[39m=[32m"absolute inset-0 pointer-events-none 
bg-transparent text-text-primary text-sm py-2 px-1 leading-relaxed 
whitespace-pre-wrap break-words overflow-hidden"[39m
            [36m/>[39m
            [36m<textarea[39m
              [33mclass[39m=[32m"relative w-full bg-transparent border-none 
outline-none text-transparent text-sm placeholder:text-text-secondary py-2 
px-1 disabled:opacity-50 resize-none leading-relaxed"[39m
              [33mplaceholder[39m=[32m"Ask Mate anything..."[39m
              [33mrows[39m=[32m"1"[39m
              [33mstyle[39m=[32m"caret-color: 
var(--color-text-primary);"[39m
            [36m/>[39m
          [36m</div>[39m
          [36m<div[39m
            [33mclass[39m=[32m"inline-flex"[39m
          [36m>[39m
            [36m<button[39m
              [33maria-label[39m=[32m"Take screenshot"[39m
              [33mclass[39m=[32m"shrink-0 w-7 h-7 flex items-center 
justify-center rounded-lg text-text-secondary hover:text-text-primary 
hover:bg-white/8 transition-colors duration-150 disabled:opacity-40 
disabled:cursor-default cursor-pointer"[39m
              [33mtype[39m=[32m"button"[39m
            [36m>[39m
              [36m<svg[39m
                [33maria-hidden[39m=[32m"true"[39m
                [33mfill[39m=[32m"none"[39m
                [33mheight[39m=[32m"14"[39m
                [33mviewBox[39m=[32m"0 0 16 16"[39m
                [33mwidth[39m=[32m"14"[39m
                [33mxmlns[39m=[32m"http://www.w3.org/2000/svg"[39m
              [36m>[39m
                [36m<path[39m
                  [33md[39m=[32m"M2 6 L2 2 L6 2 M10 2 L14 2 L14 6 M2 10 L2 
14 L6 14 M10 14 L14 14 L14 10"[39m
                  [33mstroke[39m=[32m"currentColor"[39m
                  [33mstroke-linecap[39m=[32m"round"[39m
                  [33mstroke-linejoin[39m=[32m"round"[39m
                  [33mstroke-width[39m=[32m"1.5"[39m
                [36m/>[39m
              [36m</svg>[39m
            [36m</button>[39m
          [36m</div>[39m
          [36m<div[39m
            [33mclass[39m=[32m"inline-flex"[39m
          [36m>[39m
            [36m<button[39m
              [33maria-label[39m=[32m"Select screen region"[39m
              [33mclass[39m=[32m"shrink-0 w-7 h-7 flex items-center 
justify-center rounded-lg text-text-secondary hover:text-text-primary 
hover:bg-white/8 transition-colors duration-150 disabled:opacity-40 
disabled:cursor-default cursor-pointer"[39m
              [33mtype[39m=[32m"button"[39m
            [36m>[39m
              [36m<svg[39m
                [33maria-hidden[39m=[32m"true"[39m
                [33mfill[39m=[32m"none"[39m
                [33mheight[39m=[32m"14"[39m
                [33mviewBox[39m=[32m"0 0 16 16"[39m
                [33mwidth[39m=[32m"14"[39m
                [33mxmlns[39m=[32m"http://www.w3.org/2000/svg"[39m
              [36m>[39m
                [36m<rect[39m
                  [33mheight[39m=[32m"12"[39m
                  [33mrx[39m=[32m"1"[39m
                  [33mstroke[39m=[32m"currentColor"[39m
                  [33mstroke-dasharray[39m=[32m"3 2"[39m
                  [33mstroke-width[39m=[32m"1.5"[39m
                  [33mwidth[39m=[32m"12"[39m
                  [33mx[39m=[32m"2"[39m
                  [33my[39m=[32m"2"[39m
                [36m/>[39m
                [36m<circle[39m
                  [33mcx[39m=[32m"8"[39m
                  [33mcy[39m=[32m"8"[39m
                  [33mfill[39m=[32m"currentColor"[39m
                  [33mr[39m=[32m"1.25"[39m
                [36m/>[39m
              [36m</svg>[39m
            [36m</button>[39m
          [36m</div>[39m
          [36m<button[39m
            [33maria-label[39m=[32m"Send message"[39m
            [33mclass[39m=[32m"shrink-0 w-9 h-9 rounded-lg flex 
items-center justify-center transition-colors duration-200 bg-surface-elevated 
text-text-secondary cursor-default"[39m
            [33mdisabled[39m=[32m""[39m
            [33mtype[39m=[32m"button"[39m
          [36m>[39m
            [36m<svg[39m
              [33maria-hidden[39m=[32m"true"[39m
              [33mfill[39m=[32m"none"[39m
              [33mheight[39m=[32m"16"[39m
              [33mviewBox[39m=[32m"0 0 16 16"[39m
              [33mwidth[39m=[32m"16"[39m
              [33mxmlns[39m=[32m"http://www.w3.org/2000/svg"[39m
            [36m>[39m
              [36m<path[39m
                [33md[39m=[32m"M8 13V3M8 3L3 8M8 3L13 8"[39m
                [33mstroke[39m=[32m"currentColor"[39m
                [33mstroke-linecap[39m=[32m"round"[39m
                [33mstroke-linejoin[39m=[32m"round"[39m
                [33mstroke-width[39m=[32m"2"[39m
              [36m/>[39m
            [36m</svg>[39m
          [36m</button>[39m
        [36m</div>[39m
      [36m</div>[39m
    [36m</div>[39m
  [36m</div>[39m
[36m</body>[39m
[90m [2mΓ¥»[22m Object.getElementError 
node_modules/@testing-library/dom/dist/config.js:[2m37:19[22m[39m
[90m [2mΓ¥»[22m 
node_modules/@testing-library/dom/dist/query-helpers.js:[2m76:38[22m[39m
[90m [2mΓ¥»[22m 
node_modules/@testing-library/dom/dist/query-helpers.js:[2m52:17[22m[39m
[90m [2mΓ¥»[22m 
node_modules/@testing-library/dom/dist/query-helpers.js:[2m95:19[22m[39m
[36m [2mΓ¥»[22m src/view/__tests__/AskBarView.test.tsx:[2m1607:21[22m[39m
    [90m1605|[39m         [33m/[39m[33m>[39m[33m,[39m
    [90m1606|[39m       )[33m;[39m
    [90m1607|[39m       
expect(screen.getByTestId('capability-mismatch-strip')).toHaveTeΓÇª
    [90m   |[39m                     [31m^[39m
    [90m1608|[39m         [32m"llama3 can't see images."[39m[33m,[39m
    [90m1609|[39m       )[33m;[39m

[31m[2mΓÄ»ΓÄ»ΓÄ»ΓÄ»ΓÄ»ΓÄ»ΓÄ»ΓÄ»ΓÄ»ΓÄ»ΓÄ»ΓÄ»ΓÄ»ΓÄ»ΓÄ»ΓÄ»ΓÄ»ΓÄ»ΓÄ»ΓÄ»ΓÄ»[78/105
]ΓÄ»[22m[39m

[41m[1m FAIL [22m[49m src/view/__tests__/AskBarView.test.tsx[2m > 
[22mAskBarView[2m > [22mcapability gate UI[2m > [22mmounts the shake 
animation branch when shake is true
[31m[1mTestingLibraryElementError[22m[39m: Unable to find an element by: 
[data-testid="ask-bar-row"]

Ignored nodes: comments, script, style
[36m<body>[39m
  [36m<div>[39m
    [36m<div[39m
      [33mclass[39m=[32m"flex flex-col w-full shrink-0 "[39m
    [36m>[39m
      [36m<div[39m
        [33mclass[39m=[32m"relative"[39m
      [36m>[39m
        [36m<div[39m
          [33mclass[39m=[32m"flex items-center w-full px-3 py-2.5 
gap-2"[39m
        [36m>[39m
          [36m<img[39m
            [33malt[39m=[32m"Mate"[39m
            [33mclass[39m=[32m"shrink-0 transition-all duration-300 
ease-out w-10 h-10 rounded-lg"[39m
            [33mdraggable[39m=[32m"false"[39m
            [33msrc[39m=[32m"/thuki-logo.png"[39m
          [36m/>[39m
          [36m<div[39m
            [33mclass[39m=[32m"relative flex-1 min-w-0"[39m
          [36m>[39m
            [36m<div[39m
              [33maria-hidden[39m=[32m"true"[39m
              [33mclass[39m=[32m"absolute inset-0 pointer-events-none 
bg-transparent text-text-primary text-sm py-2 px-1 leading-relaxed 
whitespace-pre-wrap break-words overflow-hidden"[39m
            [36m/>[39m
            [36m<textarea[39m
              [33mclass[39m=[32m"relative w-full bg-transparent border-none 
outline-none text-transparent text-sm placeholder:text-text-secondary py-2 
px-1 disabled:opacity-50 resize-none leading-relaxed"[39m
              [33mplaceholder[39m=[32m"Ask Mate anything..."[39m
              [33mrows[39m=[32m"1"[39m
              [33mstyle[39m=[32m"caret-color: 
var(--color-text-primary);"[39m
            [36m/>[39m
          [36m</div>[39m
          [36m<div[39m
            [33mclass[39m=[32m"inline-flex"[39m
          [36m>[39m
            [36m<button[39m
              [33maria-label[39m=[32m"Take screenshot"[39m
              [33mclass[39m=[32m"shrink-0 w-7 h-7 flex items-center 
justify-center rounded-lg text-text-secondary hover:text-text-primary 
hover:bg-white/8 transition-colors duration-150 disabled:opacity-40 
disabled:cursor-default cursor-pointer"[39m
              [33mtype[39m=[32m"button"[39m
            [36m>[39m
              [36m<svg[39m
                [33maria-hidden[39m=[32m"true"[39m
                [33mfill[39m=[32m"none"[39m
                [33mheight[39m=[32m"14"[39m
                [33mviewBox[39m=[32m"0 0 16 16"[39m
                [33mwidth[39m=[32m"14"[39m
                [33mxmlns[39m=[32m"http://www.w3.org/2000/svg"[39m
              [36m>[39m
                [36m<path[39m
                  [33md[39m=[32m"M2 6 L2 2 L6 2 M10 2 L14 2 L14 6 M2 10 L2 
14 L6 14 M10 14 L14 14 L14 10"[39m
                  [33mstroke[39m=[32m"currentColor"[39m
                  [33mstroke-linecap[39m=[32m"round"[39m
                  [33mstroke-linejoin[39m=[32m"round"[39m
                  [33mstroke-width[39m=[32m"1.5"[39m
                [36m/>[39m
              [36m</svg>[39m
            [36m</button>[39m
          [36m</div>[39m
          [36m<div[39m
            [33mclass[39m=[32m"inline-flex"[39m
          [36m>[39m
            [36m<button[39m
              [33maria-label[39m=[32m"Select screen region"[39m
              [33mclass[39m=[32m"shrink-0 w-7 h-7 flex items-center 
justify-center rounded-lg text-text-secondary hover:text-text-primary 
hover:bg-white/8 transition-colors duration-150 disabled:opacity-40 
disabled:cursor-default cursor-pointer"[39m
              [33mtype[39m=[32m"button"[39m
            [36m>[39m
              [36m<svg[39m
                [33maria-hidden[39m=[32m"true"[39m
                [33mfill[39m=[32m"none"[39m
                [33mheight[39m=[32m"14"[39m
                [33mviewBox[39m=[32m"0 0 16 16"[39m
                [33mwidth[39m=[32m"14"[39m
                [33mxmlns[39m=[32m"http://www.w3.org/2000/svg"[39m
              [36m>[39m
                [36m<rect[39m
                  [33mheight[39m=[32m"12"[39m
                  [33mrx[39m=[32m"1"[39m
                  [33mstroke[39m=[32m"currentColor"[39m
                  [33mstroke-dasharray[39m=[32m"3 2"[39m
                  [33mstroke-width[39m=[32m"1.5"[39m
                  [33mwidth[39m=[32m"12"[39m
                  [33mx[39m=[32m"2"[39m
                  [33my[39m=[32m"2"[39m
                [36m/>[39m
                [36m<circle[39m
                  [33mcx[39m=[32m"8"[39m
                  [33mcy[39m=[32m"8"[39m
                  [33mfill[39m=[32m"currentColor"[39m
                  [33mr[39m=[32m"1.25"[39m
                [36m/>[39m
              [36m</svg>[39m
            [36m</button>[39m
          [36m</div>[39m
          [36m<button[39m
            [33maria-label[39m=[32m"Send message"[39m
            [33mclass[39m=[32m"shrink-0 w-9 h-9 rounded-lg flex 
items-center justify-center transition-colors duration-200 bg-surface-elevated 
text-text-secondary cursor-default"[39m
            [33mdisabled[39m=[32m""[39m
            [33mtype[39m=[32m"button"[39m
          [36m>[39m
            [36m<svg[39m
              [33maria-hidden[39m=[32m"true"[39m
              [33mfill[39m=[32m"none"[39m
              [33mheight[39m=[32m"16"[39m
              [33mviewBox[39m=[32m"0 0 16 16"[39m
              [33mwidth[39m=[32m"16"[39m
              [33mxmlns[39m=[32m"http://www.w3.org/2000/svg"[39m
            [36m>[39m
              [36m<path[39m
                [33md[39m=[32m"M8 13V3M8 3L3 8M8 3L13 8"[39m
                [33mstroke[39m=[32m"currentColor"[39m
                [33mstroke-linecap[39m=[32m"round"[39m
                [33mstroke-linejoin[39m=[32m"round"[39m
                [33mstroke-width[39m=[32m"2"[39m
              [36m/>[39m
            [36m</svg>[39m
          [36m</button>[39m
        [36m</div>[39m
      [36m</div>[39m
    [36m</div>[39m
  [36m</div>[39m
[36m</body>[39m
[90m [2mΓ¥»[22m Object.getElementError 
node_modules/@testing-library/dom/dist/config.js:[2m37:19[22m[39m
[90m [2mΓ¥»[22m 
node_modules/@testing-library/dom/dist/query-helpers.js:[2m76:38[22m[39m
[90m [2mΓ¥»[22m 
node_modules/@testing-library/dom/dist/query-helpers.js:[2m52:17[22m[39m
[90m [2mΓ¥»[22m 
node_modules/@testing-library/dom/dist/query-helpers.js:[2m95:19[22m[39m
[36m [2mΓ¥»[22m src/view/__tests__/AskBarView.test.tsx:[2m1643:21[22m[39m
    [90m1641|[39m         [33m/[39m[33m>[39m[33m,[39m
    [90m1642|[39m       )[33m;[39m
    [90m1643|[39m       [34mexpect[39m(screen[33m.[39m[34mgetByTestId[3
9m([32m'ask-bar-row'[39m))[33m.[39m[34mtoBeInTheDocument[39m()[33m;[39m
    [90m   |[39m                     [31m^[39m
    [90m1644|[39m     })[33m;[39m
    [90m1645|[39m

[31m[2mΓÄ»ΓÄ»ΓÄ»ΓÄ»ΓÄ»ΓÄ»ΓÄ»ΓÄ»ΓÄ»ΓÄ»ΓÄ»ΓÄ»ΓÄ»ΓÄ»ΓÄ»ΓÄ»ΓÄ»ΓÄ»ΓÄ»ΓÄ»ΓÄ»[79/105
]ΓÄ»[22m[39m

[41m[1m FAIL [22m[49m src/view/__tests__/AskBarView.test.tsx[2m > 
[22mAskBarView[2m > [22mcapability gate UI[2m > [22mkeeps the no-shake 
branch when shake is false
[31m[1mTestingLibraryElementError[22m[39m: Unable to find an element by: 
[data-testid="ask-bar-row"]

Ignored nodes: comments, script, style
[36m<body>[39m
  [36m<div>[39m
    [36m<div[39m
      [33mclass[39m=[32m"flex flex-col w-full shrink-0 "[39m
    [36m>[39m
      [36m<div[39m
        [33mclass[39m=[32m"relative"[39m
      [36m>[39m
        [36m<div[39m
          [33mclass[39m=[32m"flex items-center w-full px-3 py-2.5 
gap-2"[39m
        [36m>[39m
          [36m<img[39m
            [33malt[39m=[32m"Mate"[39m
            [33mclass[39m=[32m"shrink-0 transition-all duration-300 
ease-out w-10 h-10 rounded-lg"[39m
            [33mdraggable[39m=[32m"false"[39m
            [33msrc[39m=[32m"/thuki-logo.png"[39m
          [36m/>[39m
          [36m<div[39m
            [33mclass[39m=[32m"relative flex-1 min-w-0"[39m
          [36m>[39m
            [36m<div[39m
              [33maria-hidden[39m=[32m"true"[39m
              [33mclass[39m=[32m"absolute inset-0 pointer-events-none 
bg-transparent text-text-primary text-sm py-2 px-1 leading-relaxed 
whitespace-pre-wrap break-words overflow-hidden"[39m
            [36m/>[39m
            [36m<textarea[39m
              [33mclass[39m=[32m"relative w-full bg-transparent border-none 
outline-none text-transparent text-sm placeholder:text-text-secondary py-2 
px-1 disabled:opacity-50 resize-none leading-relaxed"[39m
              [33mplaceholder[39m=[32m"Ask Mate anything..."[39m
              [33mrows[39m=[32m"1"[39m
              [33mstyle[39m=[32m"caret-color: 
var(--color-text-primary);"[39m
            [36m/>[39m
          [36m</div>[39m
          [36m<div[39m
            [33mclass[39m=[32m"inline-flex"[39m
          [36m>[39m
            [36m<button[39m
              [33maria-label[39m=[32m"Take screenshot"[39m
              [33mclass[39m=[32m"shrink-0 w-7 h-7 flex items-center 
justify-center rounded-lg text-text-secondary hover:text-text-primary 
hover:bg-white/8 transition-colors duration-150 disabled:opacity-40 
disabled:cursor-default cursor-pointer"[39m
              [33mtype[39m=[32m"button"[39m
            [36m>[39m
              [36m<svg[39m
                [33maria-hidden[39m=[32m"true"[39m
                [33mfill[39m=[32m"none"[39m
                [33mheight[39m=[32m"14"[39m
                [33mviewBox[39m=[32m"0 0 16 16"[39m
                [33mwidth[39m=[32m"14"[39m
                [33mxmlns[39m=[32m"http://www.w3.org/2000/svg"[39m
              [36m>[39m
                [36m<path[39m
                  [33md[39m=[32m"M2 6 L2 2 L6 2 M10 2 L14 2 L14 6 M2 10 L2 
14 L6 14 M10 14 L14 14 L14 10"[39m
                  [33mstroke[39m=[32m"currentColor"[39m
                  [33mstroke-linecap[39m=[32m"round"[39m
                  [33mstroke-linejoin[39m=[32m"round"[39m
                  [33mstroke-width[39m=[32m"1.5"[39m
                [36m/>[39m
              [36m</svg>[39m
            [36m</button>[39m
          [36m</div>[39m
          [36m<div[39m
            [33mclass[39m=[32m"inline-flex"[39m
          [36m>[39m
            [36m<button[39m
              [33maria-label[39m=[32m"Select screen region"[39m
              [33mclass[39m=[32m"shrink-0 w-7 h-7 flex items-center 
justify-center rounded-lg text-text-secondary hover:text-text-primary 
hover:bg-white/8 transition-colors duration-150 disabled:opacity-40 
disabled:cursor-default cursor-pointer"[39m
              [33mtype[39m=[32m"button"[39m
            [36m>[39m
              [36m<svg[39m
                [33maria-hidden[39m=[32m"true"[39m
                [33mfill[39m=[32m"none"[39m
                [33mheight[39m=[32m"14"[39m
                [33mviewBox[39m=[32m"0 0 16 16"[39m
                [33mwidth[39m=[32m"14"[39m
                [33mxmlns[39m=[32m"http://www.w3.org/2000/svg"[39m
              [36m>[39m
                [36m<rect[39m
                  [33mheight[39m=[32m"12"[39m
                  [33mrx[39m=[32m"1"[39m
                  [33mstroke[39m=[32m"currentColor"[39m
                  [33mstroke-dasharray[39m=[32m"3 2"[39m
                  [33mstroke-width[39m=[32m"1.5"[39m
                  [33mwidth[39m=[32m"12"[39m
                  [33mx[39m=[32m"2"[39m
                  [33my[39m=[32m"2"[39m
                [36m/>[39m
                [36m<circle[39m
                  [33mcx[39m=[32m"8"[39m
                  [33mcy[39m=[32m"8"[39m
                  [33mfill[39m=[32m"currentColor"[39m
                  [33mr[39m=[32m"1.25"[39m
                [36m/>[39m
              [36m</svg>[39m
            [36m</button>[39m
          [36m</div>[39m
          [36m<button[39m
            [33maria-label[39m=[32m"Send message"[39m
            [33mclass[39m=[32m"shrink-0 w-9 h-9 rounded-lg flex 
items-center justify-center transition-colors duration-200 bg-surface-elevated 
text-text-secondary cursor-default"[39m
            [33mdisabled[39m=[32m""[39m
            [33mtype[39m=[32m"button"[39m
          [36m>[39m
            [36m<svg[39m
              [33maria-hidden[39m=[32m"true"[39m
              [33mfill[39m=[32m"none"[39m
              [33mheight[39m=[32m"16"[39m
              [33mviewBox[39m=[32m"0 0 16 16"[39m
              [33mwidth[39m=[32m"16"[39m
              [33mxmlns[39m=[32m"http://www.w3.org/2000/svg"[39m
            [36m>[39m
              [36m<path[39m
                [33md[39m=[32m"M8 13V3M8 3L3 8M8 3L13 8"[39m
                [33mstroke[39m=[32m"currentColor"[39m
                [33mstroke-linecap[39m=[32m"round"[39m
                [33mstroke-linejoin[39m=[32m"round"[39m
                [33mstroke-width[39m=[32m"2"[39m
              [36m/>[39m
            [36m</svg>[39m
          [36m</button>[39m
        [36m</div>[39m
      [36m</div>[39m
    [36m</div>[39m
  [36m</div>[39m
[36m</body>[39m
[90m [2mΓ¥»[22m Object.getElementError 
node_modules/@testing-library/dom/dist/config.js:[2m37:19[22m[39m
[90m [2mΓ¥»[22m 
node_modules/@testing-library/dom/dist/query-helpers.js:[2m76:38[22m[39m
[90m [2mΓ¥»[22m 
node_modules/@testing-library/dom/dist/query-helpers.js:[2m52:17[22m[39m
[90m [2mΓ¥»[22m 
node_modules/@testing-library/dom/dist/query-helpers.js:[2m95:19[22m[39m
[36m [2mΓ¥»[22m src/view/__tests__/AskBarView.test.tsx:[2m1660:21[22m[39m
    [90m1658|[39m         [33m/[39m[33m>[39m[33m,[39m
    [90m1659|[39m       )[33m;[39m
    [90m1660|[39m       [34mexpect[39m(screen[33m.[39m[34mgetByTestId[3
9m([32m'ask-bar-row'[39m))[33m.[39m[34mtoBeInTheDocument[39m()[33m;[39m
    [90m   |[39m                     [31m^[39m
    [90m1661|[39m     })[33m;[39m
    [90m1662|[39m   })[33m;[39m

[31m[2mΓÄ»ΓÄ»ΓÄ»ΓÄ»ΓÄ»ΓÄ»ΓÄ»ΓÄ»ΓÄ»ΓÄ»ΓÄ»ΓÄ»ΓÄ»ΓÄ»ΓÄ»ΓÄ»ΓÄ»ΓÄ»ΓÄ»ΓÄ»ΓÄ»[80/105
]ΓÄ»[22m[39m

[41m[1m FAIL [22m[49m src/view/__tests__/AskBarView.test.tsx[2m > 
[22mAskBarView[2m > [22mslash command highlighting[2m > [22mmirror div 
renders the query so colored spans show through the textarea
[31m[1mTestingLibraryElementError[22m[39m: Unable to find an element by: 
[data-testid="askbar-mirror"]

Ignored nodes: comments, script, style
[36m<body>[39m
  [36m<div>[39m
    [36m<div[39m
      [33mclass[39m=[32m"flex flex-col w-full shrink-0 "[39m
    [36m>[39m
      [36m<div[39m
        [33mclass[39m=[32m"relative"[39m
      [36m>[39m
        [36m<div[39m
          [33mclass[39m=[32m"flex items-center w-full px-3 py-2.5 
gap-2"[39m
        [36m>[39m
          [36m<img[39m
            [33malt[39m=[32m"Mate"[39m
            [33mclass[39m=[32m"shrink-0 transition-all duration-300 
ease-out w-10 h-10 rounded-lg"[39m
            [33mdraggable[39m=[32m"false"[39m
            [33msrc[39m=[32m"/thuki-logo.png"[39m
          [36m/>[39m
          [36m<div[39m
            [33mclass[39m=[32m"relative flex-1 min-w-0"[39m
          [36m>[39m
            [36m<div[39m
              [33maria-hidden[39m=[32m"true"[39m
              [33mclass[39m=[32m"absolute inset-0 pointer-events-none 
bg-transparent text-text-primary text-sm py-2 px-1 leading-relaxed 
whitespace-pre-wrap break-words overflow-hidden"[39m
            [36m>[39m
              [36m<span[39m
                [33mclass[39m=[32m"text-violet-400"[39m
              [36m>[39m
                [0m/search[0m
              [36m</span>[39m
              [36m<span>[39m
                [0m what is Rust?[0m
              [36m</span>[39m
            [36m</div>[39m
            [36m<textarea[39m
              [33mclass[39m=[32m"relative w-full bg-transparent border-none 
outline-none text-transparent text-sm placeholder:text-text-secondary py-2 
px-1 disabled:opacity-50 resize-none leading-relaxed"[39m
              [33mplaceholder[39m=[32m"Ask Mate anything..."[39m
              [33mrows[39m=[32m"1"[39m
              [33mstyle[39m=[32m"caret-color: 
var(--color-text-primary);"[39m
            [36m>[39m
              [0m/search what is Rust?[0m
            [36m</textarea>[39m
          [36m</div>[39m
          [36m<div[39m
            [33mclass[39m=[32m"inline-flex"[39m
          [36m>[39m
            [36m<button[39m
              [33maria-label[39m=[32m"Take screenshot"[39m
              [33mclass[39m=[32m"shrink-0 w-7 h-7 flex items-center 
justify-center rounded-lg text-text-secondary hover:text-text-primary 
hover:bg-white/8 transition-colors duration-150 disabled:opacity-40 
disabled:cursor-default cursor-pointer"[39m
              [33mtype[39m=[32m"button"[39m
            [36m>[39m
              [36m<svg[39m
                [33maria-hidden[39m=[32m"true"[39m
                [33mfill[39m=[32m"none"[39m
                [33mheight[39m=[32m"14"[39m
                [33mviewBox[39m=[32m"0 0 16 16"[39m
                [33mwidth[39m=[32m"14"[39m
                [33mxmlns[39m=[32m"http://www.w3.org/2000/svg"[39m
              [36m>[39m
                [36m<path[39m
                  [33md[39m=[32m"M2 6 L2 2 L6 2 M10 2 L14 2 L14 6 M2 10 L2 
14 L6 14 M10 14 L14 14 L14 10"[39m
                  [33mstroke[39m=[32m"currentColor"[39m
                  [33mstroke-linecap[39m=[32m"round"[39m
                  [33mstroke-linejoin[39m=[32m"round"[39m
                  [33mstroke-width[39m=[32m"1.5"[39m
                [36m/>[39m
              [36m</svg>[39m
            [36m</button>[39m
          [36m</div>[39m
          [36m<div[39m
            [33mclass[39m=[32m"inline-flex"[39m
          [36m>[39m
            [36m<button[39m
              [33maria-label[39m=[32m"Select screen region"[39m
              [33mclass[39m=[32m"shrink-0 w-7 h-7 flex items-center 
justify-center rounded-lg text-text-secondary hover:text-text-primary 
hover:bg-white/8 transition-colors duration-150 disabled:opacity-40 
disabled:cursor-default cursor-pointer"[39m
              [33mtype[39m=[32m"button"[39m
            [36m>[39m
              [36m<svg[39m
                [33maria-hidden[39m=[32m"true"[39m
                [33mfill[39m=[32m"none"[39m
                [33mheight[39m=[32m"14"[39m
                [33mviewBox[39m=[32m"0 0 16 16"[39m
                [33mwidth[39m=[32m"14"[39m
                [33mxmlns[39m=[32m"http://www.w3.org/2000/svg"[39m
              [36m>[39m
                [36m<rect[39m
                  [33mheight[39m=[32m"12"[39m
                  [33mrx[39m=[32m"1"[39m
                  [33mstroke[39m=[32m"currentColor"[39m
                  [33mstroke-dasharray[39m=[32m"3 2"[39m
                  [33mstroke-width[39m=[32m"1.5"[39m
                  [33mwidth[39m=[32m"12"[39m
                  [33mx[39m=[32m"2"[39m
                  [33my[39m=[32m"2"[39m
                [36m/>[39m
                [36m<circle[39m
                  [33mcx[39m=[32m"8"[39m
                  [33mcy[39m=[32m"8"[39m
                  [33mfill[39m=[32m"currentColor"[39m
                  [33mr[39m=[32m"1.25"[39m
                [36m/>[39m
              [36m</svg>[39m
            [36m</button>[39m
          [36m</div>[39m
          [36m<button[39m
            [33maria-label[39m=[32m"Send message"[39m
            [33mclass[39m=[32m"shrink-0 w-9 h-9 rounded-lg flex 
items-center justify-center transition-colors duration-200 bg-primary 
text-neutral cursor-pointer"[39m
            [33mtype[39m=[32m"button"[39m
          [36m>[39m
            [36m<svg[39m
              [33maria-hidden[39m=[32m"true"[39m
              [33mfill[39m=[32m"none"[39m
              [33mheight[39m=[32m"16"[39m
              [33mviewBox[39m=[32m"0 0 16 16"[39m
              [33mwidth[39m=[32m"16"[39m
              [33mxmlns[39m=[32m"http://www.w3.org/2000/svg"[39m
            [36m>[39m
              [36m<path[39m
                [33md[39m=[32m"M8 13V3M8 3L3 8M8 3L13 8"[39m
                [33mstroke[39m=[32m"currentColor"[39m
                [33mstroke-linecap[39m=[32m"round"[39m
                [33mstroke-linejoin[39m=[32m"round"[39m
                [33mstroke-width[39m=[32m"2"[39m
              [36m/>[39m
            [36m</svg>[39m
          [36m</button>[39m
        [36m</div>[39m
      [36m</div>[39m
    [36m</div>[39m
  [36m</div>[39m
[36m</body>[39m
[90m [2mΓ¥»[22m Object.getElementError 
node_modules/@testing-library/dom/dist/config.js:[2m37:19[22m[39m
[90m [2mΓ¥»[22m 
node_modules/@testing-library/dom/dist/query-helpers.js:[2m76:38[22m[39m
[90m [2mΓ¥»[22m 
node_modules/@testing-library/dom/dist/query-helpers.js:[2m52:17[22m[39m
[90m [2mΓ¥»[22m 
node_modules/@testing-library/dom/dist/query-helpers.js:[2m95:19[22m[39m
[36m [2mΓ¥»[22m src/view/__tests__/AskBarView.test.tsx:[2m1678:29[22m[39m
    [90m1676|[39m         [33m/[39m[33m>[39m[33m,[39m
    [90m1677|[39m       )[33m;[39m
    [90m1678|[39m       [35mconst[39m mirror [33m=[39m 
screen[33m.[39m[34mgetByTestId[39m([32m'askbar-mirror'[39m)[33m;[39m
    [90m   |[39m                             [31m^[39m
    [90m1679|[39m       
[34mexpect[39m(mirror)[33m.[39m[34mtoHaveTextContent[39m([32m'/search 
what is Rust?'[39m)[33m;[39m
    [90m1680|[39m       // The trigger token sits in its own span with the 
violet utilitΓÇª

[31m[2mΓÄ»ΓÄ»ΓÄ»ΓÄ»ΓÄ»ΓÄ»ΓÄ»ΓÄ»ΓÄ»ΓÄ»ΓÄ»ΓÄ»ΓÄ»ΓÄ»ΓÄ»ΓÄ»ΓÄ»ΓÄ»ΓÄ»ΓÄ»ΓÄ»[81/105
]ΓÄ»[22m[39m

[41m[1m FAIL [22m[49m src/view/__tests__/AskBarView.test.tsx[2m > 
[22mAskBarView[2m > [22mslash command highlighting[2m > [22msyncs mirror 
scrollTop with the textarea so the highlight tracks the caret
[31m[1mTestingLibraryElementError[22m[39m: Unable to find an element by: 
[data-testid="askbar-mirror"]

Ignored nodes: comments, script, style
[36m<body>[39m
  [36m<div>[39m
    [36m<div[39m
      [33mclass[39m=[32m"flex flex-col w-full shrink-0 "[39m
    [36m>[39m
      [36m<div[39m
        [33mclass[39m=[32m"relative"[39m
      [36m>[39m
        [36m<div[39m
          [33mclass[39m=[32m"flex items-center w-full px-3 py-2.5 
gap-2"[39m
        [36m>[39m
          [36m<img[39m
            [33malt[39m=[32m"Mate"[39m
            [33mclass[39m=[32m"shrink-0 transition-all duration-300 
ease-out w-10 h-10 rounded-lg"[39m
            [33mdraggable[39m=[32m"false"[39m
            [33msrc[39m=[32m"/thuki-logo.png"[39m
          [36m/>[39m
          [36m<div[39m
            [33mclass[39m=[32m"relative flex-1 min-w-0"[39m
          [36m>[39m
            [36m<div[39m
              [33maria-hidden[39m=[32m"true"[39m
              [33mclass[39m=[32m"absolute inset-0 pointer-events-none 
bg-transparent text-text-primary text-sm py-2 px-1 leading-relaxed 
whitespace-pre-wrap break-words overflow-hidden"[39m
            [36m>[39m
              [36m<span[39m
                [33mclass[39m=[32m"text-violet-400"[39m
              [36m>[39m
                [0m/think[0m
              [36m</span>[39m
              [36m<span>[39m
                [0m who is Elon[0m
              [36m</span>[39m
            [36m</div>[39m
            [36m<textarea[39m
              [33mclass[39m=[32m"relative w-full bg-transparent border-none 
outline-none text-transparent text-sm placeholder:text-text-secondary py-2 
px-1 disabled:opacity-50 resize-none leading-relaxed"[39m
              [33mplaceholder[39m=[32m"Ask Mate anything..."[39m
              [33mrows[39m=[32m"1"[39m
              [33mstyle[39m=[32m"caret-color: 
var(--color-text-primary);"[39m
            [36m>[39m
              [0m/think who is Elon[0m
            [36m</textarea>[39m
          [36m</div>[39m
          [36m<div[39m
            [33mclass[39m=[32m"inline-flex"[39m
          [36m>[39m
            [36m<button[39m
              [33maria-label[39m=[32m"Take screenshot"[39m
              [33mclass[39m=[32m"shrink-0 w-7 h-7 flex items-center 
justify-center rounded-lg text-text-secondary hover:text-text-primary 
hover:bg-white/8 transition-colors duration-150 disabled:opacity-40 
disabled:cursor-default cursor-pointer"[39m
              [33mtype[39m=[32m"button"[39m
            [36m>[39m
              [36m<svg[39m
                [33maria-hidden[39m=[32m"true"[39m
                [33mfill[39m=[32m"none"[39m
                [33mheight[39m=[32m"14"[39m
                [33mviewBox[39m=[32m"0 0 16 16"[39m
                [33mwidth[39m=[32m"14"[39m
                [33mxmlns[39m=[32m"http://www.w3.org/2000/svg"[39m
              [36m>[39m
                [36m<path[39m
                  [33md[39m=[32m"M2 6 L2 2 L6 2 M10 2 L14 2 L14 6 M2 10 L2 
14 L6 14 M10 14 L14 14 L14 10"[39m
                  [33mstroke[39m=[32m"currentColor"[39m
                  [33mstroke-linecap[39m=[32m"round"[39m
                  [33mstroke-linejoin[39m=[32m"round"[39m
                  [33mstroke-width[39m=[32m"1.5"[39m
                [36m/>[39m
              [36m</svg>[39m
            [36m</button>[39m
          [36m</div>[39m
          [36m<div[39m
            [33mclass[39m=[32m"inline-flex"[39m
          [36m>[39m
            [36m<button[39m
              [33maria-label[39m=[32m"Select screen region"[39m
              [33mclass[39m=[32m"shrink-0 w-7 h-7 flex items-center 
justify-center rounded-lg text-text-secondary hover:text-text-primary 
hover:bg-white/8 transition-colors duration-150 disabled:opacity-40 
disabled:cursor-default cursor-pointer"[39m
              [33mtype[39m=[32m"button"[39m
            [36m>[39m
              [36m<svg[39m
                [33maria-hidden[39m=[32m"true"[39m
                [33mfill[39m=[32m"none"[39m
                [33mheight[39m=[32m"14"[39m
                [33mviewBox[39m=[32m"0 0 16 16"[39m
                [33mwidth[39m=[32m"14"[39m
                [33mxmlns[39m=[32m"http://www.w3.org/2000/svg"[39m
              [36m>[39m
                [36m<rect[39m
                  [33mheight[39m=[32m"12"[39m
                  [33mrx[39m=[32m"1"[39m
                  [33mstroke[39m=[32m"currentColor"[39m
                  [33mstroke-dasharray[39m=[32m"3 2"[39m
                  [33mstroke-width[39m=[32m"1.5"[39m
                  [33mwidth[39m=[32m"12"[39m
                  [33mx[39m=[32m"2"[39m
                  [33my[39m=[32m"2"[39m
                [36m/>[39m
                [36m<circle[39m
                  [33mcx[39m=[32m"8"[39m
                  [33mcy[39m=[32m"8"[39m
                  [33mfill[39m=[32m"currentColor"[39m
                  [33mr[39m=[32m"1.25"[39m
                [36m/>[39m
              [36m</svg>[39m
            [36m</button>[39m
          [36m</div>[39m
          [36m<button[39m
            [33maria-label[39m=[32m"Send message"[39m
            [33mclass[39m=[32m"shrink-0 w-9 h-9 rounded-lg flex 
items-center justify-center transition-colors duration-200 bg-primary 
text-neutral cursor-pointer"[39m
            [33mtype[39m=[32m"button"[39m
          [36m>[39m
            [36m<svg[39m
              [33maria-hidden[39m=[32m"true"[39m
              [33mfill[39m=[32m"none"[39m
              [33mheight[39m=[32m"16"[39m
              [33mviewBox[39m=[32m"0 0 16 16"[39m
              [33mwidth[39m=[32m"16"[39m
              [33mxmlns[39m=[32m"http://www.w3.org/2000/svg"[39m
            [36m>[39m
              [36m<path[39m
                [33md[39m=[32m"M8 13V3M8 3L3 8M8 3L13 8"[39m
                [33mstroke[39m=[32m"currentColor"[39m
                [33mstroke-linecap[39m=[32m"round"[39m
                [33mstroke-linejoin[39m=[32m"round"[39m
                [33mstroke-width[39m=[32m"2"[39m
              [36m/>[39m
            [36m</svg>[39m
          [36m</button>[39m
        [36m</div>[39m
      [36m</div>[39m
    [36m</div>[39m
  [36m</div>[39m
[36m</body>[39m
[90m [2mΓ¥»[22m Object.getElementError 
node_modules/@testing-library/dom/dist/config.js:[2m37:19[22m[39m
[90m [2mΓ¥»[22m 
node_modules/@testing-library/dom/dist/query-helpers.js:[2m76:38[22m[39m
[90m [2mΓ¥»[22m 
node_modules/@testing-library/dom/dist/query-helpers.js:[2m52:17[22m[39m
[90m [2mΓ¥»[22m 
node_modules/@testing-library/dom/dist/query-helpers.js:[2m95:19[22m[39m
[36m [2mΓ¥»[22m src/view/__tests__/AskBarView.test.tsx:[2m1702:29[22m[39m
    [90m1700|[39m         [33m/[39m[33m>[39m[33m,[39m
    [90m1701|[39m       )[33m;[39m
    [90m1702|[39m       const mirror = screen.getByTestId('askbar-mirror') 
as HTMLDivEleΓÇª
    [90m   |[39m                             [31m^[39m
    [90m1703|[39m       [90m// Pretend the textarea has been scrolled.[39m
    [90m1704|[39m       [33mObject[39m[33m.[39m[34mdefineProperty[39m(r
ef[33m.[39mcurrent[33m,[39m [32m'scrollTop'[39m[33m,[39m {

[31m[2mΓÄ»ΓÄ»ΓÄ»ΓÄ»ΓÄ»ΓÄ»ΓÄ»ΓÄ»ΓÄ»ΓÄ»ΓÄ»ΓÄ»ΓÄ»ΓÄ»ΓÄ»ΓÄ»ΓÄ»ΓÄ»ΓÄ»ΓÄ»ΓÄ»[82/105
]ΓÄ»[22m[39m

[41m[1m FAIL [22m[49m src/view/__tests__/AskBarView.test.tsx[2m > 
[22mAskBarView[2m > [22monFirstKeystroke[2m > [22mfires when textarea 
transitions from empty to non-empty
[31m[1mAssertionError[22m: expected "vi.fn()" to be called 1 times, but got 
0 times[39m
[36m [2mΓ¥»[22m src/view/__tests__/AskBarView.test.tsx:[2m1774:32[22m[39m
    [90m1772|[39m       const textarea = screen.getByPlaceholderText('Ask 
Mate anything.ΓÇª
    [90m1773|[39m       
fireEvent[33m.[39m[34mchange[39m(textarea[33m,[39m { target[33m:[39m { 
value[33m:[39m [32m'h'[39m } })[33m;[39m
    [90m1774|[39m       [34mexpect[39m(onFirstKeystroke)[33m.[39m[34mtoH
aveBeenCalledTimes[39m([34m1[39m)[33m;[39m
    [90m   |[39m                                [31m^[39m
    [90m1775|[39m     })[33m;[39m
    [90m1776|[39m

[31m[2mΓÄ»ΓÄ»ΓÄ»ΓÄ»ΓÄ»ΓÄ»ΓÄ»ΓÄ»ΓÄ»ΓÄ»ΓÄ»ΓÄ»ΓÄ»ΓÄ»ΓÄ»ΓÄ»ΓÄ»ΓÄ»ΓÄ»ΓÄ»ΓÄ»[83/105
]ΓÄ»[22m[39m

[41m[1m FAIL [22m[49m src/view/__tests__/ConversationView.test.tsx[2m > 
[22mConversationView[2m > [22mThinking props forwarding[2m > [22mrenders 
the /think pending placeholder before thinking tokens arrive
[31m[1mTestingLibraryElementError[22m[39m: Unable to find an element by: 
[data-testid="thinking-block"]

Ignored nodes: comments, script, style
[36m<body>[39m
  [36m<div>[39m
    [36m<div[39m
      [33mclass[39m=[32m"chat-area flex-1 min-h-0 flex flex-col"[39m
    [36m>[39m
      [36m<div[39m
        [33mclass[39m=[32m"shrink-0"[39m
      [36m>[39m
        [36m<div[39m
          [33mclass[39m=[32m"flex items-center h-8 px-2 gap-1"[39m
        [36m>[39m
          [36m<div[39m
            [33mclass[39m=[32m"flex items-center gap-1.5 mr-1.5"[39m
          [36m>[39m
            [36m<button[39m
              [33maria-label[39m=[32m"Close window"[39m
              [33mclass[39m=[32m"w-3 h-3 rounded-full bg-[#FF5F57] flex 
items-center justify-center flex-shrink-0 hover:brightness-110 transition-all 
cursor-pointer"[39m
              [33mtype[39m=[32m"button"[39m
            [36m>[39m
              [36m<svg[39m
                [33maria-hidden[39m=[32m"true"[39m
                [33mheight[39m=[32m"6"[39m
                [33mviewBox[39m=[32m"0 0 6 6"[39m
                [33mwidth[39m=[32m"6"[39m
              [36m>[39m
                [36m<path[39m
                  [33md[39m=[32m"M1 1L5 5M5 1L1 5"[39m
                  [33mstroke[39m=[32m"rgba(0,0,0,0.4)"[39m
                  [33mstroke-linecap[39m=[32m"round"[39m
                  [33mstroke-width[39m=[32m"1.2"[39m
                [36m/>[39m
              [36m</svg>[39m
            [36m</button>[39m
            [36m<div[39m
              [33maria-hidden[39m=[32m"true"[39m
              [33mclass[39m=[32m"w-3 h-3 rounded-full bg-[#FFBD2E] 
flex-shrink-0"[39m
            [36m/>[39m
            [36m<div[39m
              [33maria-hidden[39m=[32m"true"[39m
              [33mclass[39m=[32m"w-3 h-3 rounded-full bg-[#28C840] 
flex-shrink-0"[39m
            [36m/>[39m
          [36m</div>[39m
        [36m</div>[39m
        [36m<div[39m
          [33mclass[39m=[32m"h-px bg-surface-border"[39m
        [36m/>[39m
      [36m</div>[39m
      [36m<div[39m
        [33mclass[39m=[32m"px-4 pt-1 pb-0 flex items-center"[39m
      [36m>[39m
        [36m<div[39m
          [33mclass[39m=[32m"relative"[39m
        [36m>[39m
          [36m<button[39m
            [33maria-expanded[39m=[32m"false"[39m
            [33maria-label[39m=[32m"Select voice"[39m
            [33mclass[39m=[32m"flex items-center gap-1 text-white/40 
hover:text-white/70 transition-opacity duration-150 text-xs px-1 py-0.5 
rounded cursor-pointer"[39m
          [36m>[39m
            [36m<span[39m
              [33mclass[39m=[32m"truncate max-w-[120px]"[39m
            [36m/>[39m
            [36m<svg[39m
              [33maria-hidden[39m=[32m"true"[39m
              [33mfill[39m=[32m"none"[39m
              [33mheight[39m=[32m"12"[39m
              [33mstroke[39m=[32m"currentColor"[39m
              [33mstroke-linecap[39m=[32m"round"[39m
              [33mstroke-linejoin[39m=[32m"round"[39m
              [33mstroke-width[39m=[32m"2"[39m
              [33mviewBox[39m=[32m"0 0 24 24"[39m
              [33mwidth[39m=[32m"12"[39m
            [36m>[39m
              [36m<polyline[39m
                [33mpoints[39m=[32m"6 9 12 15 18 9"[39m
              [36m/>[39m
            [36m</svg>[39m
          [36m</button>[39m
        [36m</div>[39m
      [36m</div>[39m
      [36m<div[39m
        [33mclass[39m=[32m"chat-messages-scroll px-3 py-3 flex flex-col 
gap-3 flex-1 min-h-0 overflow-y-auto"[39m
      [36m>[39m
        [36m<div[39m
          [33mclass[39m=[32m"flex w-full justify-start py-1"[39m
        [36m>[39m
          [36m<div[39m
            [33maria-label[39m=[32m"AI is thinking"[39m
            [33mclass[39m=[32m"grid gap-[3px]"[39m
            [33mrole[39m=[32m"status"[39m
            [33mstyle[39m=[32m"grid-template-columns: repeat(3, 3px);"[39m
          [36m>[39m
            [36m<div[39m
              [33mclass[39m=[32m"w-[3px] h-[3px] rounded-full 
transition-colors duration-[100ms] bg-white/[0.18]"[39m
            [36m/>[39m
            [36m<div[39m
              [33mclass[39m=[32m"w-[3px] h-[3px] rounded-full 
transition-colors duration-[100ms] bg-white/[0.18]"[39m
            [36m/>[39m
            [36m<div[39m
              [33mclass[39m=[32m"w-[3px] h-[3px] rounded-full 
transition-colors duration-[100ms] bg-primary"[39m
            [36m/>[39m
            [36m<div[39m
              [33mclass[39m=[32m"w-[3px] h-[3px] rounded-full 
transition-colors duration-[100ms] bg-white/[0.18]"[39m
            [36m/>[39m
            [36m<div[39m
              [33mclass[39m=[32m"w-[3px] h-[3px] rounded-full 
transition-colors duration-[100ms] bg-white/[0.18]"[39m
            [36m/>[39m
            [36m<div[39m
              [33mclass[39m=[32m"w-[3px] h-[3px] rounded-full 
transition-colors duration-[100ms] bg-white/[0.18]"[39m
            [36m/>[39m
            [36m<div[39m
              [33mclass[39m=[32m"w-[3px] h-[3px] rounded-full 
transition-colors duration-[100ms] bg-white/[0.18]"[39m
            [36m/>[39m
            [36m<div[39m
              [33mclass[39m=[32m"w-[3px] h-[3px] rounded-full 
transition-colors duration-[100ms] bg-white/[0.18]"[39m
            [36m/>[39m
            [36m<div[39m
              [33mclass[39m=[32m"w-[3px] h-[3px] rounded-full 
transition-colors duration-[100ms] bg-white/[0.18]"[39m
            [36m/>[39m
          [36m</div>[39m
        [36m</div>[39m
      [36m</div>[39m
      [36m<div[39m
        [33mclass[39m=[32m"h-px shrink-0 bg-surface-border 
origin-center"[39m
      [36m/>[39m
    [36m</div>[39m
  [36m</div>[39m
[36m</body>[39m
[90m [2mΓ¥»[22m Object.getElementError 
node_modules/@testing-library/dom/dist/config.js:[2m37:19[22m[39m
[90m [2mΓ¥»[22m 
node_modules/@testing-library/dom/dist/query-helpers.js:[2m76:38[22m[39m
[90m [2mΓ¥»[22m 
node_modules/@testing-library/dom/dist/query-helpers.js:[2m52:17[22m[39m
[90m [2mΓ¥»[22m 
node_modules/@testing-library/dom/dist/query-helpers.js:[2m95:19[22m[39m
[36m [2mΓ¥»[22m 
src/view/__tests__/ConversationView.test.tsx:[2m514:21[22m[39m
    [90m512|[39m         [33m/[39m[33m>[39m[33m,[39m
    [90m513|[39m       )[33m;[39m
    [90m514|[39m       [34mexpect[39m(screen[33m.[39m[34mgetByTestId[39
m([32m'thinking-block'[39m))[33m.[39m[34mtoBeInTheDocument[39m()[33m;[3
9m
    [90m   |[39m                     [31m^[39m
    [90m515|[39m       [34mexpect[39m(screen[33m.[39m[34mgetByTestId[39
m([32m'loading-label'[39m)[33m.[39mtextContent)[33m.[39m[34mtoBe[39m(
    [90m516|[39m         [32m'Warming up...'[39m[33m,[39m

[31m[2mΓÄ»ΓÄ»ΓÄ»ΓÄ»ΓÄ»ΓÄ»ΓÄ»ΓÄ»ΓÄ»ΓÄ»ΓÄ»ΓÄ»ΓÄ»ΓÄ»ΓÄ»ΓÄ»ΓÄ»ΓÄ»ΓÄ»ΓÄ»ΓÄ»[84/105
]ΓÄ»[22m[39m

[41m[1m FAIL [22m[49m src/view/__tests__/ConversationView.test.tsx[2m > 
[22mConversationView[2m > [22mThinking props forwarding[2m > [22mrenders 
ChatBubble (not null) when thinking but no content yet during generation
[31m[1mTestingLibraryElementError[22m[39m: Unable to find an element by: 
[data-testid="loading-label"]

Ignored nodes: comments, script, style
[36m<body>[39m
  [36m<div>[39m
    [36m<div[39m
      [33mclass[39m=[32m"chat-area flex-1 min-h-0 flex flex-col"[39m
    [36m>[39m
      [36m<div[39m
        [33mclass[39m=[32m"shrink-0"[39m
      [36m>[39m
        [36m<div[39m
          [33mclass[39m=[32m"flex items-center h-8 px-2 gap-1"[39m
        [36m>[39m
          [36m<div[39m
            [33mclass[39m=[32m"flex items-center gap-1.5 mr-1.5"[39m
          [36m>[39m
            [36m<button[39m
              [33maria-label[39m=[32m"Close window"[39m
              [33mclass[39m=[32m"w-3 h-3 rounded-full bg-[#FF5F57] flex 
items-center justify-center flex-shrink-0 hover:brightness-110 transition-all 
cursor-pointer"[39m
              [33mtype[39m=[32m"button"[39m
            [36m>[39m
              [36m<svg[39m
                [33maria-hidden[39m=[32m"true"[39m
                [33mheight[39m=[32m"6"[39m
                [33mviewBox[39m=[32m"0 0 6 6"[39m
                [33mwidth[39m=[32m"6"[39m
              [36m>[39m
                [36m<path[39m
                  [33md[39m=[32m"M1 1L5 5M5 1L1 5"[39m
                  [33mstroke[39m=[32m"rgba(0,0,0,0.4)"[39m
                  [33mstroke-linecap[39m=[32m"round"[39m
                  [33mstroke-width[39m=[32m"1.2"[39m
                [36m/>[39m
              [36m</svg>[39m
            [36m</button>[39m
            [36m<div[39m
              [33maria-hidden[39m=[32m"true"[39m
              [33mclass[39m=[32m"w-3 h-3 rounded-full bg-[#FFBD2E] 
flex-shrink-0"[39m
            [36m/>[39m
            [36m<div[39m
              [33maria-hidden[39m=[32m"true"[39m
              [33mclass[39m=[32m"w-3 h-3 rounded-full bg-[#28C840] 
flex-shrink-0"[39m
            [36m/>[39m
          [36m</div>[39m
        [36m</div>[39m
        [36m<div[39m
          [33mclass[39m=[32m"h-px bg-surface-border"[39m
        [36m/>[39m
      [36m</div>[39m
      [36m<div[39m
        [33mclass[39m=[32m"px-4 pt-1 pb-0 flex items-center"[39m
      [36m>[39m
        [36m<div[39m
          [33mclass[39m=[32m"relative"[39m
        [36m>[39m
          [36m<button[39m
            [33maria-expanded[39m=[32m"false"[39m
            [33maria-label[39m=[32m"Select voice"[39m
            [33mclass[39m=[32m"flex items-center gap-1 text-white/40 
hover:text-white/70 transition-opacity duration-150 text-xs px-1 py-0.5 
rounded cursor-pointer"[39m
          [36m>[39m
            [36m<span[39m
              [33mclass[39m=[32m"truncate max-w-[120px]"[39m
            [36m/>[39m
            [36m<svg[39m
              [33maria-hidden[39m=[32m"true"[39m
              [33mfill[39m=[32m"none"[39m
              [33mheight[39m=[32m"12"[39m
              [33mstroke[39m=[32m"currentColor"[39m
              [33mstroke-linecap[39m=[32m"round"[39m
              [33mstroke-linejoin[39m=[32m"round"[39m
              [33mstroke-width[39m=[32m"2"[39m
              [33mviewBox[39m=[32m"0 0 24 24"[39m
              [33mwidth[39m=[32m"12"[39m
            [36m>[39m
              [36m<polyline[39m
                [33mpoints[39m=[32m"6 9 12 15 18 9"[39m
              [36m/>[39m
            [36m</svg>[39m
          [36m</button>[39m
        [36m</div>[39m
      [36m</div>[39m
      [36m<div[39m
        [33mclass[39m=[32m"chat-messages-scroll px-3 py-3 flex flex-col 
gap-3 flex-1 min-h-0 overflow-y-auto"[39m
      [36m>[39m
        [36m<div[39m
          [33mclass[39m=[32m"flex w-full justify-start"[39m
        [36m>[39m
          [36m<div[39m
            [33mclass[39m=[32m"flex flex-col w-full"[39m
          [36m>[39m
            [36m<div[39m
              [33mclass[39m=[32m"text-sm leading-relaxed select-text 
py-1"[39m
            [36m>[39m
              [36m<div[39m
                [33mclass[39m=[32m"mb-2"[39m
                [33mdata-testid[39m=[32m"thinking-block"[39m
              [36m>[39m
                [36m<button[39m
                  [33maria-expanded[39m=[32m"false"[39m
                  [33maria-label[39m=[32m"Toggle thinking details"[39m
                  [33mclass[39m=[32m"flex items-center gap-2 cursor-pointer 
bg-transparent border-none p-0 text-left w-full"[39m
                  [33mtype[39m=[32m"button"[39m
                [36m>[39m
                  [36m<span[39m
                    [33mclass[39m=[32m"text-[10px] text-text-secondary 
inline-block transition-transform duration-150"[39m
                    [33mdata-testid[39m=[32m"thinking-chevron"[39m
                    [33mstyle[39m=[32m"transform: rotate(90deg);"[39m
                  [36m>[39m
                    [0mΓû▓[0m
                  [36m</span>[39m
                  [36m<span[39m
                    [33mclass[39m=[32m"text-sm text-text-secondary"[39m
                    [33mdata-testid[39m=[32m"thinking-label"[39m
                  [36m>[39m
                    [36m<span[39m
                      [33mclass[39m=[32m"inline-block 
thinking-sweep-char"[39m
                      [33mstyle[39m=[32m"animation-delay: 0ms;"[39m
                    [36m>[39m
                      [0mT[0m
                    [36m</span>[39m
                    [36m<span[39m
                      [33mclass[39m=[32m"inline-block 
thinking-sweep-char"[39m
                      [33mstyle[39m=[32m"animation-delay: 80ms;"[39m
                    [36m>[39m
                      [0mh[0m
                    [36m</span>[39m
                    [36m<span[39m
                      [33mclass[39m=[32m"inline-block 
thinking-sweep-char"[39m
                      [33mstyle[39m=[32m"animation-delay: 160ms;"[39m
                    [36m>[39m
                      [0mi[0m
                    [36m</span>[39m
                    [36m<span[39m
                      [33mclass[39m=[32m"inline-block 
thinking-sweep-char"[39m
                      [33mstyle[39m=[32m"animation-delay: 240ms;"[39m
                    [36m>[39m
                      [0mn[0m
                    [36m</span>[39m
                    [36m<span[39m
                      [33mclass[39m=[32m"inline-block 
thinking-sweep-char"[39m
                      [33mstyle[39m=[32m"animation-delay: 320ms;"[39m
                    [36m>[39m
                      [0mk[0m
                    [36m</span>[39m
                    [36m<span[39m
                      [33mclass[39m=[32m"inline-block 
thinking-sweep-char"[39m
                      [33mstyle[39m=[32m"animation-delay: 400ms;"[39m
                    [36m>[39m
                      [0mi[0m
                    [36m</span>[39m
                    [36m<span[39m
                      [33mclass[39m=[32m"inline-block 
thinking-sweep-char"[39m
                      [33mstyle[39m=[32m"animation-delay: 480ms;"[39m
                    [36m>[39m
                      [0mn[0m
                    [36m</span>[39m
                    [36m<span[39m
                      [33mclass[39m=[32m"inline-block 
thinking-sweep-char"[39m
                      [33mstyle[39m=[32m"animation-delay: 560ms;"[39m
                    [36m>[39m
                      [0mg[0m
                    [36m</span>[39m
                    [36m<span[39m
                      [33mclass[39m=[32m"inline-block 
thinking-sweep-char"[39m
                      [33mstyle[39m=[32m"animation-delay: 640ms;"[39m
                    [36m>[39m
                      [0m.[0m
                    [36m</span>[39m
                    [36m<span[39m
                      [33mclass[39m=[32m"inline-block 
thinking-sweep-char"[39m
                      [33mstyle[39m=[32m"animation-delay: 720ms;"[39m
                    [36m>[39m
                      [0m.[0m
                    [36m</span>[39m
                    [36m<span[39m
                      [33mclass[39m=[32m"inline-block 
thinking-sweep-char"[39m
                      [33mstyle[39m=[32m"animation-delay: 800ms;"[39m
                    [36m>[39m
                      [0m.[0m
                    [36m</span>[39m
                  [36m</span>[39m
                [36m</button>[39m
              [36m</div>[39m
              [36m<span[39m
                [33mclass[39m=[32m"markdown-body "[39m
              [36m>[39m
                [36m<div[39m
                  [33mclass[39m=[32m"space-y-4 whitespace-normal 
[&>*:first-child]:mt-0 [&>*:last-child]:mb-0"[39m
                [36m/>[39m
              [36m</span>[39m
            [36m</div>[39m
          [36m</div>[39m
        [36m</div>[39m
      [36m</div>[39m
      [36m<div[39m
        [33mclass[39m=[32m"h-px shrink-0 bg-surface-border 
origin-center"[39m
      [36m/>[39m
    [36m</div>[39m
  [36m</div>[39m
[36m</body>[39m
[90m [2mΓ¥»[22m Object.getElementError 
node_modules/@testing-library/dom/dist/config.js:[2m37:19[22m[39m
[90m [2mΓ¥»[22m 
node_modules/@testing-library/dom/dist/query-helpers.js:[2m76:38[22m[39m
[90m [2mΓ¥»[22m 
node_modules/@testing-library/dom/dist/query-helpers.js:[2m52:17[22m[39m
[90m [2mΓ¥»[22m 
node_modules/@testing-library/dom/dist/query-helpers.js:[2m95:19[22m[39m
[36m [2mΓ¥»[22m 
src/view/__tests__/ConversationView.test.tsx:[2m556:21[22m[39m
    [90m554|[39m       [90m// The bubble should render with ThinkingBlock 
visible[39m
    [90m555|[39m       [34mexpect[39m(screen[33m.[39m[34mgetByTestId[39
m([32m'thinking-block'[39m))[33m.[39m[34mtoBeInTheDocument[39m()[33m;[3
9m
    [90m556|[39m       [34mexpect[39m(screen[33m.[39m[34mgetByTestId[39
m([32m'loading-label'[39m)[33m.[39mtextContent)[33m.[39m[34mtoBe[39m(
    [90m   |[39m                     [31m^[39m
    [90m557|[39m         [32m'Thinking...'[39m[33m,[39m
    [90m558|[39m       )[33m;[39m

[31m[2mΓÄ»ΓÄ»ΓÄ»ΓÄ»ΓÄ»ΓÄ»ΓÄ»ΓÄ»ΓÄ»ΓÄ»ΓÄ»ΓÄ»ΓÄ»ΓÄ»ΓÄ»ΓÄ»ΓÄ»ΓÄ»ΓÄ»ΓÄ»ΓÄ»[85/105
]ΓÄ»[22m[39m

[41m[1m FAIL [22m[49m src/view/__tests__/ConversationView.test.tsx[2m > 
[22mConversationView[2m > [22msearch integration[2m > [22mrenders the 
loading label next to the dots while analyzing query
[31m[1mTestingLibraryElementError[22m[39m: Unable to find an element by: 
[data-testid="loading-label"]

Ignored nodes: comments, script, style
[36m<body>[39m
  [36m<div>[39m
    [36m<div[39m
      [33mclass[39m=[32m"chat-area flex-1 min-h-0 flex flex-col"[39m
    [36m>[39m
      [36m<div[39m
        [33mclass[39m=[32m"shrink-0"[39m
      [36m>[39m
        [36m<div[39m
          [33mclass[39m=[32m"flex items-center h-8 px-2 gap-1"[39m
        [36m>[39m
          [36m<div[39m
            [33mclass[39m=[32m"flex items-center gap-1.5 mr-1.5"[39m
          [36m>[39m
            [36m<button[39m
              [33maria-label[39m=[32m"Close window"[39m
              [33mclass[39m=[32m"w-3 h-3 rounded-full bg-[#FF5F57] flex 
items-center justify-center flex-shrink-0 hover:brightness-110 transition-all 
cursor-pointer"[39m
              [33mtype[39m=[32m"button"[39m
            [36m>[39m
              [36m<svg[39m
                [33maria-hidden[39m=[32m"true"[39m
                [33mheight[39m=[32m"6"[39m
                [33mviewBox[39m=[32m"0 0 6 6"[39m
                [33mwidth[39m=[32m"6"[39m
              [36m>[39m
                [36m<path[39m
                  [33md[39m=[32m"M1 1L5 5M5 1L1 5"[39m
                  [33mstroke[39m=[32m"rgba(0,0,0,0.4)"[39m
                  [33mstroke-linecap[39m=[32m"round"[39m
                  [33mstroke-width[39m=[32m"1.2"[39m
                [36m/>[39m
              [36m</svg>[39m
            [36m</button>[39m
            [36m<div[39m
              [33maria-hidden[39m=[32m"true"[39m
              [33mclass[39m=[32m"w-3 h-3 rounded-full bg-[#FFBD2E] 
flex-shrink-0"[39m
            [36m/>[39m
            [36m<div[39m
              [33maria-hidden[39m=[32m"true"[39m
              [33mclass[39m=[32m"w-3 h-3 rounded-full bg-[#28C840] 
flex-shrink-0"[39m
            [36m/>[39m
          [36m</div>[39m
        [36m</div>[39m
        [36m<div[39m
          [33mclass[39m=[32m"h-px bg-surface-border"[39m
        [36m/>[39m
      [36m</div>[39m
      [36m<div[39m
        [33mclass[39m=[32m"px-4 pt-1 pb-0 flex items-center"[39m
      [36m>[39m
        [36m<div[39m
          [33mclass[39m=[32m"relative"[39m
        [36m>[39m
          [36m<button[39m
            [33maria-expanded[39m=[32m"false"[39m
            [33maria-label[39m=[32m"Select voice"[39m
            [33mclass[39m=[32m"flex items-center gap-1 text-white/40 
hover:text-white/70 transition-opacity duration-150 text-xs px-1 py-0.5 
rounded cursor-pointer"[39m
          [36m>[39m
            [36m<span[39m
              [33mclass[39m=[32m"truncate max-w-[120px]"[39m
            [36m/>[39m
            [36m<svg[39m
              [33maria-hidden[39m=[32m"true"[39m
              [33mfill[39m=[32m"none"[39m
              [33mheight[39m=[32m"12"[39m
              [33mstroke[39m=[32m"currentColor"[39m
              [33mstroke-linecap[39m=[32m"round"[39m
              [33mstroke-linejoin[39m=[32m"round"[39m
              [33mstroke-width[39m=[32m"2"[39m
              [33mviewBox[39m=[32m"0 0 24 24"[39m
              [33mwidth[39m=[32m"12"[39m
            [36m>[39m
              [36m<polyline[39m
                [33mpoints[39m=[32m"6 9 12 15 18 9"[39m
              [36m/>[39m
            [36m</svg>[39m
          [36m</button>[39m
        [36m</div>[39m
      [36m</div>[39m
      [36m<div[39m
        [33mclass[39m=[32m"chat-messages-scroll px-3 py-3 flex flex-col 
gap-3 flex-1 min-h-0 overflow-y-auto"[39m
      [36m>[39m
        [36m<div[39m
          [33mclass[39m=[32m"flex w-full justify-end"[39m
        [36m>[39m
          [36m<div[39m
            [33mclass[39m=[32m"flex flex-col max-w-[80%]"[39m
          [36m>[39m
            [36m<div[39m
              [33mclass[39m=[32m"chat-bubble chat-bubble-user relative px-4 
py-2.5 text-sm leading-relaxed select-text rounded-lg rounded-br-sm"[39m
            [36m>[39m
              [36m<span[39m
                [33mclass[39m=[32m"text-white/95 font-medium 
whitespace-pre-wrap"[39m
              [36m>[39m
                [36m<span>[39m
                  [0mq[0m
                [36m</span>[39m
              [36m</span>[39m
            [36m</div>[39m
            [36m<div[39m
              [33mclass[39m=[32m"h-6 flex items-center px-1"[39m
            [36m>[39m
              [36m<div[39m
                [33mclass[39m=[32m"flex w-full justify-end"[39m
              [36m>[39m
                [36m<button[39m
                  [33maria-label[39m=[32m"Copy message"[39m
                  [33mclass[39m=[32m"transition-opacity duration-150 
text-white/40 hover:text-white/70 p-0.5 rounded cursor-pointer"[39m
                [36m>[39m
                  [36m<span[39m
                    [33mclass[39m=[32m"flex"[39m
                  [36m>[39m
                    [36m<svg[39m
                      [33maria-hidden[39m=[32m"true"[39m
                      [33mfill[39m=[32m"none"[39m
                      [33mheight[39m=[32m"14"[39m
                      [33mstroke[39m=[32m"currentColor"[39m
                      [33mstroke-linecap[39m=[32m"round"[39m
                      [33mstroke-linejoin[39m=[32m"round"[39m
                      [33mstroke-width[39m=[32m"2"[39m
                      [33mviewBox[39m=[32m"0 0 24 24"[39m
                      [33mwidth[39m=[32m"14"[39m
                    [36m>[39m
                      [36m<rect[39m
                        [33mheight[39m=[32m"13"[39m
                        [33mrx[39m=[32m"2"[39m
                        [33mry[39m=[32m"2"[39m
                        [33mwidth[39m=[32m"13"[39m
                        [33mx[39m=[32m"9"[39m
                        [33my[39m=[32m"9"[39m
                      [36m/>[39m
                      [36m<path[39m
                        [33md[39m=[32m"M5 15H4a2 2 0 0 1-2-2V4a2 2 0 0 1 
2-2h9a2 2 0 0 1 2 2v1"[39m
                      [36m/>[39m
                    [36m</svg>[39m
                  [36m</span>[39m
                [36m</button>[39m
              [36m</div>[39m
            [36m</div>[39m
          [36m</div>[39m
        [36m</div>[39m
        [36m<div[39m
          [33mclass[39m=[32m"flex w-full justify-start py-1"[39m
        [36m>[39m
          [36m<div[39m
            [33maria-label[39m=[32m"AI is thinking"[39m
            [33mclass[39m=[32m"grid gap-[3px]"[39m
            [33mrole[39m=[32m"status"[39m
            [33mstyle[39m=[32m"grid-template-columns: repeat(3, 3px);"[39m
          [36m>[39m
            [36m<div[39m
              [33mclass[39m=[32m"w-[3px] h-[3px] rounded-full 
transition-colors duration-[100ms] bg-white/[0.18]"[39m
            [36m/>[39m
            [36m<div[39m
              [33mclass[39m=[32m"w-[3px] h-[3px] rounded-full 
transition-colors duration-[100ms] bg-white/[0.18]"[39m
            [36m/>[39m
            [36m<div[39m
              [33mclass[39m=[32m"w-[3px] h-[3px] rounded-full 
transition-colors duration-[100ms] bg-primary"[39m
            [36m/>[39m
            [36m<div[39m
              [33mclass[39m=[32m"w-[3px] h-[3px] rounded-full 
transition-colors duration-[100ms] bg-white/[0.18]"[39m
            [36m/>[39m
            [36m<div[39m
              [33mclass[39m=[32m"w-[3px] h-[3px] rounded-full 
transition-colors duration-[100ms] bg-white/[0.18]"[39m
            [36m/>[39m
            [36m<div[39m
              [33mclass[39m=[32m"w-[3px] h-[3px] rounded-full 
transition-colors duration-[100ms] bg-white/[0.18]"[39m
            [36m/>[39m
            [36m<div[39m
              [33mclass[39m=[32m"w-[3px] h-[3px] rounded-full 
transition-colors duration-[100ms] bg-white/[0.18]"[39m
            [36m/>[39m
            [36m<div[39m
              [33mclass[39m=[32m"w-[3px] h-[3px] rounded-full 
transition-colors duration-[100ms] bg-white/[0.18]"[39m
            [36m/>[39m
            [36m<div[39m
              [33mclass[39m=[32m"w-[3px] h-[3px] rounded-full 
transition-colors duration-[100ms] bg-white/[0.18]"[39m
            [36m/>[39m
          [36m</div>[39m
        [36m</div>[39m
      [36m</div>[39m
      [36m<div[39m
        [33mclass[39m=[32m"h-px shrink-0 bg-surface-border 
origin-center"[39m
      [36m/>[39m
    [36m</div>[39m
  [36m</div>[39m
[36m</body>[39m
[90m [2mΓ¥»[22m Object.getElementError 
node_modules/@testing-library/dom/dist/config.js:[2m37:19[22m[39m
[90m [2mΓ¥»[22m 
node_modules/@testing-library/dom/dist/query-helpers.js:[2m76:38[22m[39m
[90m [2mΓ¥»[22m 
node_modules/@testing-library/dom/dist/query-helpers.js:[2m52:17[22m[39m
[90m [2mΓ¥»[22m 
node_modules/@testing-library/dom/dist/query-helpers.js:[2m95:19[22m[39m
[36m [2mΓ¥»[22m 
src/view/__tests__/ConversationView.test.tsx:[2m613:21[22m[39m
    [90m611|[39m         [33m/[39m[33m>[39m[33m,[39m
    [90m612|[39m       )[33m;[39m
    [90m613|[39m       [34mexpect[39m(screen[33m.[39m[34mgetByTestId[39
m([32m'loading-label'[39m)[33m.[39mtextContent)[33m.[39m[34mtoBe[39m(
    [90m   |[39m                     [31m^[39m
    [90m614|[39m         [32m'Analyzing query'[39m[33m,[39m
    [90m615|[39m       )[33m;[39m

[31m[2mΓÄ»ΓÄ»ΓÄ»ΓÄ»ΓÄ»ΓÄ»ΓÄ»ΓÄ»ΓÄ»ΓÄ»ΓÄ»ΓÄ»ΓÄ»ΓÄ»ΓÄ»ΓÄ»ΓÄ»ΓÄ»ΓÄ»ΓÄ»ΓÄ»[86/105
]ΓÄ»[22m[39m

[41m[1m FAIL [22m[49m src/view/__tests__/ConversationView.test.tsx[2m > 
[22mConversationView[2m > [22msearch integration[2m > [22mrenders the 
loading label as "Searching the web" when searching
[31m[1mTestingLibraryElementError[22m[39m: Unable to find an element by: 
[data-testid="loading-label"]

Ignored nodes: comments, script, style
[36m<body>[39m
  [36m<div>[39m
    [36m<div[39m
      [33mclass[39m=[32m"chat-area flex-1 min-h-0 flex flex-col"[39m
    [36m>[39m
      [36m<div[39m
        [33mclass[39m=[32m"shrink-0"[39m
      [36m>[39m
        [36m<div[39m
          [33mclass[39m=[32m"flex items-center h-8 px-2 gap-1"[39m
        [36m>[39m
          [36m<div[39m
            [33mclass[39m=[32m"flex items-center gap-1.5 mr-1.5"[39m
          [36m>[39m
            [36m<button[39m
              [33maria-label[39m=[32m"Close window"[39m
              [33mclass[39m=[32m"w-3 h-3 rounded-full bg-[#FF5F57] flex 
items-center justify-center flex-shrink-0 hover:brightness-110 transition-all 
cursor-pointer"[39m
              [33mtype[39m=[32m"button"[39m
            [36m>[39m
              [36m<svg[39m
                [33maria-hidden[39m=[32m"true"[39m
                [33mheight[39m=[32m"6"[39m
                [33mviewBox[39m=[32m"0 0 6 6"[39m
                [33mwidth[39m=[32m"6"[39m
              [36m>[39m
                [36m<path[39m
                  [33md[39m=[32m"M1 1L5 5M5 1L1 5"[39m
                  [33mstroke[39m=[32m"rgba(0,0,0,0.4)"[39m
                  [33mstroke-linecap[39m=[32m"round"[39m
                  [33mstroke-width[39m=[32m"1.2"[39m
                [36m/>[39m
              [36m</svg>[39m
            [36m</button>[39m
            [36m<div[39m
              [33maria-hidden[39m=[32m"true"[39m
              [33mclass[39m=[32m"w-3 h-3 rounded-full bg-[#FFBD2E] 
flex-shrink-0"[39m
            [36m/>[39m
            [36m<div[39m
              [33maria-hidden[39m=[32m"true"[39m
              [33mclass[39m=[32m"w-3 h-3 rounded-full bg-[#28C840] 
flex-shrink-0"[39m
            [36m/>[39m
          [36m</div>[39m
        [36m</div>[39m
        [36m<div[39m
          [33mclass[39m=[32m"h-px bg-surface-border"[39m
        [36m/>[39m
      [36m</div>[39m
      [36m<div[39m
        [33mclass[39m=[32m"px-4 pt-1 pb-0 flex items-center"[39m
      [36m>[39m
        [36m<div[39m
          [33mclass[39m=[32m"relative"[39m
        [36m>[39m
          [36m<button[39m
            [33maria-expanded[39m=[32m"false"[39m
            [33maria-label[39m=[32m"Select voice"[39m
            [33mclass[39m=[32m"flex items-center gap-1 text-white/40 
hover:text-white/70 transition-opacity duration-150 text-xs px-1 py-0.5 
rounded cursor-pointer"[39m
          [36m>[39m
            [36m<span[39m
              [33mclass[39m=[32m"truncate max-w-[120px]"[39m
            [36m/>[39m
            [36m<svg[39m
              [33maria-hidden[39m=[32m"true"[39m
              [33mfill[39m=[32m"none"[39m
              [33mheight[39m=[32m"12"[39m
              [33mstroke[39m=[32m"currentColor"[39m
              [33mstroke-linecap[39m=[32m"round"[39m
              [33mstroke-linejoin[39m=[32m"round"[39m
              [33mstroke-width[39m=[32m"2"[39m
              [33mviewBox[39m=[32m"0 0 24 24"[39m
              [33mwidth[39m=[32m"12"[39m
            [36m>[39m
              [36m<polyline[39m
                [33mpoints[39m=[32m"6 9 12 15 18 9"[39m
              [36m/>[39m
            [36m</svg>[39m
          [36m</button>[39m
        [36m</div>[39m
      [36m</div>[39m
      [36m<div[39m
        [33mclass[39m=[32m"chat-messages-scroll px-3 py-3 flex flex-col 
gap-3 flex-1 min-h-0 overflow-y-auto"[39m
      [36m>[39m
        [36m<div[39m
          [33mclass[39m=[32m"flex w-full justify-end"[39m
        [36m>[39m
          [36m<div[39m
            [33mclass[39m=[32m"flex flex-col max-w-[80%]"[39m
          [36m>[39m
            [36m<div[39m
              [33mclass[39m=[32m"chat-bubble chat-bubble-user relative px-4 
py-2.5 text-sm leading-relaxed select-text rounded-lg rounded-br-sm"[39m
            [36m>[39m
              [36m<span[39m
                [33mclass[39m=[32m"text-white/95 font-medium 
whitespace-pre-wrap"[39m
              [36m>[39m
                [36m<span>[39m
                  [0mq[0m
                [36m</span>[39m
              [36m</span>[39m
            [36m</div>[39m
            [36m<div[39m
              [33mclass[39m=[32m"h-6 flex items-center px-1"[39m
            [36m>[39m
              [36m<div[39m
                [33mclass[39m=[32m"flex w-full justify-end"[39m
              [36m>[39m
                [36m<button[39m
                  [33maria-label[39m=[32m"Copy message"[39m
                  [33mclass[39m=[32m"transition-opacity duration-150 
text-white/40 hover:text-white/70 p-0.5 rounded cursor-pointer"[39m
                [36m>[39m
                  [36m<span[39m
                    [33mclass[39m=[32m"flex"[39m
                  [36m>[39m
                    [36m<svg[39m
                      [33maria-hidden[39m=[32m"true"[39m
                      [33mfill[39m=[32m"none"[39m
                      [33mheight[39m=[32m"14"[39m
                      [33mstroke[39m=[32m"currentColor"[39m
                      [33mstroke-linecap[39m=[32m"round"[39m
                      [33mstroke-linejoin[39m=[32m"round"[39m
                      [33mstroke-width[39m=[32m"2"[39m
                      [33mviewBox[39m=[32m"0 0 24 24"[39m
                      [33mwidth[39m=[32m"14"[39m
                    [36m>[39m
                      [36m<rect[39m
                        [33mheight[39m=[32m"13"[39m
                        [33mrx[39m=[32m"2"[39m
                        [33mry[39m=[32m"2"[39m
                        [33mwidth[39m=[32m"13"[39m
                        [33mx[39m=[32m"9"[39m
                        [33my[39m=[32m"9"[39m
                      [36m/>[39m
                      [36m<path[39m
                        [33md[39m=[32m"M5 15H4a2 2 0 0 1-2-2V4a2 2 0 0 1 
2-2h9a2 2 0 0 1 2 2v1"[39m
                      [36m/>[39m
                    [36m</svg>[39m
                  [36m</span>[39m
                [36m</button>[39m
              [36m</div>[39m
            [36m</div>[39m
          [36m</div>[39m
        [36m</div>[39m
        [36m<div[39m
          [33mclass[39m=[32m"flex w-full justify-start py-1"[39m
        [36m>[39m
          [36m<div[39m
            [33maria-label[39m=[32m"AI is thinking"[39m
            [33mclass[39m=[32m"grid gap-[3px]"[39m
            [33mrole[39m=[32m"status"[39m
            [33mstyle[39m=[32m"grid-template-columns: repeat(3, 3px);"[39m
          [36m>[39m
            [36m<div[39m
              [33mclass[39m=[32m"w-[3px] h-[3px] rounded-full 
transition-colors duration-[100ms] bg-white/[0.18]"[39m
            [36m/>[39m
            [36m<div[39m
              [33mclass[39m=[32m"w-[3px] h-[3px] rounded-full 
transition-colors duration-[100ms] bg-white/[0.18]"[39m
            [36m/>[39m
            [36m<div[39m
              [33mclass[39m=[32m"w-[3px] h-[3px] rounded-full 
transition-colors duration-[100ms] bg-primary"[39m
            [36m/>[39m
            [36m<div[39m
              [33mclass[39m=[32m"w-[3px] h-[3px] rounded-full 
transition-colors duration-[100ms] bg-white/[0.18]"[39m
            [36m/>[39m
            [36m<div[39m
              [33mclass[39m=[32m"w-[3px] h-[3px] rounded-full 
transition-colors duration-[100ms] bg-white/[0.18]"[39m
            [36m/>[39m
            [36m<div[39m
              [33mclass[39m=[32m"w-[3px] h-[3px] rounded-full 
transition-colors duration-[100ms] bg-white/[0.18]"[39m
            [36m/>[39m
            [36m<div[39m
              [33mclass[39m=[32m"w-[3px] h-[3px] rounded-full 
transition-colors duration-[100ms] bg-white/[0.18]"[39m
            [36m/>[39m
            [36m<div[39m
              [33mclass[39m=[32m"w-[3px] h-[3px] rounded-full 
transition-colors duration-[100ms] bg-white/[0.18]"[39m
            [36m/>[39m
            [36m<div[39m
              [33mclass[39m=[32m"w-[3px] h-[3px] rounded-full 
transition-colors duration-[100ms] bg-white/[0.18]"[39m
            [36m/>[39m
          [36m</div>[39m
        [36m</div>[39m
      [36m</div>[39m
      [36m<div[39m
        [33mclass[39m=[32m"h-px shrink-0 bg-surface-border 
origin-center"[39m
      [36m/>[39m
    [36m</div>[39m
  [36m</div>[39m
[36m</body>[39m
[90m [2mΓ¥»[22m Object.getElementError 
node_modules/@testing-library/dom/dist/config.js:[2m37:19[22m[39m
[90m [2mΓ¥»[22m 
node_modules/@testing-library/dom/dist/query-helpers.js:[2m76:38[22m[39m
[90m [2mΓ¥»[22m 
node_modules/@testing-library/dom/dist/query-helpers.js:[2m52:17[22m[39m
[90m [2mΓ¥»[22m 
node_modules/@testing-library/dom/dist/query-helpers.js:[2m95:19[22m[39m
[36m [2mΓ¥»[22m 
src/view/__tests__/ConversationView.test.tsx:[2m630:21[22m[39m
    [90m628|[39m         [33m/[39m[33m>[39m[33m,[39m
    [90m629|[39m       )[33m;[39m
    [90m630|[39m       [34mexpect[39m(screen[33m.[39m[34mgetByTestId[39
m([32m'loading-label'[39m)[33m.[39mtextContent)[33m.[39m[34mtoBe[39m(
    [90m   |[39m                     [31m^[39m
    [90m631|[39m         [32m'Searching the web'[39m[33m,[39m
    [90m632|[39m       )[33m;[39m

[31m[2mΓÄ»ΓÄ»ΓÄ»ΓÄ»ΓÄ»ΓÄ»ΓÄ»ΓÄ»ΓÄ»ΓÄ»ΓÄ»ΓÄ»ΓÄ»ΓÄ»ΓÄ»ΓÄ»ΓÄ»ΓÄ»ΓÄ»ΓÄ»ΓÄ»[87/105
]ΓÄ»[22m[39m

[41m[1m FAIL [22m[49m src/view/__tests__/ConversationView.test.tsx[2m > 
[22mConversationView[2m > [22msearch integration[2m > [22mrenders 
refining_search with attempt counter
[31m[1mTestingLibraryElementError[22m[39m: Unable to find an element by: 
[data-testid="loading-label"]

Ignored nodes: comments, script, style
[36m<body>[39m
  [36m<div>[39m
    [36m<div[39m
      [33mclass[39m=[32m"chat-area flex-1 min-h-0 flex flex-col"[39m
    [36m>[39m
      [36m<div[39m
        [33mclass[39m=[32m"shrink-0"[39m
      [36m>[39m
        [36m<div[39m
          [33mclass[39m=[32m"flex items-center h-8 px-2 gap-1"[39m
        [36m>[39m
          [36m<div[39m
            [33mclass[39m=[32m"flex items-center gap-1.5 mr-1.5"[39m
          [36m>[39m
            [36m<button[39m
              [33maria-label[39m=[32m"Close window"[39m
              [33mclass[39m=[32m"w-3 h-3 rounded-full bg-[#FF5F57] flex 
items-center justify-center flex-shrink-0 hover:brightness-110 transition-all 
cursor-pointer"[39m
              [33mtype[39m=[32m"button"[39m
            [36m>[39m
              [36m<svg[39m
                [33maria-hidden[39m=[32m"true"[39m
                [33mheight[39m=[32m"6"[39m
                [33mviewBox[39m=[32m"0 0 6 6"[39m
                [33mwidth[39m=[32m"6"[39m
              [36m>[39m
                [36m<path[39m
                  [33md[39m=[32m"M1 1L5 5M5 1L1 5"[39m
                  [33mstroke[39m=[32m"rgba(0,0,0,0.4)"[39m
                  [33mstroke-linecap[39m=[32m"round"[39m
                  [33mstroke-width[39m=[32m"1.2"[39m
                [36m/>[39m
              [36m</svg>[39m
            [36m</button>[39m
            [36m<div[39m
              [33maria-hidden[39m=[32m"true"[39m
              [33mclass[39m=[32m"w-3 h-3 rounded-full bg-[#FFBD2E] 
flex-shrink-0"[39m
            [36m/>[39m
            [36m<div[39m
              [33maria-hidden[39m=[32m"true"[39m
              [33mclass[39m=[32m"w-3 h-3 rounded-full bg-[#28C840] 
flex-shrink-0"[39m
            [36m/>[39m
          [36m</div>[39m
        [36m</div>[39m
        [36m<div[39m
          [33mclass[39m=[32m"h-px bg-surface-border"[39m
        [36m/>[39m
      [36m</div>[39m
      [36m<div[39m
        [33mclass[39m=[32m"px-4 pt-1 pb-0 flex items-center"[39m
      [36m>[39m
        [36m<div[39m
          [33mclass[39m=[32m"relative"[39m
        [36m>[39m
          [36m<button[39m
            [33maria-expanded[39m=[32m"false"[39m
            [33maria-label[39m=[32m"Select voice"[39m
            [33mclass[39m=[32m"flex items-center gap-1 text-white/40 
hover:text-white/70 transition-opacity duration-150 text-xs px-1 py-0.5 
rounded cursor-pointer"[39m
          [36m>[39m
            [36m<span[39m
              [33mclass[39m=[32m"truncate max-w-[120px]"[39m
            [36m/>[39m
            [36m<svg[39m
              [33maria-hidden[39m=[32m"true"[39m
              [33mfill[39m=[32m"none"[39m
              [33mheight[39m=[32m"12"[39m
              [33mstroke[39m=[32m"currentColor"[39m
              [33mstroke-linecap[39m=[32m"round"[39m
              [33mstroke-linejoin[39m=[32m"round"[39m
              [33mstroke-width[39m=[32m"2"[39m
              [33mviewBox[39m=[32m"0 0 24 24"[39m
              [33mwidth[39m=[32m"12"[39m
            [36m>[39m
              [36m<polyline[39m
                [33mpoints[39m=[32m"6 9 12 15 18 9"[39m
              [36m/>[39m
            [36m</svg>[39m
          [36m</button>[39m
        [36m</div>[39m
      [36m</div>[39m
      [36m<div[39m
        [33mclass[39m=[32m"chat-messages-scroll px-3 py-3 flex flex-col 
gap-3 flex-1 min-h-0 overflow-y-auto"[39m
      [36m>[39m
        [36m<div[39m
          [33mclass[39m=[32m"flex w-full justify-end"[39m
        [36m>[39m
          [36m<div[39m
            [33mclass[39m=[32m"flex flex-col max-w-[80%]"[39m
          [36m>[39m
            [36m<div[39m
              [33mclass[39m=[32m"chat-bubble chat-bubble-user relative px-4 
py-2.5 text-sm leading-relaxed select-text rounded-lg rounded-br-sm"[39m
            [36m>[39m
              [36m<span[39m
                [33mclass[39m=[32m"text-white/95 font-medium 
whitespace-pre-wrap"[39m
              [36m>[39m
                [36m<span>[39m
                  [0mq[0m
                [36m</span>[39m
              [36m</span>[39m
            [36m</div>[39m
            [36m<div[39m
              [33mclass[39m=[32m"h-6 flex items-center px-1"[39m
            [36m>[39m
              [36m<div[39m
                [33mclass[39m=[32m"flex w-full justify-end"[39m
              [36m>[39m
                [36m<button[39m
                  [33maria-label[39m=[32m"Copy message"[39m
                  [33mclass[39m=[32m"transition-opacity duration-150 
text-white/40 hover:text-white/70 p-0.5 rounded cursor-pointer"[39m
                [36m>[39m
                  [36m<span[39m
                    [33mclass[39m=[32m"flex"[39m
                  [36m>[39m
                    [36m<svg[39m
                      [33maria-hidden[39m=[32m"true"[39m
                      [33mfill[39m=[32m"none"[39m
                      [33mheight[39m=[32m"14"[39m
                      [33mstroke[39m=[32m"currentColor"[39m
                      [33mstroke-linecap[39m=[32m"round"[39m
                      [33mstroke-linejoin[39m=[32m"round"[39m
                      [33mstroke-width[39m=[32m"2"[39m
                      [33mviewBox[39m=[32m"0 0 24 24"[39m
                      [33mwidth[39m=[32m"14"[39m
                    [36m>[39m
                      [36m<rect[39m
                        [33mheight[39m=[32m"13"[39m
                        [33mrx[39m=[32m"2"[39m
                        [33mry[39m=[32m"2"[39m
                        [33mwidth[39m=[32m"13"[39m
                        [33mx[39m=[32m"9"[39m
                        [33my[39m=[32m"9"[39m
                      [36m/>[39m
                      [36m<path[39m
                        [33md[39m=[32m"M5 15H4a2 2 0 0 1-2-2V4a2 2 0 0 1 
2-2h9a2 2 0 0 1 2 2v1"[39m
                      [36m/>[39m
                    [36m</svg>[39m
                  [36m</span>[39m
                [36m</button>[39m
              [36m</div>[39m
            [36m</div>[39m
          [36m</div>[39m
        [36m</div>[39m
        [36m<div[39m
          [33mclass[39m=[32m"flex w-full justify-start py-1"[39m
        [36m>[39m
          [36m<div[39m
            [33maria-label[39m=[32m"AI is thinking"[39m
            [33mclass[39m=[32m"grid gap-[3px]"[39m
            [33mrole[39m=[32m"status"[39m
            [33mstyle[39m=[32m"grid-template-columns: repeat(3, 3px);"[39m
          [36m>[39m
            [36m<div[39m
              [33mclass[39m=[32m"w-[3px] h-[3px] rounded-full 
transition-colors duration-[100ms] bg-white/[0.18]"[39m
            [36m/>[39m
            [36m<div[39m
              [33mclass[39m=[32m"w-[3px] h-[3px] rounded-full 
transition-colors duration-[100ms] bg-white/[0.18]"[39m
            [36m/>[39m
            [36m<div[39m
              [33mclass[39m=[32m"w-[3px] h-[3px] rounded-full 
transition-colors duration-[100ms] bg-primary"[39m
            [36m/>[39m
            [36m<div[39m
              [33mclass[39m=[32m"w-[3px] h-[3px] rounded-full 
transition-colors duration-[100ms] bg-white/[0.18]"[39m
            [36m/>[39m
            [36m<div[39m
              [33mclass[39m=[32m"w-[3px] h-[3px] rounded-full 
transition-colors duration-[100ms] bg-white/[0.18]"[39m
            [36m/>[39m
            [36m<div[39m
              [33mclass[39m=[32m"w-[3px] h-[3px] rounded-full 
transition-colors duration-[100ms] bg-white/[0.18]"[39m
            [36m/>[39m
            [36m<div[39m
              [33mclass[39m=[32m"w-[3px] h-[3px] rounded-full 
transition-colors duration-[100ms] bg-white/[0.18]"[39m
            [36m/>[39m
            [36m<div[39m
              [33mclass[39m=[32m"w-[3px] h-[3px] rounded-full 
transition-colors duration-[100ms] bg-white/[0.18]"[39m
            [36m/>[39m
            [36m<div[39m
              [33mclass[39m=[32m"w-[3px] h-[3px] rounded-full 
transition-colors duration-[100ms] bg-white/[0.18]"[39m
            [36m/>[39m
          [36m</div>[39m
        [36m</div>[39m
      [36m</div>[39m
      [36m<div[39m
        [33mclass[39m=[32m"h-px shrink-0 bg-surface-border 
origin-center"[39m
      [36m/>[39m
    [36m</div>[39m
  [36m</div>[39m
[36m</body>[39m
[90m [2mΓ¥»[22m Object.getElementError 
node_modules/@testing-library/dom/dist/config.js:[2m37:19[22m[39m
[90m [2mΓ¥»[22m 
node_modules/@testing-library/dom/dist/query-helpers.js:[2m76:38[22m[39m
[90m [2mΓ¥»[22m 
node_modules/@testing-library/dom/dist/query-helpers.js:[2m52:17[22m[39m
[90m [2mΓ¥»[22m 
node_modules/@testing-library/dom/dist/query-helpers.js:[2m95:19[22m[39m
[36m [2mΓ¥»[22m 
src/view/__tests__/ConversationView.test.tsx:[2m647:21[22m[39m
    [90m645|[39m         [33m/[39m[33m>[39m[33m,[39m
    [90m646|[39m       )[33m;[39m
    [90m647|[39m       [34mexpect[39m(screen[33m.[39m[34mgetByTestId[39
m([32m'loading-label'[39m)[33m.[39mtextContent)[33m.[39m[34mtoBe[39m(
    [90m   |[39m                     [31m^[39m
    [90m648|[39m         [32m'Refining search (2/3)'[39m[33m,[39m
    [90m649|[39m       )[33m;[39m

[31m[2mΓÄ»ΓÄ»ΓÄ»ΓÄ»ΓÄ»ΓÄ»ΓÄ»ΓÄ»ΓÄ»ΓÄ»ΓÄ»ΓÄ»ΓÄ»ΓÄ»ΓÄ»ΓÄ»ΓÄ»ΓÄ»ΓÄ»ΓÄ»ΓÄ»[88/105
]ΓÄ»[22m[39m

[41m[1m FAIL [22m[49m src/view/__tests__/ConversationView.test.tsx[2m > 
[22mConversationView[2m > [22msearch integration[2m > [22mrenders 
reading_sources with gap label in gap round
[31m[1mTestingLibraryElementError[22m[39m: Unable to find an element by: 
[data-testid="loading-label"]

Ignored nodes: comments, script, style
[36m<body>[39m
  [36m<div>[39m
    [36m<div[39m
      [33mclass[39m=[32m"chat-area flex-1 min-h-0 flex flex-col"[39m
    [36m>[39m
      [36m<div[39m
        [33mclass[39m=[32m"shrink-0"[39m
      [36m>[39m
        [36m<div[39m
          [33mclass[39m=[32m"flex items-center h-8 px-2 gap-1"[39m
        [36m>[39m
          [36m<div[39m
            [33mclass[39m=[32m"flex items-center gap-1.5 mr-1.5"[39m
          [36m>[39m
            [36m<button[39m
              [33maria-label[39m=[32m"Close window"[39m
              [33mclass[39m=[32m"w-3 h-3 rounded-full bg-[#FF5F57] flex 
items-center justify-center flex-shrink-0 hover:brightness-110 transition-all 
cursor-pointer"[39m
              [33mtype[39m=[32m"button"[39m
            [36m>[39m
              [36m<svg[39m
                [33maria-hidden[39m=[32m"true"[39m
                [33mheight[39m=[32m"6"[39m
                [33mviewBox[39m=[32m"0 0 6 6"[39m
                [33mwidth[39m=[32m"6"[39m
              [36m>[39m
                [36m<path[39m
                  [33md[39m=[32m"M1 1L5 5M5 1L1 5"[39m
                  [33mstroke[39m=[32m"rgba(0,0,0,0.4)"[39m
                  [33mstroke-linecap[39m=[32m"round"[39m
                  [33mstroke-width[39m=[32m"1.2"[39m
                [36m/>[39m
              [36m</svg>[39m
            [36m</button>[39m
            [36m<div[39m
              [33maria-hidden[39m=[32m"true"[39m
              [33mclass[39m=[32m"w-3 h-3 rounded-full bg-[#FFBD2E] 
flex-shrink-0"[39m
            [36m/>[39m
            [36m<div[39m
              [33maria-hidden[39m=[32m"true"[39m
              [33mclass[39m=[32m"w-3 h-3 rounded-full bg-[#28C840] 
flex-shrink-0"[39m
            [36m/>[39m
          [36m</div>[39m
        [36m</div>[39m
        [36m<div[39m
          [33mclass[39m=[32m"h-px bg-surface-border"[39m
        [36m/>[39m
      [36m</div>[39m
      [36m<div[39m
        [33mclass[39m=[32m"px-4 pt-1 pb-0 flex items-center"[39m
      [36m>[39m
        [36m<div[39m
          [33mclass[39m=[32m"relative"[39m
        [36m>[39m
          [36m<button[39m
            [33maria-expanded[39m=[32m"false"[39m
            [33maria-label[39m=[32m"Select voice"[39m
            [33mclass[39m=[32m"flex items-center gap-1 text-white/40 
hover:text-white/70 transition-opacity duration-150 text-xs px-1 py-0.5 
rounded cursor-pointer"[39m
          [36m>[39m
            [36m<span[39m
              [33mclass[39m=[32m"truncate max-w-[120px]"[39m
            [36m/>[39m
            [36m<svg[39m
              [33maria-hidden[39m=[32m"true"[39m
              [33mfill[39m=[32m"none"[39m
              [33mheight[39m=[32m"12"[39m
              [33mstroke[39m=[32m"currentColor"[39m
              [33mstroke-linecap[39m=[32m"round"[39m
              [33mstroke-linejoin[39m=[32m"round"[39m
              [33mstroke-width[39m=[32m"2"[39m
              [33mviewBox[39m=[32m"0 0 24 24"[39m
              [33mwidth[39m=[32m"12"[39m
            [36m>[39m
              [36m<polyline[39m
                [33mpoints[39m=[32m"6 9 12 15 18 9"[39m
              [36m/>[39m
            [36m</svg>[39m
          [36m</button>[39m
        [36m</div>[39m
      [36m</div>[39m
      [36m<div[39m
        [33mclass[39m=[32m"chat-messages-scroll px-3 py-3 flex flex-col 
gap-3 flex-1 min-h-0 overflow-y-auto"[39m
      [36m>[39m
        [36m<div[39m
          [33mclass[39m=[32m"flex w-full justify-end"[39m
        [36m>[39m
          [36m<div[39m
            [33mclass[39m=[32m"flex flex-col max-w-[80%]"[39m
          [36m>[39m
            [36m<div[39m
              [33mclass[39m=[32m"chat-bubble chat-bubble-user relative px-4 
py-2.5 text-sm leading-relaxed select-text rounded-lg rounded-br-sm"[39m
            [36m>[39m
              [36m<span[39m
                [33mclass[39m=[32m"text-white/95 font-medium 
whitespace-pre-wrap"[39m
              [36m>[39m
                [36m<span>[39m
                  [0mq[0m
                [36m</span>[39m
              [36m</span>[39m
            [36m</div>[39m
            [36m<div[39m
              [33mclass[39m=[32m"h-6 flex items-center px-1"[39m
            [36m>[39m
              [36m<div[39m
                [33mclass[39m=[32m"flex w-full justify-end"[39m
              [36m>[39m
                [36m<button[39m
                  [33maria-label[39m=[32m"Copy message"[39m
                  [33mclass[39m=[32m"transition-opacity duration-150 
text-white/40 hover:text-white/70 p-0.5 rounded cursor-pointer"[39m
                [36m>[39m
                  [36m<span[39m
                    [33mclass[39m=[32m"flex"[39m
                  [36m>[39m
                    [36m<svg[39m
                      [33maria-hidden[39m=[32m"true"[39m
                      [33mfill[39m=[32m"none"[39m
                      [33mheight[39m=[32m"14"[39m
                      [33mstroke[39m=[32m"currentColor"[39m
                      [33mstroke-linecap[39m=[32m"round"[39m
                      [33mstroke-linejoin[39m=[32m"round"[39m
                      [33mstroke-width[39m=[32m"2"[39m
                      [33mviewBox[39m=[32m"0 0 24 24"[39m
                      [33mwidth[39m=[32m"14"[39m
                    [36m>[39m
                      [36m<rect[39m
                        [33mheight[39m=[32m"13"[39m
                        [33mrx[39m=[32m"2"[39m
                        [33mry[39m=[32m"2"[39m
                        [33mwidth[39m=[32m"13"[39m
                        [33mx[39m=[32m"9"[39m
                        [33my[39m=[32m"9"[39m
                      [36m/>[39m
                      [36m<path[39m
                        [33md[39m=[32m"M5 15H4a2 2 0 0 1-2-2V4a2 2 0 0 1 
2-2h9a2 2 0 0 1 2 2v1"[39m
                      [36m/>[39m
                    [36m</svg>[39m
                  [36m</span>[39m
                [36m</button>[39m
              [36m</div>[39m
            [36m</div>[39m
          [36m</div>[39m
        [36m</div>[39m
        [36m<div[39m
          [33mclass[39m=[32m"flex w-full justify-start py-1"[39m
        [36m>[39m
          [36m<div[39m
            [33maria-label[39m=[32m"AI is thinking"[39m
            [33mclass[39m=[32m"grid gap-[3px]"[39m
            [33mrole[39m=[32m"status"[39m
            [33mstyle[39m=[32m"grid-template-columns: repeat(3, 3px);"[39m
          [36m>[39m
            [36m<div[39m
              [33mclass[39m=[32m"w-[3px] h-[3px] rounded-full 
transition-colors duration-[100ms] bg-white/[0.18]"[39m
            [36m/>[39m
            [36m<div[39m
              [33mclass[39m=[32m"w-[3px] h-[3px] rounded-full 
transition-colors duration-[100ms] bg-white/[0.18]"[39m
            [36m/>[39m
            [36m<div[39m
              [33mclass[39m=[32m"w-[3px] h-[3px] rounded-full 
transition-colors duration-[100ms] bg-primary"[39m
            [36m/>[39m
            [36m<div[39m
              [33mclass[39m=[32m"w-[3px] h-[3px] rounded-full 
transition-colors duration-[100ms] bg-white/[0.18]"[39m
            [36m/>[39m
            [36m<div[39m
              [33mclass[39m=[32m"w-[3px] h-[3px] rounded-full 
transition-colors duration-[100ms] bg-white/[0.18]"[39m
            [36m/>[39m
            [36m<div[39m
              [33mclass[39m=[32m"w-[3px] h-[3px] rounded-full 
transition-colors duration-[100ms] bg-white/[0.18]"[39m
            [36m/>[39m
            [36m<div[39m
              [33mclass[39m=[32m"w-[3px] h-[3px] rounded-full 
transition-colors duration-[100ms] bg-white/[0.18]"[39m
            [36m/>[39m
            [36m<div[39m
              [33mclass[39m=[32m"w-[3px] h-[3px] rounded-full 
transition-colors duration-[100ms] bg-white/[0.18]"[39m
            [36m/>[39m
            [36m<div[39m
              [33mclass[39m=[32m"w-[3px] h-[3px] rounded-full 
transition-colors duration-[100ms] bg-white/[0.18]"[39m
            [36m/>[39m
          [36m</div>[39m
        [36m</div>[39m
      [36m</div>[39m
      [36m<div[39m
        [33mclass[39m=[32m"h-px shrink-0 bg-surface-border 
origin-center"[39m
      [36m/>[39m
    [36m</div>[39m
  [36m</div>[39m
[36m</body>[39m
[90m [2mΓ¥»[22m Object.getElementError 
node_modules/@testing-library/dom/dist/config.js:[2m37:19[22m[39m
[90m [2mΓ¥»[22m 
node_modules/@testing-library/dom/dist/query-helpers.js:[2m76:38[22m[39m
[90m [2mΓ¥»[22m 
node_modules/@testing-library/dom/dist/query-helpers.js:[2m52:17[22m[39m
[90m [2mΓ¥»[22m 
node_modules/@testing-library/dom/dist/query-helpers.js:[2m95:19[22m[39m
[36m [2mΓ¥»[22m 
src/view/__tests__/ConversationView.test.tsx:[2m682:21[22m[39m
    [90m680|[39m         [33m/[39m[33m>[39m[33m,[39m
    [90m681|[39m       )[33m;[39m
    [90m682|[39m       [34mexpect[39m(screen[33m.[39m[34mgetByTestId[39
m([32m'loading-label'[39m)[33m.[39mtextContent)[33m.[39m[34mtoBe[39m(
    [90m   |[39m                     [31m^[39m
    [90m683|[39m         [32m'Reading additional pages'[39m[33m,[39m
    [90m684|[39m       )[33m;[39m

[31m[2mΓÄ»ΓÄ»ΓÄ»ΓÄ»ΓÄ»ΓÄ»ΓÄ»ΓÄ»ΓÄ»ΓÄ»ΓÄ»ΓÄ»ΓÄ»ΓÄ»ΓÄ»ΓÄ»ΓÄ»ΓÄ»ΓÄ»ΓÄ»ΓÄ»[89/105
]ΓÄ»[22m[39m

[41m[1m FAIL [22m[49m src/view/__tests__/ConversationView.test.tsx[2m > 
[22mConversationView[2m > [22msearch integration[2m > [22mrenders 
composing with gap label in gap round
[31m[1mTestingLibraryElementError[22m[39m: Unable to find an element by: 
[data-testid="loading-label"]

Ignored nodes: comments, script, style
[36m<body>[39m
  [36m<div>[39m
    [36m<div[39m
      [33mclass[39m=[32m"chat-area flex-1 min-h-0 flex flex-col"[39m
    [36m>[39m
      [36m<div[39m
        [33mclass[39m=[32m"shrink-0"[39m
      [36m>[39m
        [36m<div[39m
          [33mclass[39m=[32m"flex items-center h-8 px-2 gap-1"[39m
        [36m>[39m
          [36m<div[39m
            [33mclass[39m=[32m"flex items-center gap-1.5 mr-1.5"[39m
          [36m>[39m
            [36m<button[39m
              [33maria-label[39m=[32m"Close window"[39m
              [33mclass[39m=[32m"w-3 h-3 rounded-full bg-[#FF5F57] flex 
items-center justify-center flex-shrink-0 hover:brightness-110 transition-all 
cursor-pointer"[39m
              [33mtype[39m=[32m"button"[39m
            [36m>[39m
              [36m<svg[39m
                [33maria-hidden[39m=[32m"true"[39m
                [33mheight[39m=[32m"6"[39m
                [33mviewBox[39m=[32m"0 0 6 6"[39m
                [33mwidth[39m=[32m"6"[39m
              [36m>[39m
                [36m<path[39m
                  [33md[39m=[32m"M1 1L5 5M5 1L1 5"[39m
                  [33mstroke[39m=[32m"rgba(0,0,0,0.4)"[39m
                  [33mstroke-linecap[39m=[32m"round"[39m
                  [33mstroke-width[39m=[32m"1.2"[39m
                [36m/>[39m
              [36m</svg>[39m
            [36m</button>[39m
            [36m<div[39m
              [33maria-hidden[39m=[32m"true"[39m
              [33mclass[39m=[32m"w-3 h-3 rounded-full bg-[#FFBD2E] 
flex-shrink-0"[39m
            [36m/>[39m
            [36m<div[39m
              [33maria-hidden[39m=[32m"true"[39m
              [33mclass[39m=[32m"w-3 h-3 rounded-full bg-[#28C840] 
flex-shrink-0"[39m
            [36m/>[39m
          [36m</div>[39m
        [36m</div>[39m
        [36m<div[39m
          [33mclass[39m=[32m"h-px bg-surface-border"[39m
        [36m/>[39m
      [36m</div>[39m
      [36m<div[39m
        [33mclass[39m=[32m"px-4 pt-1 pb-0 flex items-center"[39m
      [36m>[39m
        [36m<div[39m
          [33mclass[39m=[32m"relative"[39m
        [36m>[39m
          [36m<button[39m
            [33maria-expanded[39m=[32m"false"[39m
            [33maria-label[39m=[32m"Select voice"[39m
            [33mclass[39m=[32m"flex items-center gap-1 text-white/40 
hover:text-white/70 transition-opacity duration-150 text-xs px-1 py-0.5 
rounded cursor-pointer"[39m
          [36m>[39m
            [36m<span[39m
              [33mclass[39m=[32m"truncate max-w-[120px]"[39m
            [36m/>[39m
            [36m<svg[39m
              [33maria-hidden[39m=[32m"true"[39m
              [33mfill[39m=[32m"none"[39m
              [33mheight[39m=[32m"12"[39m
              [33mstroke[39m=[32m"currentColor"[39m
              [33mstroke-linecap[39m=[32m"round"[39m
              [33mstroke-linejoin[39m=[32m"round"[39m
              [33mstroke-width[39m=[32m"2"[39m
              [33mviewBox[39m=[32m"0 0 24 24"[39m
              [33mwidth[39m=[32m"12"[39m
            [36m>[39m
              [36m<polyline[39m
                [33mpoints[39m=[32m"6 9 12 15 18 9"[39m
              [36m/>[39m
            [36m</svg>[39m
          [36m</button>[39m
        [36m</div>[39m
      [36m</div>[39m
      [36m<div[39m
        [33mclass[39m=[32m"chat-messages-scroll px-3 py-3 flex flex-col 
gap-3 flex-1 min-h-0 overflow-y-auto"[39m
      [36m>[39m
        [36m<div[39m
          [33mclass[39m=[32m"flex w-full justify-end"[39m
        [36m>[39m
          [36m<div[39m
            [33mclass[39m=[32m"flex flex-col max-w-[80%]"[39m
          [36m>[39m
            [36m<div[39m
              [33mclass[39m=[32m"chat-bubble chat-bubble-user relative px-4 
py-2.5 text-sm leading-relaxed select-text rounded-lg rounded-br-sm"[39m
            [36m>[39m
              [36m<span[39m
                [33mclass[39m=[32m"text-white/95 font-medium 
whitespace-pre-wrap"[39m
              [36m>[39m
                [36m<span>[39m
                  [0mq[0m
                [36m</span>[39m
              [36m</span>[39m
            [36m</div>[39m
            [36m<div[39m
              [33mclass[39m=[32m"h-6 flex items-center px-1"[39m
            [36m>[39m
              [36m<div[39m
                [33mclass[39m=[32m"flex w-full justify-end"[39m
              [36m>[39m
                [36m<button[39m
                  [33maria-label[39m=[32m"Copy message"[39m
                  [33mclass[39m=[32m"transition-opacity duration-150 
text-white/40 hover:text-white/70 p-0.5 rounded cursor-pointer"[39m
                [36m>[39m
                  [36m<span[39m
                    [33mclass[39m=[32m"flex"[39m
                  [36m>[39m
                    [36m<svg[39m
                      [33maria-hidden[39m=[32m"true"[39m
                      [33mfill[39m=[32m"none"[39m
                      [33mheight[39m=[32m"14"[39m
                      [33mstroke[39m=[32m"currentColor"[39m
                      [33mstroke-linecap[39m=[32m"round"[39m
                      [33mstroke-linejoin[39m=[32m"round"[39m
                      [33mstroke-width[39m=[32m"2"[39m
                      [33mviewBox[39m=[32m"0 0 24 24"[39m
                      [33mwidth[39m=[32m"14"[39m
                    [36m>[39m
                      [36m<rect[39m
                        [33mheight[39m=[32m"13"[39m
                        [33mrx[39m=[32m"2"[39m
                        [33mry[39m=[32m"2"[39m
                        [33mwidth[39m=[32m"13"[39m
                        [33mx[39m=[32m"9"[39m
                        [33my[39m=[32m"9"[39m
                      [36m/>[39m
                      [36m<path[39m
                        [33md[39m=[32m"M5 15H4a2 2 0 0 1-2-2V4a2 2 0 0 1 
2-2h9a2 2 0 0 1 2 2v1"[39m
                      [36m/>[39m
                    [36m</svg>[39m
                  [36m</span>[39m
                [36m</button>[39m
              [36m</div>[39m
            [36m</div>[39m
          [36m</div>[39m
        [36m</div>[39m
        [36m<div[39m
          [33mclass[39m=[32m"flex w-full justify-start py-1"[39m
        [36m>[39m
          [36m<div[39m
            [33maria-label[39m=[32m"AI is thinking"[39m
            [33mclass[39m=[32m"grid gap-[3px]"[39m
            [33mrole[39m=[32m"status"[39m
            [33mstyle[39m=[32m"grid-template-columns: repeat(3, 3px);"[39m
          [36m>[39m
            [36m<div[39m
              [33mclass[39m=[32m"w-[3px] h-[3px] rounded-full 
transition-colors duration-[100ms] bg-white/[0.18]"[39m
            [36m/>[39m
            [36m<div[39m
              [33mclass[39m=[32m"w-[3px] h-[3px] rounded-full 
transition-colors duration-[100ms] bg-white/[0.18]"[39m
            [36m/>[39m
            [36m<div[39m
              [33mclass[39m=[32m"w-[3px] h-[3px] rounded-full 
transition-colors duration-[100ms] bg-primary"[39m
            [36m/>[39m
            [36m<div[39m
              [33mclass[39m=[32m"w-[3px] h-[3px] rounded-full 
transition-colors duration-[100ms] bg-white/[0.18]"[39m
            [36m/>[39m
            [36m<div[39m
              [33mclass[39m=[32m"w-[3px] h-[3px] rounded-full 
transition-colors duration-[100ms] bg-white/[0.18]"[39m
            [36m/>[39m
            [36m<div[39m
              [33mclass[39m=[32m"w-[3px] h-[3px] rounded-full 
transition-colors duration-[100ms] bg-white/[0.18]"[39m
            [36m/>[39m
            [36m<div[39m
              [33mclass[39m=[32m"w-[3px] h-[3px] rounded-full 
transition-colors duration-[100ms] bg-white/[0.18]"[39m
            [36m/>[39m
            [36m<div[39m
              [33mclass[39m=[32m"w-[3px] h-[3px] rounded-full 
transition-colors duration-[100ms] bg-white/[0.18]"[39m
            [36m/>[39m
            [36m<div[39m
              [33mclass[39m=[32m"w-[3px] h-[3px] rounded-full 
transition-colors duration-[100ms] bg-white/[0.18]"[39m
            [36m/>[39m
          [36m</div>[39m
        [36m</div>[39m
      [36m</div>[39m
      [36m<div[39m
        [33mclass[39m=[32m"h-px shrink-0 bg-surface-border 
origin-center"[39m
      [36m/>[39m
    [36m</div>[39m
  [36m</div>[39m
[36m</body>[39m
[90m [2mΓ¥»[22m Object.getElementError 
node_modules/@testing-library/dom/dist/config.js:[2m37:19[22m[39m
[90m [2mΓ¥»[22m 
node_modules/@testing-library/dom/dist/query-helpers.js:[2m76:38[22m[39m
[90m [2mΓ¥»[22m 
node_modules/@testing-library/dom/dist/query-helpers.js:[2m52:17[22m[39m
[90m [2mΓ¥»[22m 
node_modules/@testing-library/dom/dist/query-helpers.js:[2m95:19[22m[39m
[36m [2mΓ¥»[22m 
src/view/__tests__/ConversationView.test.tsx:[2m699:21[22m[39m
    [90m697|[39m         [33m/[39m[33m>[39m[33m,[39m
    [90m698|[39m       )[33m;[39m
    [90m699|[39m       [34mexpect[39m(screen[33m.[39m[34mgetByTestId[39
m([32m'loading-label'[39m)[33m.[39mtextContent)[33m.[39m[34mtoBe[39m(
    [90m   |[39m                     [31m^[39m
    [90m700|[39m         [32m'Composing refined answer'[39m[33m,[39m
    [90m701|[39m       )[33m;[39m

[31m[2mΓÄ»ΓÄ»ΓÄ»ΓÄ»ΓÄ»ΓÄ»ΓÄ»ΓÄ»ΓÄ»ΓÄ»ΓÄ»ΓÄ»ΓÄ»ΓÄ»ΓÄ»ΓÄ»ΓÄ»ΓÄ»ΓÄ»ΓÄ»ΓÄ»[90/105
]ΓÄ»[22m[39m

[41m[1m FAIL [22m[49m src/view/__tests__/ConversationView.test.tsx[2m > 
[22mConversationView[2m > [22msearch integration[2m > [22mrenders the 
loading label as "Searching more angles" when searching with gap
[31m[1mTestingLibraryElementError[22m[39m: Unable to find an element by: 
[data-testid="loading-label"]

Ignored nodes: comments, script, style
[36m<body>[39m
  [36m<div>[39m
    [36m<div[39m
      [33mclass[39m=[32m"chat-area flex-1 min-h-0 flex flex-col"[39m
    [36m>[39m
      [36m<div[39m
        [33mclass[39m=[32m"shrink-0"[39m
      [36m>[39m
        [36m<div[39m
          [33mclass[39m=[32m"flex items-center h-8 px-2 gap-1"[39m
        [36m>[39m
          [36m<div[39m
            [33mclass[39m=[32m"flex items-center gap-1.5 mr-1.5"[39m
          [36m>[39m
            [36m<button[39m
              [33maria-label[39m=[32m"Close window"[39m
              [33mclass[39m=[32m"w-3 h-3 rounded-full bg-[#FF5F57] flex 
items-center justify-center flex-shrink-0 hover:brightness-110 transition-all 
cursor-pointer"[39m
              [33mtype[39m=[32m"button"[39m
            [36m>[39m
              [36m<svg[39m
                [33maria-hidden[39m=[32m"true"[39m
                [33mheight[39m=[32m"6"[39m
                [33mviewBox[39m=[32m"0 0 6 6"[39m
                [33mwidth[39m=[32m"6"[39m
              [36m>[39m
                [36m<path[39m
                  [33md[39m=[32m"M1 1L5 5M5 1L1 5"[39m
                  [33mstroke[39m=[32m"rgba(0,0,0,0.4)"[39m
                  [33mstroke-linecap[39m=[32m"round"[39m
                  [33mstroke-width[39m=[32m"1.2"[39m
                [36m/>[39m
              [36m</svg>[39m
            [36m</button>[39m
            [36m<div[39m
              [33maria-hidden[39m=[32m"true"[39m
              [33mclass[39m=[32m"w-3 h-3 rounded-full bg-[#FFBD2E] 
flex-shrink-0"[39m
            [36m/>[39m
            [36m<div[39m
              [33maria-hidden[39m=[32m"true"[39m
              [33mclass[39m=[32m"w-3 h-3 rounded-full bg-[#28C840] 
flex-shrink-0"[39m
            [36m/>[39m
          [36m</div>[39m
        [36m</div>[39m
        [36m<div[39m
          [33mclass[39m=[32m"h-px bg-surface-border"[39m
        [36m/>[39m
      [36m</div>[39m
      [36m<div[39m
        [33mclass[39m=[32m"px-4 pt-1 pb-0 flex items-center"[39m
      [36m>[39m
        [36m<div[39m
          [33mclass[39m=[32m"relative"[39m
        [36m>[39m
          [36m<button[39m
            [33maria-expanded[39m=[32m"false"[39m
            [33maria-label[39m=[32m"Select voice"[39m
            [33mclass[39m=[32m"flex items-center gap-1 text-white/40 
hover:text-white/70 transition-opacity duration-150 text-xs px-1 py-0.5 
rounded cursor-pointer"[39m
          [36m>[39m
            [36m<span[39m
              [33mclass[39m=[32m"truncate max-w-[120px]"[39m
            [36m/>[39m
            [36m<svg[39m
              [33maria-hidden[39m=[32m"true"[39m
              [33mfill[39m=[32m"none"[39m
              [33mheight[39m=[32m"12"[39m
              [33mstroke[39m=[32m"currentColor"[39m
              [33mstroke-linecap[39m=[32m"round"[39m
              [33mstroke-linejoin[39m=[32m"round"[39m
              [33mstroke-width[39m=[32m"2"[39m
              [33mviewBox[39m=[32m"0 0 24 24"[39m
              [33mwidth[39m=[32m"12"[39m
            [36m>[39m
              [36m<polyline[39m
                [33mpoints[39m=[32m"6 9 12 15 18 9"[39m
              [36m/>[39m
            [36m</svg>[39m
          [36m</button>[39m
        [36m</div>[39m
      [36m</div>[39m
      [36m<div[39m
        [33mclass[39m=[32m"chat-messages-scroll px-3 py-3 flex flex-col 
gap-3 flex-1 min-h-0 overflow-y-auto"[39m
      [36m>[39m
        [36m<div[39m
          [33mclass[39m=[32m"flex w-full justify-end"[39m
        [36m>[39m
          [36m<div[39m
            [33mclass[39m=[32m"flex flex-col max-w-[80%]"[39m
          [36m>[39m
            [36m<div[39m
              [33mclass[39m=[32m"chat-bubble chat-bubble-user relative px-4 
py-2.5 text-sm leading-relaxed select-text rounded-lg rounded-br-sm"[39m
            [36m>[39m
              [36m<span[39m
                [33mclass[39m=[32m"text-white/95 font-medium 
whitespace-pre-wrap"[39m
              [36m>[39m
                [36m<span>[39m
                  [0mq[0m
                [36m</span>[39m
              [36m</span>[39m
            [36m</div>[39m
            [36m<div[39m
              [33mclass[39m=[32m"h-6 flex items-center px-1"[39m
            [36m>[39m
              [36m<div[39m
                [33mclass[39m=[32m"flex w-full justify-end"[39m
              [36m>[39m
                [36m<button[39m
                  [33maria-label[39m=[32m"Copy message"[39m
                  [33mclass[39m=[32m"transition-opacity duration-150 
text-white/40 hover:text-white/70 p-0.5 rounded cursor-pointer"[39m
                [36m>[39m
                  [36m<span[39m
                    [33mclass[39m=[32m"flex"[39m
                  [36m>[39m
                    [36m<svg[39m
                      [33maria-hidden[39m=[32m"true"[39m
                      [33mfill[39m=[32m"none"[39m
                      [33mheight[39m=[32m"14"[39m
                      [33mstroke[39m=[32m"currentColor"[39m
                      [33mstroke-linecap[39m=[32m"round"[39m
                      [33mstroke-linejoin[39m=[32m"round"[39m
                      [33mstroke-width[39m=[32m"2"[39m
                      [33mviewBox[39m=[32m"0 0 24 24"[39m
                      [33mwidth[39m=[32m"14"[39m
                    [36m>[39m
                      [36m<rect[39m
                        [33mheight[39m=[32m"13"[39m
                        [33mrx[39m=[32m"2"[39m
                        [33mry[39m=[32m"2"[39m
                        [33mwidth[39m=[32m"13"[39m
                        [33mx[39m=[32m"9"[39m
                        [33my[39m=[32m"9"[39m
                      [36m/>[39m
                      [36m<path[39m
                        [33md[39m=[32m"M5 15H4a2 2 0 0 1-2-2V4a2 2 0 0 1 
2-2h9a2 2 0 0 1 2 2v1"[39m
                      [36m/>[39m
                    [36m</svg>[39m
                  [36m</span>[39m
                [36m</button>[39m
              [36m</div>[39m
            [36m</div>[39m
          [36m</div>[39m
        [36m</div>[39m
        [36m<div[39m
          [33mclass[39m=[32m"flex w-full justify-start py-1"[39m
        [36m>[39m
          [36m<div[39m
            [33maria-label[39m=[32m"AI is thinking"[39m
            [33mclass[39m=[32m"grid gap-[3px]"[39m
            [33mrole[39m=[32m"status"[39m
            [33mstyle[39m=[32m"grid-template-columns: repeat(3, 3px);"[39m
          [36m>[39m
            [36m<div[39m
              [33mclass[39m=[32m"w-[3px] h-[3px] rounded-full 
transition-colors duration-[100ms] bg-white/[0.18]"[39m
            [36m/>[39m
            [36m<div[39m
              [33mclass[39m=[32m"w-[3px] h-[3px] rounded-full 
transition-colors duration-[100ms] bg-white/[0.18]"[39m
            [36m/>[39m
            [36m<div[39m
              [33mclass[39m=[32m"w-[3px] h-[3px] rounded-full 
transition-colors duration-[100ms] bg-primary"[39m
            [36m/>[39m
            [36m<div[39m
              [33mclass[39m=[32m"w-[3px] h-[3px] rounded-full 
transition-colors duration-[100ms] bg-white/[0.18]"[39m
            [36m/>[39m
            [36m<div[39m
              [33mclass[39m=[32m"w-[3px] h-[3px] rounded-full 
transition-colors duration-[100ms] bg-white/[0.18]"[39m
            [36m/>[39m
            [36m<div[39m
              [33mclass[39m=[32m"w-[3px] h-[3px] rounded-full 
transition-colors duration-[100ms] bg-white/[0.18]"[39m
            [36m/>[39m
            [36m<div[39m
              [33mclass[39m=[32m"w-[3px] h-[3px] rounded-full 
transition-colors duration-[100ms] bg-white/[0.18]"[39m
            [36m/>[39m
            [36m<div[39m
              [33mclass[39m=[32m"w-[3px] h-[3px] rounded-full 
transition-colors duration-[100ms] bg-white/[0.18]"[39m
            [36m/>[39m
            [36m<div[39m
              [33mclass[39m=[32m"w-[3px] h-[3px] rounded-full 
transition-colors duration-[100ms] bg-white/[0.18]"[39m
            [36m/>[39m
          [36m</div>[39m
        [36m</div>[39m
      [36m</div>[39m
      [36m<div[39m
        [33mclass[39m=[32m"h-px shrink-0 bg-surface-border 
origin-center"[39m
      [36m/>[39m
    [36m</div>[39m
  [36m</div>[39m
[36m</body>[39m
[90m [2mΓ¥»[22m Object.getElementError 
node_modules/@testing-library/dom/dist/config.js:[2m37:19[22m[39m
[90m [2mΓ¥»[22m 
node_modules/@testing-library/dom/dist/query-helpers.js:[2m76:38[22m[39m
[90m [2mΓ¥»[22m 
node_modules/@testing-library/dom/dist/query-helpers.js:[2m52:17[22m[39m
[90m [2mΓ¥»[22m 
node_modules/@testing-library/dom/dist/query-helpers.js:[2m95:19[22m[39m
[36m [2mΓ¥»[22m 
src/view/__tests__/ConversationView.test.tsx:[2m716:21[22m[39m
    [90m714|[39m         [33m/[39m[33m>[39m[33m,[39m
    [90m715|[39m       )[33m;[39m
    [90m716|[39m       [34mexpect[39m(screen[33m.[39m[34mgetByTestId[39
m([32m'loading-label'[39m)[33m.[39mtextContent)[33m.[39m[34mtoBe[39m(
    [90m   |[39m                     [31m^[39m
    [90m717|[39m         [32m'Searching more angles'[39m[33m,[39m
    [90m718|[39m       )[33m;[39m

[31m[2mΓÄ»ΓÄ»ΓÄ»ΓÄ»ΓÄ»ΓÄ»ΓÄ»ΓÄ»ΓÄ»ΓÄ»ΓÄ»ΓÄ»ΓÄ»ΓÄ»ΓÄ»ΓÄ»ΓÄ»ΓÄ»ΓÄ»ΓÄ»ΓÄ»[91/105
]ΓÄ»[22m[39m

[41m[1m FAIL [22m[49m src/view/__tests__/ConversationView.test.tsx[2m > 
[22mConversationView[2m > [22msearch integration[2m > [22mrenders 
reading_sources without gap label in initial round
[31m[1mTestingLibraryElementError[22m[39m: Unable to find an element by: 
[data-testid="loading-label"]

Ignored nodes: comments, script, style
[36m<body>[39m
  [36m<div>[39m
    [36m<div[39m
      [33mclass[39m=[32m"chat-area flex-1 min-h-0 flex flex-col"[39m
    [36m>[39m
      [36m<div[39m
        [33mclass[39m=[32m"shrink-0"[39m
      [36m>[39m
        [36m<div[39m
          [33mclass[39m=[32m"flex items-center h-8 px-2 gap-1"[39m
        [36m>[39m
          [36m<div[39m
            [33mclass[39m=[32m"flex items-center gap-1.5 mr-1.5"[39m
          [36m>[39m
            [36m<button[39m
              [33maria-label[39m=[32m"Close window"[39m
              [33mclass[39m=[32m"w-3 h-3 rounded-full bg-[#FF5F57] flex 
items-center justify-center flex-shrink-0 hover:brightness-110 transition-all 
cursor-pointer"[39m
              [33mtype[39m=[32m"button"[39m
            [36m>[39m
              [36m<svg[39m
                [33maria-hidden[39m=[32m"true"[39m
                [33mheight[39m=[32m"6"[39m
                [33mviewBox[39m=[32m"0 0 6 6"[39m
                [33mwidth[39m=[32m"6"[39m
              [36m>[39m
                [36m<path[39m
                  [33md[39m=[32m"M1 1L5 5M5 1L1 5"[39m
                  [33mstroke[39m=[32m"rgba(0,0,0,0.4)"[39m
                  [33mstroke-linecap[39m=[32m"round"[39m
                  [33mstroke-width[39m=[32m"1.2"[39m
                [36m/>[39m
              [36m</svg>[39m
            [36m</button>[39m
            [36m<div[39m
              [33maria-hidden[39m=[32m"true"[39m
              [33mclass[39m=[32m"w-3 h-3 rounded-full bg-[#FFBD2E] 
flex-shrink-0"[39m
            [36m/>[39m
            [36m<div[39m
              [33maria-hidden[39m=[32m"true"[39m
              [33mclass[39m=[32m"w-3 h-3 rounded-full bg-[#28C840] 
flex-shrink-0"[39m
            [36m/>[39m
          [36m</div>[39m
        [36m</div>[39m
        [36m<div[39m
          [33mclass[39m=[32m"h-px bg-surface-border"[39m
        [36m/>[39m
      [36m</div>[39m
      [36m<div[39m
        [33mclass[39m=[32m"px-4 pt-1 pb-0 flex items-center"[39m
      [36m>[39m
        [36m<div[39m
          [33mclass[39m=[32m"relative"[39m
        [36m>[39m
          [36m<button[39m
            [33maria-expanded[39m=[32m"false"[39m
            [33maria-label[39m=[32m"Select voice"[39m
            [33mclass[39m=[32m"flex items-center gap-1 text-white/40 
hover:text-white/70 transition-opacity duration-150 text-xs px-1 py-0.5 
rounded cursor-pointer"[39m
          [36m>[39m
            [36m<span[39m
              [33mclass[39m=[32m"truncate max-w-[120px]"[39m
            [36m/>[39m
            [36m<svg[39m
              [33maria-hidden[39m=[32m"true"[39m
              [33mfill[39m=[32m"none"[39m
              [33mheight[39m=[32m"12"[39m
              [33mstroke[39m=[32m"currentColor"[39m
              [33mstroke-linecap[39m=[32m"round"[39m
              [33mstroke-linejoin[39m=[32m"round"[39m
              [33mstroke-width[39m=[32m"2"[39m
              [33mviewBox[39m=[32m"0 0 24 24"[39m
              [33mwidth[39m=[32m"12"[39m
            [36m>[39m
              [36m<polyline[39m
                [33mpoints[39m=[32m"6 9 12 15 18 9"[39m
              [36m/>[39m
            [36m</svg>[39m
          [36m</button>[39m
        [36m</div>[39m
      [36m</div>[39m
      [36m<div[39m
        [33mclass[39m=[32m"chat-messages-scroll px-3 py-3 flex flex-col 
gap-3 flex-1 min-h-0 overflow-y-auto"[39m
      [36m>[39m
        [36m<div[39m
          [33mclass[39m=[32m"flex w-full justify-end"[39m
        [36m>[39m
          [36m<div[39m
            [33mclass[39m=[32m"flex flex-col max-w-[80%]"[39m
          [36m>[39m
            [36m<div[39m
              [33mclass[39m=[32m"chat-bubble chat-bubble-user relative px-4 
py-2.5 text-sm leading-relaxed select-text rounded-lg rounded-br-sm"[39m
            [36m>[39m
              [36m<span[39m
                [33mclass[39m=[32m"text-white/95 font-medium 
whitespace-pre-wrap"[39m
              [36m>[39m
                [36m<span>[39m
                  [0mq[0m
                [36m</span>[39m
              [36m</span>[39m
            [36m</div>[39m
            [36m<div[39m
              [33mclass[39m=[32m"h-6 flex items-center px-1"[39m
            [36m>[39m
              [36m<div[39m
                [33mclass[39m=[32m"flex w-full justify-end"[39m
              [36m>[39m
                [36m<button[39m
                  [33maria-label[39m=[32m"Copy message"[39m
                  [33mclass[39m=[32m"transition-opacity duration-150 
text-white/40 hover:text-white/70 p-0.5 rounded cursor-pointer"[39m
                [36m>[39m
                  [36m<span[39m
                    [33mclass[39m=[32m"flex"[39m
                  [36m>[39m
                    [36m<svg[39m
                      [33maria-hidden[39m=[32m"true"[39m
                      [33mfill[39m=[32m"none"[39m
                      [33mheight[39m=[32m"14"[39m
                      [33mstroke[39m=[32m"currentColor"[39m
                      [33mstroke-linecap[39m=[32m"round"[39m
                      [33mstroke-linejoin[39m=[32m"round"[39m
                      [33mstroke-width[39m=[32m"2"[39m
                      [33mviewBox[39m=[32m"0 0 24 24"[39m
                      [33mwidth[39m=[32m"14"[39m
                    [36m>[39m
                      [36m<rect[39m
                        [33mheight[39m=[32m"13"[39m
                        [33mrx[39m=[32m"2"[39m
                        [33mry[39m=[32m"2"[39m
                        [33mwidth[39m=[32m"13"[39m
                        [33mx[39m=[32m"9"[39m
                        [33my[39m=[32m"9"[39m
                      [36m/>[39m
                      [36m<path[39m
                        [33md[39m=[32m"M5 15H4a2 2 0 0 1-2-2V4a2 2 0 0 1 
2-2h9a2 2 0 0 1 2 2v1"[39m
                      [36m/>[39m
                    [36m</svg>[39m
                  [36m</span>[39m
                [36m</button>[39m
              [36m</div>[39m
            [36m</div>[39m
          [36m</div>[39m
        [36m</div>[39m
        [36m<div[39m
          [33mclass[39m=[32m"flex w-full justify-start py-1"[39m
        [36m>[39m
          [36m<div[39m
            [33maria-label[39m=[32m"AI is thinking"[39m
            [33mclass[39m=[32m"grid gap-[3px]"[39m
            [33mrole[39m=[32m"status"[39m
            [33mstyle[39m=[32m"grid-template-columns: repeat(3, 3px);"[39m
          [36m>[39m
            [36m<div[39m
              [33mclass[39m=[32m"w-[3px] h-[3px] rounded-full 
transition-colors duration-[100ms] bg-white/[0.18]"[39m
            [36m/>[39m
            [36m<div[39m
              [33mclass[39m=[32m"w-[3px] h-[3px] rounded-full 
transition-colors duration-[100ms] bg-white/[0.18]"[39m
            [36m/>[39m
            [36m<div[39m
              [33mclass[39m=[32m"w-[3px] h-[3px] rounded-full 
transition-colors duration-[100ms] bg-primary"[39m
            [36m/>[39m
            [36m<div[39m
              [33mclass[39m=[32m"w-[3px] h-[3px] rounded-full 
transition-colors duration-[100ms] bg-white/[0.18]"[39m
            [36m/>[39m
            [36m<div[39m
              [33mclass[39m=[32m"w-[3px] h-[3px] rounded-full 
transition-colors duration-[100ms] bg-white/[0.18]"[39m
            [36m/>[39m
            [36m<div[39m
              [33mclass[39m=[32m"w-[3px] h-[3px] rounded-full 
transition-colors duration-[100ms] bg-white/[0.18]"[39m
            [36m/>[39m
            [36m<div[39m
              [33mclass[39m=[32m"w-[3px] h-[3px] rounded-full 
transition-colors duration-[100ms] bg-white/[0.18]"[39m
            [36m/>[39m
            [36m<div[39m
              [33mclass[39m=[32m"w-[3px] h-[3px] rounded-full 
transition-colors duration-[100ms] bg-white/[0.18]"[39m
            [36m/>[39m
            [36m<div[39m
              [33mclass[39m=[32m"w-[3px] h-[3px] rounded-full 
transition-colors duration-[100ms] bg-white/[0.18]"[39m
            [36m/>[39m
          [36m</div>[39m
        [36m</div>[39m
      [36m</div>[39m
      [36m<div[39m
        [33mclass[39m=[32m"h-px shrink-0 bg-surface-border 
origin-center"[39m
      [36m/>[39m
    [36m</div>[39m
  [36m</div>[39m
[36m</body>[39m
[90m [2mΓ¥»[22m Object.getElementError 
node_modules/@testing-library/dom/dist/config.js:[2m37:19[22m[39m
[90m [2mΓ¥»[22m 
node_modules/@testing-library/dom/dist/query-helpers.js:[2m76:38[22m[39m
[90m [2mΓ¥»[22m 
node_modules/@testing-library/dom/dist/query-helpers.js:[2m52:17[22m[39m
[90m [2mΓ¥»[22m 
node_modules/@testing-library/dom/dist/query-helpers.js:[2m95:19[22m[39m
[36m [2mΓ¥»[22m 
src/view/__tests__/ConversationView.test.tsx:[2m733:21[22m[39m
    [90m731|[39m         [33m/[39m[33m>[39m[33m,[39m
    [90m732|[39m       )[33m;[39m
    [90m733|[39m       [34mexpect[39m(screen[33m.[39m[34mgetByTestId[39
m([32m'loading-label'[39m)[33m.[39mtextContent)[33m.[39m[34mtoBe[39m(
    [90m   |[39m                     [31m^[39m
    [90m734|[39m         [32m'Reading sources'[39m[33m,[39m
    [90m735|[39m       )[33m;[39m

[31m[2mΓÄ»ΓÄ»ΓÄ»ΓÄ»ΓÄ»ΓÄ»ΓÄ»ΓÄ»ΓÄ»ΓÄ»ΓÄ»ΓÄ»ΓÄ»ΓÄ»ΓÄ»ΓÄ»ΓÄ»ΓÄ»ΓÄ»ΓÄ»ΓÄ»[92/105
]ΓÄ»[22m[39m

[41m[1m FAIL [22m[49m src/view/__tests__/ConversationView.test.tsx[2m > 
[22mConversationView[2m > [22msearch integration[2m > [22mrenders 
composing without gap label in initial round
[31m[1mTestingLibraryElementError[22m[39m: Unable to find an element by: 
[data-testid="loading-label"]

Ignored nodes: comments, script, style
[36m<body>[39m
  [36m<div>[39m
    [36m<div[39m
      [33mclass[39m=[32m"chat-area flex-1 min-h-0 flex flex-col"[39m
    [36m>[39m
      [36m<div[39m
        [33mclass[39m=[32m"shrink-0"[39m
      [36m>[39m
        [36m<div[39m
          [33mclass[39m=[32m"flex items-center h-8 px-2 gap-1"[39m
        [36m>[39m
          [36m<div[39m
            [33mclass[39m=[32m"flex items-center gap-1.5 mr-1.5"[39m
          [36m>[39m
            [36m<button[39m
              [33maria-label[39m=[32m"Close window"[39m
              [33mclass[39m=[32m"w-3 h-3 rounded-full bg-[#FF5F57] flex 
items-center justify-center flex-shrink-0 hover:brightness-110 transition-all 
cursor-pointer"[39m
              [33mtype[39m=[32m"button"[39m
            [36m>[39m
              [36m<svg[39m
                [33maria-hidden[39m=[32m"true"[39m
                [33mheight[39m=[32m"6"[39m
                [33mviewBox[39m=[32m"0 0 6 6"[39m
                [33mwidth[39m=[32m"6"[39m
              [36m>[39m
                [36m<path[39m
                  [33md[39m=[32m"M1 1L5 5M5 1L1 5"[39m
                  [33mstroke[39m=[32m"rgba(0,0,0,0.4)"[39m
                  [33mstroke-linecap[39m=[32m"round"[39m
                  [33mstroke-width[39m=[32m"1.2"[39m
                [36m/>[39m
              [36m</svg>[39m
            [36m</button>[39m
            [36m<div[39m
              [33maria-hidden[39m=[32m"true"[39m
              [33mclass[39m=[32m"w-3 h-3 rounded-full bg-[#FFBD2E] 
flex-shrink-0"[39m
            [36m/>[39m
            [36m<div[39m
              [33maria-hidden[39m=[32m"true"[39m
              [33mclass[39m=[32m"w-3 h-3 rounded-full bg-[#28C840] 
flex-shrink-0"[39m
            [36m/>[39m
          [36m</div>[39m
        [36m</div>[39m
        [36m<div[39m
          [33mclass[39m=[32m"h-px bg-surface-border"[39m
        [36m/>[39m
      [36m</div>[39m
      [36m<div[39m
        [33mclass[39m=[32m"px-4 pt-1 pb-0 flex items-center"[39m
      [36m>[39m
        [36m<div[39m
          [33mclass[39m=[32m"relative"[39m
        [36m>[39m
          [36m<button[39m
            [33maria-expanded[39m=[32m"false"[39m
            [33maria-label[39m=[32m"Select voice"[39m
            [33mclass[39m=[32m"flex items-center gap-1 text-white/40 
hover:text-white/70 transition-opacity duration-150 text-xs px-1 py-0.5 
rounded cursor-pointer"[39m
          [36m>[39m
            [36m<span[39m
              [33mclass[39m=[32m"truncate max-w-[120px]"[39m
            [36m/>[39m
            [36m<svg[39m
              [33maria-hidden[39m=[32m"true"[39m
              [33mfill[39m=[32m"none"[39m
              [33mheight[39m=[32m"12"[39m
              [33mstroke[39m=[32m"currentColor"[39m
              [33mstroke-linecap[39m=[32m"round"[39m
              [33mstroke-linejoin[39m=[32m"round"[39m
              [33mstroke-width[39m=[32m"2"[39m
              [33mviewBox[39m=[32m"0 0 24 24"[39m
              [33mwidth[39m=[32m"12"[39m
            [36m>[39m
              [36m<polyline[39m
                [33mpoints[39m=[32m"6 9 12 15 18 9"[39m
              [36m/>[39m
            [36m</svg>[39m
          [36m</button>[39m
        [36m</div>[39m
      [36m</div>[39m
      [36m<div[39m
        [33mclass[39m=[32m"chat-messages-scroll px-3 py-3 flex flex-col 
gap-3 flex-1 min-h-0 overflow-y-auto"[39m
      [36m>[39m
        [36m<div[39m
          [33mclass[39m=[32m"flex w-full justify-end"[39m
        [36m>[39m
          [36m<div[39m
            [33mclass[39m=[32m"flex flex-col max-w-[80%]"[39m
          [36m>[39m
            [36m<div[39m
              [33mclass[39m=[32m"chat-bubble chat-bubble-user relative px-4 
py-2.5 text-sm leading-relaxed select-text rounded-lg rounded-br-sm"[39m
            [36m>[39m
              [36m<span[39m
                [33mclass[39m=[32m"text-white/95 font-medium 
whitespace-pre-wrap"[39m
              [36m>[39m
                [36m<span>[39m
                  [0mq[0m
                [36m</span>[39m
              [36m</span>[39m
            [36m</div>[39m
            [36m<div[39m
              [33mclass[39m=[32m"h-6 flex items-center px-1"[39m
            [36m>[39m
              [36m<div[39m
                [33mclass[39m=[32m"flex w-full justify-end"[39m
              [36m>[39m
                [36m<button[39m
                  [33maria-label[39m=[32m"Copy message"[39m
                  [33mclass[39m=[32m"transition-opacity duration-150 
text-white/40 hover:text-white/70 p-0.5 rounded cursor-pointer"[39m
                [36m>[39m
                  [36m<span[39m
                    [33mclass[39m=[32m"flex"[39m
                  [36m>[39m
                    [36m<svg[39m
                      [33maria-hidden[39m=[32m"true"[39m
                      [33mfill[39m=[32m"none"[39m
                      [33mheight[39m=[32m"14"[39m
                      [33mstroke[39m=[32m"currentColor"[39m
                      [33mstroke-linecap[39m=[32m"round"[39m
                      [33mstroke-linejoin[39m=[32m"round"[39m
                      [33mstroke-width[39m=[32m"2"[39m
                      [33mviewBox[39m=[32m"0 0 24 24"[39m
                      [33mwidth[39m=[32m"14"[39m
                    [36m>[39m
                      [36m<rect[39m
                        [33mheight[39m=[32m"13"[39m
                        [33mrx[39m=[32m"2"[39m
                        [33mry[39m=[32m"2"[39m
                        [33mwidth[39m=[32m"13"[39m
                        [33mx[39m=[32m"9"[39m
                        [33my[39m=[32m"9"[39m
                      [36m/>[39m
                      [36m<path[39m
                        [33md[39m=[32m"M5 15H4a2 2 0 0 1-2-2V4a2 2 0 0 1 
2-2h9a2 2 0 0 1 2 2v1"[39m
                      [36m/>[39m
                    [36m</svg>[39m
                  [36m</span>[39m
                [36m</button>[39m
              [36m</div>[39m
            [36m</div>[39m
          [36m</div>[39m
        [36m</div>[39m
        [36m<div[39m
          [33mclass[39m=[32m"flex w-full justify-start py-1"[39m
        [36m>[39m
          [36m<div[39m
            [33maria-label[39m=[32m"AI is thinking"[39m
            [33mclass[39m=[32m"grid gap-[3px]"[39m
            [33mrole[39m=[32m"status"[39m
            [33mstyle[39m=[32m"grid-template-columns: repeat(3, 3px);"[39m
          [36m>[39m
            [36m<div[39m
              [33mclass[39m=[32m"w-[3px] h-[3px] rounded-full 
transition-colors duration-[100ms] bg-white/[0.18]"[39m
            [36m/>[39m
            [36m<div[39m
              [33mclass[39m=[32m"w-[3px] h-[3px] rounded-full 
transition-colors duration-[100ms] bg-white/[0.18]"[39m
            [36m/>[39m
            [36m<div[39m
              [33mclass[39m=[32m"w-[3px] h-[3px] rounded-full 
transition-colors duration-[100ms] bg-primary"[39m
            [36m/>[39m
            [36m<div[39m
              [33mclass[39m=[32m"w-[3px] h-[3px] rounded-full 
transition-colors duration-[100ms] bg-white/[0.18]"[39m
            [36m/>[39m
            [36m<div[39m
              [33mclass[39m=[32m"w-[3px] h-[3px] rounded-full 
transition-colors duration-[100ms] bg-white/[0.18]"[39m
            [36m/>[39m
            [36m<div[39m
              [33mclass[39m=[32m"w-[3px] h-[3px] rounded-full 
transition-colors duration-[100ms] bg-white/[0.18]"[39m
            [36m/>[39m
            [36m<div[39m
              [33mclass[39m=[32m"w-[3px] h-[3px] rounded-full 
transition-colors duration-[100ms] bg-white/[0.18]"[39m
            [36m/>[39m
            [36m<div[39m
              [33mclass[39m=[32m"w-[3px] h-[3px] rounded-full 
transition-colors duration-[100ms] bg-white/[0.18]"[39m
            [36m/>[39m
            [36m<div[39m
              [33mclass[39m=[32m"w-[3px] h-[3px] rounded-full 
transition-colors duration-[100ms] bg-white/[0.18]"[39m
            [36m/>[39m
          [36m</div>[39m
        [36m</div>[39m
      [36m</div>[39m
      [36m<div[39m
        [33mclass[39m=[32m"h-px shrink-0 bg-surface-border 
origin-center"[39m
      [36m/>[39m
    [36m</div>[39m
  [36m</div>[39m
[36m</body>[39m
[90m [2mΓ¥»[22m Object.getElementError 
node_modules/@testing-library/dom/dist/config.js:[2m37:19[22m[39m
[90m [2mΓ¥»[22m 
node_modules/@testing-library/dom/dist/query-helpers.js:[2m76:38[22m[39m
[90m [2mΓ¥»[22m 
node_modules/@testing-library/dom/dist/query-helpers.js:[2m52:17[22m[39m
[90m [2mΓ¥»[22m 
node_modules/@testing-library/dom/dist/query-helpers.js:[2m95:19[22m[39m
[36m [2mΓ¥»[22m 
src/view/__tests__/ConversationView.test.tsx:[2m750:21[22m[39m
    [90m748|[39m         [33m/[39m[33m>[39m[33m,[39m
    [90m749|[39m       )[33m;[39m
    [90m750|[39m       [34mexpect[39m(screen[33m.[39m[34mgetByTestId[39
m([32m'loading-label'[39m)[33m.[39mtextContent)[33m.[39m[34mtoBe[39m(
    [90m   |[39m                     [31m^[39m
    [90m751|[39m         [32m'Composing answer'[39m[33m,[39m
    [90m752|[39m       )[33m;[39m

[31m[2mΓÄ»ΓÄ»ΓÄ»ΓÄ»ΓÄ»ΓÄ»ΓÄ»ΓÄ»ΓÄ»ΓÄ»ΓÄ»ΓÄ»ΓÄ»ΓÄ»ΓÄ»ΓÄ»ΓÄ»ΓÄ»ΓÄ»ΓÄ»ΓÄ»[93/105
]ΓÄ»[22m[39m

[41m[1m FAIL [22m[49m src/view/__tests__/ConversationView.test.tsx[2m > 
[22mConversationView[2m > [22msearch integration[2m > [22mrenders 
SearchTraceBlock immediately when fromSearch=true during generation (no traces 
yet)
[31m[1mTestingLibraryElementError[22m[39m: Unable to find an element by: 
[data-testid="search-trace-block"]

Ignored nodes: comments, script, style
[36m<body>[39m
  [36m<div>[39m
    [36m<div[39m
      [33mclass[39m=[32m"chat-area flex-1 min-h-0 flex flex-col"[39m
    [36m>[39m
      [36m<div[39m
        [33mclass[39m=[32m"shrink-0"[39m
      [36m>[39m
        [36m<div[39m
          [33mclass[39m=[32m"flex items-center h-8 px-2 gap-1"[39m
        [36m>[39m
          [36m<div[39m
            [33mclass[39m=[32m"flex items-center gap-1.5 mr-1.5"[39m
          [36m>[39m
            [36m<button[39m
              [33maria-label[39m=[32m"Close window"[39m
              [33mclass[39m=[32m"w-3 h-3 rounded-full bg-[#FF5F57] flex 
items-center justify-center flex-shrink-0 hover:brightness-110 transition-all 
cursor-pointer"[39m
              [33mtype[39m=[32m"button"[39m
            [36m>[39m
              [36m<svg[39m
                [33maria-hidden[39m=[32m"true"[39m
                [33mheight[39m=[32m"6"[39m
                [33mviewBox[39m=[32m"0 0 6 6"[39m
                [33mwidth[39m=[32m"6"[39m
              [36m>[39m
                [36m<path[39m
                  [33md[39m=[32m"M1 1L5 5M5 1L1 5"[39m
                  [33mstroke[39m=[32m"rgba(0,0,0,0.4)"[39m
                  [33mstroke-linecap[39m=[32m"round"[39m
                  [33mstroke-width[39m=[32m"1.2"[39m
                [36m/>[39m
              [36m</svg>[39m
            [36m</button>[39m
            [36m<div[39m
              [33maria-hidden[39m=[32m"true"[39m
              [33mclass[39m=[32m"w-3 h-3 rounded-full bg-[#FFBD2E] 
flex-shrink-0"[39m
            [36m/>[39m
            [36m<div[39m
              [33maria-hidden[39m=[32m"true"[39m
              [33mclass[39m=[32m"w-3 h-3 rounded-full bg-[#28C840] 
flex-shrink-0"[39m
            [36m/>[39m
          [36m</div>[39m
        [36m</div>[39m
        [36m<div[39m
          [33mclass[39m=[32m"h-px bg-surface-border"[39m
        [36m/>[39m
      [36m</div>[39m
      [36m<div[39m
        [33mclass[39m=[32m"px-4 pt-1 pb-0 flex items-center"[39m
      [36m>[39m
        [36m<div[39m
          [33mclass[39m=[32m"relative"[39m
        [36m>[39m
          [36m<button[39m
            [33maria-expanded[39m=[32m"false"[39m
            [33maria-label[39m=[32m"Select voice"[39m
            [33mclass[39m=[32m"flex items-center gap-1 text-white/40 
hover:text-white/70 transition-opacity duration-150 text-xs px-1 py-0.5 
rounded cursor-pointer"[39m
          [36m>[39m
            [36m<span[39m
              [33mclass[39m=[32m"truncate max-w-[120px]"[39m
            [36m/>[39m
            [36m<svg[39m
              [33maria-hidden[39m=[32m"true"[39m
              [33mfill[39m=[32m"none"[39m
              [33mheight[39m=[32m"12"[39m
              [33mstroke[39m=[32m"currentColor"[39m
              [33mstroke-linecap[39m=[32m"round"[39m
              [33mstroke-linejoin[39m=[32m"round"[39m
              [33mstroke-width[39m=[32m"2"[39m
              [33mviewBox[39m=[32m"0 0 24 24"[39m
              [33mwidth[39m=[32m"12"[39m
            [36m>[39m
              [36m<polyline[39m
                [33mpoints[39m=[32m"6 9 12 15 18 9"[39m
              [36m/>[39m
            [36m</svg>[39m
          [36m</button>[39m
        [36m</div>[39m
      [36m</div>[39m
      [36m<div[39m
        [33mclass[39m=[32m"chat-messages-scroll px-3 py-3 flex flex-col 
gap-3 flex-1 min-h-0 overflow-y-auto"[39m
      [36m>[39m
        [36m<div[39m
          [33mclass[39m=[32m"flex w-full justify-end"[39m
        [36m>[39m
          [36m<div[39m
            [33mclass[39m=[32m"flex flex-col max-w-[80%]"[39m
          [36m>[39m
            [36m<div[39m
              [33mclass[39m=[32m"chat-bubble chat-bubble-user relative px-4 
py-2.5 text-sm leading-relaxed select-text rounded-lg rounded-br-sm"[39m
            [36m>[39m
              [36m<span[39m
                [33mclass[39m=[32m"text-white/95 font-medium 
whitespace-pre-wrap"[39m
              [36m>[39m
                [36m<span>[39m
                  [0mq[0m
                [36m</span>[39m
              [36m</span>[39m
            [36m</div>[39m
            [36m<div[39m
              [33mclass[39m=[32m"h-6 flex items-center px-1"[39m
            [36m>[39m
              [36m<div[39m
                [33mclass[39m=[32m"flex w-full justify-end"[39m
              [36m>[39m
                [36m<button[39m
                  [33maria-label[39m=[32m"Copy message"[39m
                  [33mclass[39m=[32m"transition-opacity duration-150 
text-white/40 hover:text-white/70 p-0.5 rounded cursor-pointer"[39m
                [36m>[39m
                  [36m<span[39m
                    [33mclass[39m=[32m"flex"[39m
                  [36m>[39m
                    [36m<svg[39m
                      [33maria-hidden[39m=[32m"true"[39m
                      [33mfill[39m=[32m"none"[39m
                      [33mheight[39m=[32m"14"[39m
                      [33mstroke[39m=[32m"currentColor"[39m
                      [33mstroke-linecap[39m=[32m"round"[39m
                      [33mstroke-linejoin[39m=[32m"round"[39m
                      [33mstroke-width[39m=[32m"2"[39m
                      [33mviewBox[39m=[32m"0 0 24 24"[39m
                      [33mwidth[39m=[32m"14"[39m
                    [36m>[39m
                      [36m<rect[39m
                        [33mheight[39m=[32m"13"[39m
                        [33mrx[39m=[32m"2"[39m
                        [33mry[39m=[32m"2"[39m
                        [33mwidth[39m=[32m"13"[39m
                        [33mx[39m=[32m"9"[39m
                        [33my[39m=[32m"9"[39m
                      [36m/>[39m
                      [36m<path[39m
                        [33md[39m=[32m"M5 15H4a2 2 0 0 1-2-2V4a2 2 0 0 1 
2-2h9a2 2 0 0 1 2 2v1"[39m
                      [36m/>[39m
                    [36m</svg>[39m
                  [36m</span>[39m
                [36m</button>[39m
              [36m</div>[39m
            [36m</div>[39m
          [36m</div>[39m
        [36m</div>[39m
        [36m<div[39m
          [33mclass[39m=[32m"flex w-full justify-start py-1"[39m
        [36m>[39m
          [36m<div[39m
            [33maria-label[39m=[32m"AI is thinking"[39m
            [33mclass[39m=[32m"grid gap-[3px]"[39m
            [33mrole[39m=[32m"status"[39m
            [33mstyle[39m=[32m"grid-template-columns: repeat(3, 3px);"[39m
          [36m>[39m
            [36m<div[39m
              [33mclass[39m=[32m"w-[3px] h-[3px] rounded-full 
transition-colors duration-[100ms] bg-white/[0.18]"[39m
            [36m/>[39m
            [36m<div[39m
              [33mclass[39m=[32m"w-[3px] h-[3px] rounded-full 
transition-colors duration-[100ms] bg-white/[0.18]"[39m
            [36m/>[39m
            [36m<div[39m
              [33mclass[39m=[32m"w-[3px] h-[3px] rounded-full 
transition-colors duration-[100ms] bg-primary"[39m
            [36m/>[39m
            [36m<div[39m
              [33mclass[39m=[32m"w-[3px] h-[3px] rounded-full 
transition-colors duration-[100ms] bg-white/[0.18]"[39m
            [36m/>[39m
            [36m<div[39m
              [33mclass[39m=[32m"w-[3px] h-[3px] rounded-full 
transition-colors duration-[100ms] bg-white/[0.18]"[39m
            [36m/>[39m
            [36m<div[39m
              [33mclass[39m=[32m"w-[3px] h-[3px] rounded-full 
transition-colors duration-[100ms] bg-white/[0.18]"[39m
            [36m/>[39m
            [36m<div[39m
              [33mclass[39m=[32m"w-[3px] h-[3px] rounded-full 
transition-colors duration-[100ms] bg-white/[0.18]"[39m
            [36m/>[39m
            [36m<div[39m
              [33mclass[39m=[32m"w-[3px] h-[3px] rounded-full 
transition-colors duration-[100ms] bg-white/[0.18]"[39m
            [36m/>[39m
            [36m<div[39m
              [33mclass[39m=[32m"w-[3px] h-[3px] rounded-full 
transition-colors duration-[100ms] bg-white/[0.18]"[39m
            [36m/>[39m
          [36m</div>[39m
        [36m</div>[39m
      [36m</div>[39m
      [36m<div[39m
        [33mclass[39m=[32m"h-px shrink-0 bg-surface-border 
origin-center"[39m
      [36m/>[39m
    [36m</div>[39m
  [36m</div>[39m
[36m</body>[39m
[90m [2mΓ¥»[22m Object.getElementError 
node_modules/@testing-library/dom/dist/config.js:[2m37:19[22m[39m
[90m [2mΓ¥»[22m 
node_modules/@testing-library/dom/dist/query-helpers.js:[2m76:38[22m[39m
[90m [2mΓ¥»[22m 
node_modules/@testing-library/dom/dist/query-helpers.js:[2m52:17[22m[39m
[90m [2mΓ¥»[22m 
node_modules/@testing-library/dom/dist/query-helpers.js:[2m95:19[22m[39m
[36m [2mΓ¥»[22m 
src/view/__tests__/ConversationView.test.tsx:[2m772:21[22m[39m
    [90m770|[39m         [33m/[39m[33m>[39m[33m,[39m
    [90m771|[39m       )[33m;[39m
    [90m772|[39m       
expect(screen.getByTestId('search-trace-block')).toBeInTheDocumeΓÇª
    [90m   |[39m                     [31m^[39m
    [90m773|[39m       
expect(screen.getByTestId('search-trace-loading')).toBeInTheDocuΓÇª
    [90m774|[39m     })[33m;[39m

[31m[2mΓÄ»ΓÄ»ΓÄ»ΓÄ»ΓÄ»ΓÄ»ΓÄ»ΓÄ»ΓÄ»ΓÄ»ΓÄ»ΓÄ»ΓÄ»ΓÄ»ΓÄ»ΓÄ»ΓÄ»ΓÄ»ΓÄ»ΓÄ»ΓÄ»[94/105
]ΓÄ»[22m[39m

[41m[1m FAIL [22m[49m src/view/__tests__/ConversationView.test.tsx[2m > 
[22mConversationView[2m > [22msearch integration[2m > [22mthreads 
searchTraces from message to SearchTraceBlock
[31m[1mTestingLibraryElementError[22m[39m: Unable to find an element by: 
[data-testid="search-trace-block"]

Ignored nodes: comments, script, style
[36m<body>[39m
  [36m<div>[39m
    [36m<div[39m
      [33mclass[39m=[32m"chat-area flex-1 min-h-0 flex flex-col"[39m
    [36m>[39m
      [36m<div[39m
        [33mclass[39m=[32m"shrink-0"[39m
      [36m>[39m
        [36m<div[39m
          [33mclass[39m=[32m"flex items-center h-8 px-2 gap-1"[39m
        [36m>[39m
          [36m<div[39m
            [33mclass[39m=[32m"flex items-center gap-1.5 mr-1.5"[39m
          [36m>[39m
            [36m<button[39m
              [33maria-label[39m=[32m"Close window"[39m
              [33mclass[39m=[32m"w-3 h-3 rounded-full bg-[#FF5F57] flex 
items-center justify-center flex-shrink-0 hover:brightness-110 transition-all 
cursor-pointer"[39m
              [33mtype[39m=[32m"button"[39m
            [36m>[39m
              [36m<svg[39m
                [33maria-hidden[39m=[32m"true"[39m
                [33mheight[39m=[32m"6"[39m
                [33mviewBox[39m=[32m"0 0 6 6"[39m
                [33mwidth[39m=[32m"6"[39m
              [36m>[39m
                [36m<path[39m
                  [33md[39m=[32m"M1 1L5 5M5 1L1 5"[39m
                  [33mstroke[39m=[32m"rgba(0,0,0,0.4)"[39m
                  [33mstroke-linecap[39m=[32m"round"[39m
                  [33mstroke-width[39m=[32m"1.2"[39m
                [36m/>[39m
              [36m</svg>[39m
            [36m</button>[39m
            [36m<div[39m
              [33maria-hidden[39m=[32m"true"[39m
              [33mclass[39m=[32m"w-3 h-3 rounded-full bg-[#FFBD2E] 
flex-shrink-0"[39m
            [36m/>[39m
            [36m<div[39m
              [33maria-hidden[39m=[32m"true"[39m
              [33mclass[39m=[32m"w-3 h-3 rounded-full bg-[#28C840] 
flex-shrink-0"[39m
            [36m/>[39m
          [36m</div>[39m
        [36m</div>[39m
        [36m<div[39m
          [33mclass[39m=[32m"h-px bg-surface-border"[39m
        [36m/>[39m
      [36m</div>[39m
      [36m<div[39m
        [33mclass[39m=[32m"px-4 pt-1 pb-0 flex items-center"[39m
      [36m>[39m
        [36m<div[39m
          [33mclass[39m=[32m"relative"[39m
        [36m>[39m
          [36m<button[39m
            [33maria-expanded[39m=[32m"false"[39m
            [33maria-label[39m=[32m"Select voice"[39m
            [33mclass[39m=[32m"flex items-center gap-1 text-white/40 
hover:text-white/70 transition-opacity duration-150 text-xs px-1 py-0.5 
rounded cursor-pointer"[39m
          [36m>[39m
            [36m<span[39m
              [33mclass[39m=[32m"truncate max-w-[120px]"[39m
            [36m/>[39m
            [36m<svg[39m
              [33maria-hidden[39m=[32m"true"[39m
              [33mfill[39m=[32m"none"[39m
              [33mheight[39m=[32m"12"[39m
              [33mstroke[39m=[32m"currentColor"[39m
              [33mstroke-linecap[39m=[32m"round"[39m
              [33mstroke-linejoin[39m=[32m"round"[39m
              [33mstroke-width[39m=[32m"2"[39m
              [33mviewBox[39m=[32m"0 0 24 24"[39m
              [33mwidth[39m=[32m"12"[39m
            [36m>[39m
              [36m<polyline[39m
                [33mpoints[39m=[32m"6 9 12 15 18 9"[39m
              [36m/>[39m
            [36m</svg>[39m
          [36m</button>[39m
        [36m</div>[39m
      [36m</div>[39m
      [36m<div[39m
        [33mclass[39m=[32m"chat-messages-scroll px-3 py-3 flex flex-col 
gap-3 flex-1 min-h-0 overflow-y-auto"[39m
      [36m>[39m
        [36m<div[39m
          [33mclass[39m=[32m"flex w-full justify-end"[39m
        [36m>[39m
          [36m<div[39m
            [33mclass[39m=[32m"flex flex-col max-w-[80%]"[39m
          [36m>[39m
            [36m<div[39m
              [33mclass[39m=[32m"chat-bubble chat-bubble-user relative px-4 
py-2.5 text-sm leading-relaxed select-text rounded-lg rounded-br-sm"[39m
            [36m>[39m
              [36m<span[39m
                [33mclass[39m=[32m"text-white/95 font-medium 
whitespace-pre-wrap"[39m
              [36m>[39m
                [36m<span>[39m
                  [0mq[0m
                [36m</span>[39m
              [36m</span>[39m
            [36m</div>[39m
            [36m<div[39m
              [33mclass[39m=[32m"h-6 flex items-center px-1"[39m
            [36m>[39m
              [36m<div[39m
                [33mclass[39m=[32m"flex w-full justify-end"[39m
              [36m>[39m
                [36m<button[39m
                  [33maria-label[39m=[32m"Copy message"[39m
                  [33mclass[39m=[32m"transition-opacity duration-150 
text-white/40 hover:text-white/70 p-0.5 rounded cursor-pointer"[39m
                [36m>[39m
                  [36m<span[39m
                    [33mclass[39m=[32m"flex"[39m
                  [36m>[39m
                    [36m<svg[39m
                      [33maria-hidden[39m=[32m"true"[39m
                      [33mfill[39m=[32m"none"[39m
                      [33mheight[39m=[32m"14"[39m
                      [33mstroke[39m=[32m"currentColor"[39m
                      [33mstroke-linecap[39m=[32m"round"[39m
                      [33mstroke-linejoin[39m=[32m"round"[39m
                      [33mstroke-width[39m=[32m"2"[39m
                      [33mviewBox[39m=[32m"0 0 24 24"[39m
                      [33mwidth[39m=[32m"14"[39m
                    [36m>[39m
                      [36m<rect[39m
                        [33mheight[39m=[32m"13"[39m
                        [33mrx[39m=[32m"2"[39m
                        [33mry[39m=[32m"2"[39m
                        [33mwidth[39m=[32m"13"[39m
                        [33mx[39m=[32m"9"[39m
                        [33my[39m=[32m"9"[39m
                      [36m/>[39m
                      [36m<path[39m
                        [33md[39m=[32m"M5 15H4a2 2 0 0 1-2-2V4a2 2 0 0 1 
2-2h9a2 2 0 0 1 2 2v1"[39m
                      [36m/>[39m
                    [36m</svg>[39m
                  [36m</span>[39m
                [36m</button>[39m
              [36m</div>[39m
            [36m</div>[39m
          [36m</div>[39m
        [36m</div>[39m
        [36m<div[39m
          [33mclass[39m=[32m"flex w-full justify-start py-1"[39m
        [36m>[39m
          [36m<div[39m
            [33maria-label[39m=[32m"AI is thinking"[39m
            [33mclass[39m=[32m"grid gap-[3px]"[39m
            [33mrole[39m=[32m"status"[39m
            [33mstyle[39m=[32m"grid-template-columns: repeat(3, 3px);"[39m
          [36m>[39m
            [36m<div[39m
              [33mclass[39m=[32m"w-[3px] h-[3px] rounded-full 
transition-colors duration-[100ms] bg-white/[0.18]"[39m
            [36m/>[39m
            [36m<div[39m
              [33mclass[39m=[32m"w-[3px] h-[3px] rounded-full 
transition-colors duration-[100ms] bg-white/[0.18]"[39m
            [36m/>[39m
            [36m<div[39m
              [33mclass[39m=[32m"w-[3px] h-[3px] rounded-full 
transition-colors duration-[100ms] bg-primary"[39m
            [36m/>[39m
            [36m<div[39m
              [33mclass[39m=[32m"w-[3px] h-[3px] rounded-full 
transition-colors duration-[100ms] bg-white/[0.18]"[39m
            [36m/>[39m
            [36m<div[39m
              [33mclass[39m=[32m"w-[3px] h-[3px] rounded-full 
transition-colors duration-[100ms] bg-white/[0.18]"[39m
            [36m/>[39m
            [36m<div[39m
              [33mclass[39m=[32m"w-[3px] h-[3px] rounded-full 
transition-colors duration-[100ms] bg-white/[0.18]"[39m
            [36m/>[39m
            [36m<div[39m
              [33mclass[39m=[32m"w-[3px] h-[3px] rounded-full 
transition-colors duration-[100ms] bg-white/[0.18]"[39m
            [36m/>[39m
            [36m<div[39m
              [33mclass[39m=[32m"w-[3px] h-[3px] rounded-full 
transition-colors duration-[100ms] bg-white/[0.18]"[39m
            [36m/>[39m
            [36m<div[39m
              [33mclass[39m=[32m"w-[3px] h-[3px] rounded-full 
transition-colors duration-[100ms] bg-white/[0.18]"[39m
            [36m/>[39m
          [36m</div>[39m
        [36m</div>[39m
      [36m</div>[39m
      [36m<div[39m
        [33mclass[39m=[32m"h-px shrink-0 bg-surface-border 
origin-center"[39m
      [36m/>[39m
    [36m</div>[39m
  [36m</div>[39m
[36m</body>[39m
[90m [2mΓ¥»[22m Object.getElementError 
node_modules/@testing-library/dom/dist/config.js:[2m37:19[22m[39m
[90m [2mΓ¥»[22m 
node_modules/@testing-library/dom/dist/query-helpers.js:[2m76:38[22m[39m
[90m [2mΓ¥»[22m 
node_modules/@testing-library/dom/dist/query-helpers.js:[2m52:17[22m[39m
[90m [2mΓ¥»[22m 
node_modules/@testing-library/dom/dist/query-helpers.js:[2m95:19[22m[39m
[36m [2mΓ¥»[22m 
src/view/__tests__/ConversationView.test.tsx:[2m805:21[22m[39m
    [90m803|[39m       )[33m;[39m
    [90m804|[39m
    [90m805|[39m       
expect(screen.getByTestId('search-trace-block')).toBeInTheDocumeΓÇª
    [90m   |[39m                     [31m^[39m
    [90m806|[39m       [34mexpect[39m(screen[33m.[39m[34mgetByTestId[39
m([32m'loading-label'[39m))[33m.[39m[34mtoHaveTextContent[39m(
    [90m807|[39m         [32m'Reading the shortlisted pages'[39m[33m,[39m

[31m[2mΓÄ»ΓÄ»ΓÄ»ΓÄ»ΓÄ»ΓÄ»ΓÄ»ΓÄ»ΓÄ»ΓÄ»ΓÄ»ΓÄ»ΓÄ»ΓÄ»ΓÄ»ΓÄ»ΓÄ»ΓÄ»ΓÄ»ΓÄ»ΓÄ»[95/105
]ΓÄ»[22m[39m

[41m[1m FAIL [22m[49m src/view/__tests__/ConversationView.test.tsx[2m > 
[22mConversationView[2m > [22msearch integration[2m > [22mhides external 
LoadingStage for search turns (SearchTraceBlock takes over)
[31m[1mTestingLibraryElementError[22m[39m: Unable to find an element by: 
[data-testid="loading-label"]

Ignored nodes: comments, script, style
[36m<body>[39m
  [36m<div>[39m
    [36m<div[39m
      [33mclass[39m=[32m"chat-area flex-1 min-h-0 flex flex-col"[39m
    [36m>[39m
      [36m<div[39m
        [33mclass[39m=[32m"shrink-0"[39m
      [36m>[39m
        [36m<div[39m
          [33mclass[39m=[32m"flex items-center h-8 px-2 gap-1"[39m
        [36m>[39m
          [36m<div[39m
            [33mclass[39m=[32m"flex items-center gap-1.5 mr-1.5"[39m
          [36m>[39m
            [36m<button[39m
              [33maria-label[39m=[32m"Close window"[39m
              [33mclass[39m=[32m"w-3 h-3 rounded-full bg-[#FF5F57] flex 
items-center justify-center flex-shrink-0 hover:brightness-110 transition-all 
cursor-pointer"[39m
              [33mtype[39m=[32m"button"[39m
            [36m>[39m
              [36m<svg[39m
                [33maria-hidden[39m=[32m"true"[39m
                [33mheight[39m=[32m"6"[39m
                [33mviewBox[39m=[32m"0 0 6 6"[39m
                [33mwidth[39m=[32m"6"[39m
              [36m>[39m
                [36m<path[39m
                  [33md[39m=[32m"M1 1L5 5M5 1L1 5"[39m
                  [33mstroke[39m=[32m"rgba(0,0,0,0.4)"[39m
                  [33mstroke-linecap[39m=[32m"round"[39m
                  [33mstroke-width[39m=[32m"1.2"[39m
                [36m/>[39m
              [36m</svg>[39m
            [36m</button>[39m
            [36m<div[39m
              [33maria-hidden[39m=[32m"true"[39m
              [33mclass[39m=[32m"w-3 h-3 rounded-full bg-[#FFBD2E] 
flex-shrink-0"[39m
            [36m/>[39m
            [36m<div[39m
              [33maria-hidden[39m=[32m"true"[39m
              [33mclass[39m=[32m"w-3 h-3 rounded-full bg-[#28C840] 
flex-shrink-0"[39m
            [36m/>[39m
          [36m</div>[39m
        [36m</div>[39m
        [36m<div[39m
          [33mclass[39m=[32m"h-px bg-surface-border"[39m
        [36m/>[39m
      [36m</div>[39m
      [36m<div[39m
        [33mclass[39m=[32m"px-4 pt-1 pb-0 flex items-center"[39m
      [36m>[39m
        [36m<div[39m
          [33mclass[39m=[32m"relative"[39m
        [36m>[39m
          [36m<button[39m
            [33maria-expanded[39m=[32m"false"[39m
            [33maria-label[39m=[32m"Select voice"[39m
            [33mclass[39m=[32m"flex items-center gap-1 text-white/40 
hover:text-white/70 transition-opacity duration-150 text-xs px-1 py-0.5 
rounded cursor-pointer"[39m
          [36m>[39m
            [36m<span[39m
              [33mclass[39m=[32m"truncate max-w-[120px]"[39m
            [36m/>[39m
            [36m<svg[39m
              [33maria-hidden[39m=[32m"true"[39m
              [33mfill[39m=[32m"none"[39m
              [33mheight[39m=[32m"12"[39m
              [33mstroke[39m=[32m"currentColor"[39m
              [33mstroke-linecap[39m=[32m"round"[39m
              [33mstroke-linejoin[39m=[32m"round"[39m
              [33mstroke-width[39m=[32m"2"[39m
              [33mviewBox[39m=[32m"0 0 24 24"[39m
              [33mwidth[39m=[32m"12"[39m
            [36m>[39m
              [36m<polyline[39m
                [33mpoints[39m=[32m"6 9 12 15 18 9"[39m
              [36m/>[39m
            [36m</svg>[39m
          [36m</button>[39m
        [36m</div>[39m
      [36m</div>[39m
      [36m<div[39m
        [33mclass[39m=[32m"chat-messages-scroll px-3 py-3 flex flex-col 
gap-3 flex-1 min-h-0 overflow-y-auto"[39m
      [36m>[39m
        [36m<div[39m
          [33mclass[39m=[32m"flex w-full justify-end"[39m
        [36m>[39m
          [36m<div[39m
            [33mclass[39m=[32m"flex flex-col max-w-[80%]"[39m
          [36m>[39m
            [36m<div[39m
              [33mclass[39m=[32m"chat-bubble chat-bubble-user relative px-4 
py-2.5 text-sm leading-relaxed select-text rounded-lg rounded-br-sm"[39m
            [36m>[39m
              [36m<span[39m
                [33mclass[39m=[32m"text-white/95 font-medium 
whitespace-pre-wrap"[39m
              [36m>[39m
                [36m<span>[39m
                  [0mq[0m
                [36m</span>[39m
              [36m</span>[39m
            [36m</div>[39m
            [36m<div[39m
              [33mclass[39m=[32m"h-6 flex items-center px-1"[39m
            [36m>[39m
              [36m<div[39m
                [33mclass[39m=[32m"flex w-full justify-end"[39m
              [36m>[39m
                [36m<button[39m
                  [33maria-label[39m=[32m"Copy message"[39m
                  [33mclass[39m=[32m"transition-opacity duration-150 
text-white/40 hover:text-white/70 p-0.5 rounded cursor-pointer"[39m
                [36m>[39m
                  [36m<span[39m
                    [33mclass[39m=[32m"flex"[39m
                  [36m>[39m
                    [36m<svg[39m
                      [33maria-hidden[39m=[32m"true"[39m
                      [33mfill[39m=[32m"none"[39m
                      [33mheight[39m=[32m"14"[39m
                      [33mstroke[39m=[32m"currentColor"[39m
                      [33mstroke-linecap[39m=[32m"round"[39m
                      [33mstroke-linejoin[39m=[32m"round"[39m
                      [33mstroke-width[39m=[32m"2"[39m

[2m Test Files [22m [1m[31m23 failed[39m[22m[2m | [22m[1m[32m36 passed[39m[22m[90m (59)[39m
                      [33mviewBox[39m=[32m"0 0 24 24"[39m
                      [33mwidth[39m=[32m"14"[39m
                    [36m>[39m
                      [36m<rect[39m
                        [33mheight[39m=[32m"13"[39m
                        [33mrx[39m=[32m"2"[39m
                        [33mry[39m=[32m"2"[39m
                        [33mwidth[39m=[32m"13"[39m
                        [33mx[39m=[32m"9"[39m
                        [33my[39m=[32m"9"[39m
                      [36m/>[39m
                      [36m<path[39m
                        [33md[39m=[32m"M5 15H4a2 2 0 0 1-2-2V4a2 2 0 0 1 
2-2h9a2 2 0 0 1 2 2v1"[39m
                      [36m/>[39m
                    [36m</svg>[39m
                  [36m</span>[39m
                [36m</button>[39m
              [36m</div>[39m
            [36m</div>[39m
          [36m</div>[39m
        [36m</div>[39m
        [36m<div[39m
          [33mclass[39m=[32m"flex w-full justify-start py-1"[39m
        [36m>[39m
          [36m<div[39m
            [33maria-label[39m=[32m"AI is thinking"[39m
            [33mclass[39m=[32m"grid gap-[3px]"[39m
            [33mrole[39m=[32m"status"[39m
            [33mstyle[39m=[32m"grid-template-columns: repeat(3, 3px);"[39m
          [36m>[39m
            [36m<div[39m
              [33mclass[39m=[32m"w-[3px] h-[3px] rounded-full 
transition-colors duration-[100ms] bg-white/[0.18]"[39m
            [36m/>[39m
            [36m<div[39m
              [33mclass[39m=[32m"w-[3px] h-[3px] rounded-full 
transition-colors duration-[100ms] bg-white/[0.18]"[39m
            [36m/>[39m
            [36m<div[39m
              [33mclass[39m=[32m"w-[3px] h-[3px] rounded-full 
transition-colors duration-[100ms] bg-primary"[39m
            [36m/>[39m
            [36m<div[39m
              [33mclass[39m=[32m"w-[3px] h-[3px] rounded-full 
transition-colors duration-[100ms] bg-white/[0.18]"[39m
            [36m/>[39m
            [36m<div[39m
              [33mclass[39m=[32m"w-[3px] h-[3px] rounded-full 
transition-colors duration-[100ms] bg-white/[0.18]"[39m
            [36m/>[39m
            [36m<div[39m
              [33mclass[39m=[32m"w-[3px] h-[3px] rounded-full 
transition-colors duration-[100ms] bg-white/[0.18]"[39m
            [36m/>[39m
            [36m<div[39m
              [33mclass[39m=[32m"w-[3px] h-[3px] rounded-full 
transition-colors duration-[100ms] bg-white/[0.18]"[39m
            [36m/>[39m
            [36m<div[39m
              [33mclass[39m=[32m"w-[3px] h-[3px] rounded-full 
transition-colors duration-[100ms] bg-white/[0.18]"[39m
            [36m/>[39m
            [36m<div[39m
              [33mclass[39m=[32m"w-[3px] h-[3px] rounded-full 
transition-colors duration-[100ms] bg-white/[0.18]"[39m
            [36m/>[39m
          [36m</div>[39m
        [36m</div>[39m
      [36m</div>[39m
      [36m<div[39m
        [33mclass[39m=[32m"h-px shrink-0 bg-surface-border 
origin-center"[39m
      [36m/>[39m
    [36m</div>[39m
  [36m</div>[39m
[36m</body>[39m
[90m [2mΓ¥»[22m Object.getElementError 
node_modules/@testing-library/dom/dist/config.js:[2m37:19[22m[39m
[90m [2mΓ¥»[22m 
node_modules/@testing-library/dom/dist/query-helpers.js:[2m76:38[22m[39m
[90m [2mΓ¥»[22m 
node_modules/@testing-library/dom/dist/query-helpers.js:[2m109:15[22m[39m
[36m [2mΓ¥»[22m 
src/view/__tests__/ConversationView.test.tsx:[2m838:29[22m[39m
    [90m836|[39m       // External LoadingStage shows "Searching the web"; 
SearchTraceBΓÇª
    [90m837|[39m       // internal label shows "Searching..." - assert the 
external oneΓÇª
    [90m838|[39m       [35mconst[39m labels [33m=[39m 
screen[33m.[39m[34mgetAllByTestId[39m([32m'loading-label'[39m)[33m;[39m
    [90m   |[39m                             [31m^[39m
    [90m839|[39m       expect(labels.every((el) => el.textContent !== 
'Searching the weΓÇª
    [90m840|[39m         [35mtrue[39m[33m,[39m

[31m[2mΓÄ»ΓÄ»ΓÄ»ΓÄ»ΓÄ»ΓÄ»ΓÄ»ΓÄ»ΓÄ»ΓÄ»ΓÄ»ΓÄ»ΓÄ»ΓÄ»ΓÄ»ΓÄ»ΓÄ»ΓÄ»ΓÄ»ΓÄ»ΓÄ»[96/105
]ΓÄ»[22m[39m

[2m      Tests [22m [1m[31m96 failed[39m[22m[2m | [22m[1m[32m770 passed[39m[22m[90m (866)[39m
[2m   Start at [22m 16:52:20
[2m   Duration [22m 68.65s[2m (transform 7.30s, setup 97.33s, import 9.55s, tests 51.36s, environment 224.37s)[22m

error: script "test:all:coverage" exited with code 1
